4.0683 	DEBUG 	Fullscreen settings ignored as running in pilot mode.
4.0687 	INFO 	Loaded monitor calibration from ['2025_04_08 12:36']
4.1985 	EXP 	Created window1 = Window(allowGUI=False, allowStencil=False, autoLog=True, backendConf=UNKNOWN, backgroundFit=<method-wrapper '__getattribute__' of attributeSetter object at 0x0000022EAE58C0A0>, backgroundImage=<method-wrapper '__getattribute__' of attributeSetter object at 0x0000022EAE58C040>, bitsMode=UNKNOWN, blendMode='avg', bpc=(8, 8, 8), color=array([0, 0, 0]), colorSpace='rgb', depthBits=8, fullscr=False, gamma=None, gammaErrorPolicy='raise', infoMsg=UNKNOWN, lms=UNKNOWN, monitor=<psychopy.monitors.calibTools.Monitor object at 0x0000022EAE63D7E0>, multiSample=False, name='window1', numSamples=2, pos=[1520.0, 780.0], screen=0, size=array([800, 600]), stencilBits=0, stereo=False, title='PsychoPy', units='height', useFBO=True, useRetina=False, viewOri=0.0, viewPos=None, viewScale=None, waitBlanking=True, winType='pyglet')
4.1986 	EXP 	window1: backgroundImage = ''
4.1986 	EXP 	window1: backgroundFit = 'none'
4.2025 	DEBUG 	TextBox2 loaded 1 chars with 0 blanks and 1 valid
4.2029 	DEBUG 	TextBox2 loaded 1 chars with 0 blanks and 1 valid
4.2033 	DEBUG 	TextBox2 loaded 1 chars with 0 blanks and 1 valid
4.2039 	DEBUG 	TextBox2 loaded 1 chars with 0 blanks and 1 valid
4.2044 	DEBUG 	TextBox2 loaded 1 chars with 0 blanks and 1 valid
4.2047 	DEBUG 	TextBox2 loaded 1 chars with 0 blanks and 1 valid
4.2051 	DEBUG 	TextBox2 loaded 1 chars with 0 blanks and 1 valid
4.2057 	DEBUG 	TextBox2 loaded 1 chars with 0 blanks and 1 valid
4.2059 	DEBUG 	TextBox2 loaded 1 chars with 0 blanks and 1 valid
4.2061 	DEBUG 	TextBox2 loaded 1 chars with 0 blanks and 1 valid
4.2065 	DEBUG 	TextBox2 loaded 1 chars with 0 blanks and 1 valid
4.2069 	DEBUG 	TextBox2 loaded 1 chars with 0 blanks and 1 valid
4.2073 	DEBUG 	TextBox2 loaded 1 chars with 0 blanks and 1 valid
4.2077 	DEBUG 	TextBox2 loaded 1 chars with 0 blanks and 1 valid
4.2080 	DEBUG 	TextBox2 loaded 1 chars with 0 blanks and 1 valid
4.2085 	DEBUG 	TextBox2 loaded 1 chars with 0 blanks and 1 valid
4.2089 	DEBUG 	TextBox2 loaded 1 chars with 0 blanks and 1 valid
4.2091 	DEBUG 	TextBox2 loaded 1 chars with 0 blanks and 1 valid
4.2094 	DEBUG 	TextBox2 loaded 1 chars with 0 blanks and 1 valid
4.2100 	DEBUG 	TextBox2 loaded 1 chars with 0 blanks and 1 valid
4.2102 	DEBUG 	TextBox2 loaded 1 chars with 0 blanks and 1 valid
4.2104 	DEBUG 	Uploading Texture Font fontname to graphics card
4.2121 	DEBUG 	Upload of Texture Font fontname complete
4.2153 	DEBUG 	TextBox2 loaded 1 chars with 0 blanks and 1 valid
4.2158 	DEBUG 	TextBox2 loaded 1 chars with 0 blanks and 1 valid
4.2163 	DEBUG 	TextBox2 loaded 1 chars with 0 blanks and 1 valid
4.2164 	DEBUG 	Uploading Texture Font fontname to graphics card
4.2171 	DEBUG 	Upload of Texture Font fontname complete
4.2181 	EXP 	window1: Attempting to measure frame rate of screen (0) ...
4.2181 	EXP 	window1: recordFrameIntervals = False
4.3757 	EXP 	window1: recordFrameIntervals = True
4.5592 	EXP 	Screen (0) actual frame rate measured at 59.87Hz
4.5592 	EXP 	window1: recordFrameIntervals = False
4.5622 	DEBUG 	TextBox2 loaded 1 chars with 0 blanks and 1 valid
4.5626 	DEBUG 	TextBox2 loaded 1 chars with 0 blanks and 1 valid
4.5630 	DEBUG 	TextBox2 loaded 1 chars with 0 blanks and 1 valid
4.5636 	DEBUG 	TextBox2 loaded 1 chars with 0 blanks and 1 valid
4.5642 	DEBUG 	TextBox2 loaded 1 chars with 0 blanks and 1 valid
4.5648 	DEBUG 	TextBox2 loaded 1 chars with 0 blanks and 1 valid
4.5651 	DEBUG 	TextBox2 loaded 1 chars with 0 blanks and 1 valid
4.5656 	DEBUG 	TextBox2 loaded 1 chars with 0 blanks and 1 valid
4.5661 	DEBUG 	TextBox2 loaded 1 chars with 0 blanks and 1 valid
4.5666 	DEBUG 	TextBox2 loaded 1 chars with 0 blanks and 1 valid
4.5668 	DEBUG 	Uploading Texture Font fontname to graphics card
4.5671 	DEBUG 	Upload of Texture Font fontname complete
4.9552 	INFO 	keyboard.Keyboard is using ptb backend.
4.9553 	INFO 	keyboard.Keyboard is using ptb backend.
4.9553 	INFO 	keyboard.Keyboard is using ptb backend.
4.9553 	INFO 	keyboard.Keyboard is using ptb backend.
4.9553 	INFO 	keyboard.Keyboard is using ptb backend.
4.9554 	INFO 	keyboard.Keyboard is using ptb backend.
4.9554 	EXP 	scalar-implicatures: status = STARTED
4.9870 	EXP 	Created textWelcome = TextStim(__class__=<class 'psychopy.visual.text.TextStim'>, alignHoriz=method-wrapper(...), alignText='center', alignVert=method-wrapper(...), anchorHoriz='center', anchorVert='center', antialias=True, autoDraw=False, autoLog=True, bold=False, color=array([1., 1., 1.]), colorSpace='rgb', contrast=1.0, depth=0.0, draggable=False, flipHoriz=False, flipVert=False, font='Arial', fontFiles=[], height=0.1, italic=False, languageStyle='LTR', name='textWelcome', opacity=1, ori=0.0, pos=array([0., 0.]), rgb=UNKNOWN, text=str(...), units='norm', win=Window(...), wrapWidth=1.8)
4.9950 	EXP 	Created instructionsSI = TextStim(__class__=<class 'psychopy.visual.text.TextStim'>, alignHoriz=method-wrapper(...), alignText='center', alignVert=method-wrapper(...), anchorHoriz='center', anchorVert='center', antialias=True, autoDraw=False, autoLog=True, bold=False, color=array([1., 1., 1.]), colorSpace='rgb', contrast=1.0, depth=0.0, draggable=False, flipHoriz=False, flipVert=False, font='Arial', fontFiles=[], height=0.1, italic=False, languageStyle='LTR', name='instructionsSI', opacity=1, ori=0.0, pos=array([0., 0.]), rgb=UNKNOWN, text=str(...), units='norm', win=Window(...), wrapWidth=1.8)
4.9975 	EXP 	Created fix_rand = TextStim(__class__=<class 'psychopy.visual.text.TextStim'>, alignHoriz=method-wrapper(...), alignText='center', alignVert=method-wrapper(...), anchorHoriz='center', anchorVert='center', antialias=True, autoDraw=False, autoLog=True, bold=False, color=array([1., 1., 1.]), colorSpace='rgb', contrast=1.0, depth=0.0, draggable=False, flipHoriz=False, flipVert=False, font='Open Sans', fontFiles=[], height=0.1, italic=False, languageStyle='LTR', name='fix_rand', opacity=1, ori=0.0, pos=array([0., 0.]), rgb=UNKNOWN, text='+', units='height', win=Window(...), wrapWidth=1)
4.9978 	EXP 	Created textSI = TextStim(__class__=<class 'psychopy.visual.text.TextStim'>, alignHoriz=method-wrapper(...), alignText='center', alignVert=method-wrapper(...), anchorHoriz='center', anchorVert='center', antialias=True, autoDraw=False, autoLog=True, bold=False, color=array([1., 1., 1.]), colorSpace='rgb', contrast=1.0, depth=-1.0, draggable=False, flipHoriz=False, flipVert=False, font='Arial', fontFiles=[], height=0.05, italic=False, languageStyle='LTR', name='textSI', opacity=1, ori=0.0, pos=array([0., 0.]), rgb=UNKNOWN, text='', units='height', win=Window(...), wrapWidth=1.2)
5.0042 	EXP 	Created instructionsLDT = TextStim(__class__=<class 'psychopy.visual.text.TextStim'>, alignHoriz=method-wrapper(...), alignText='center', alignVert=method-wrapper(...), anchorHoriz='center', anchorVert='center', antialias=True, autoDraw=False, autoLog=True, bold=False, color=array([1., 1., 1.]), colorSpace='rgb', contrast=1.0, depth=0.0, draggable=False, flipHoriz=False, flipVert=False, font='Arial', fontFiles=[], height=0.1, italic=False, languageStyle='LTR', name='instructionsLDT', opacity=1, ori=0.0, pos=array([0., 0.]), rgb=UNKNOWN, text=str(...), units='norm', win=Window(...), wrapWidth=1.8)
5.0051 	EXP 	Created fix_rand = TextStim(__class__=<class 'psychopy.visual.text.TextStim'>, alignHoriz=method-wrapper(...), alignText='center', alignVert=method-wrapper(...), anchorHoriz='center', anchorVert='center', antialias=True, autoDraw=False, autoLog=True, bold=False, color=array([1., 1., 1.]), colorSpace='rgb', contrast=1.0, depth=0.0, draggable=False, flipHoriz=False, flipVert=False, font='Open Sans', fontFiles=[], height=0.1, italic=False, languageStyle='LTR', name='fix_rand', opacity=1, ori=0.0, pos=array([0., 0.]), rgb=UNKNOWN, text='+', units='height', win=Window(...), wrapWidth=1)
5.0055 	EXP 	Created textLDT = TextStim(__class__=<class 'psychopy.visual.text.TextStim'>, alignHoriz=method-wrapper(...), alignText='center', alignVert=method-wrapper(...), anchorHoriz='center', anchorVert='center', antialias=True, autoDraw=False, autoLog=True, bold=False, color=array([1., 1., 1.]), colorSpace='rgb', contrast=1.0, depth=0.0, draggable=False, flipHoriz=False, flipVert=False, font='Arial', fontFiles=[], height=0.05, italic=False, languageStyle='LTR', name='textLDT', opacity=1, ori=0.0, pos=array([0., 0.]), rgb=UNKNOWN, text='', units='height', win=Window(...), wrapWidth=1)
5.0092 	EXP 	Created savingText = TextStim(__class__=<class 'psychopy.visual.text.TextStim'>, alignHoriz=method-wrapper(...), alignText='center', alignVert=method-wrapper(...), anchorHoriz='center', anchorVert='center', antialias=True, autoDraw=False, autoLog=True, bold=False, color=array([1., 1., 1.]), colorSpace='rgb', contrast=1.0, depth=-1.0, draggable=False, flipHoriz=False, flipVert=False, font='Arial', fontFiles=[], height=0.1, italic=False, languageStyle='LTR', name='savingText', opacity=1, ori=0.0, pos=array([0., 0.]), rgb=UNKNOWN, text=str(...), units='norm', win=Window(...), wrapWidth=1.8)
0.0994 	INFO 	Keyboard events cleared
0.0994 	EXP 	textWelcome: autoDraw = True
0.7870 	DATA 	Keypress: space
0.8003 	INFO 	Keyboard events cleared
0.8003 	EXP 	textWelcome: autoDraw = False
0.8003 	EXP 	instructionsSI: autoDraw = True
8.3687 	DATA 	Keypress: escape
8.4512 	EXP 	scalar-implicatures: status = STOPPED
8.4669 	EXP 	instructionsSI: autoDraw = False
8.4683 	EXP 	scalar-implicatures: status = STOPPED
8.4708 	INFO 	saved data to 'C:\\Users\\medej\\Desktop\\EXP Semantics Pragmatics\\data/123_scalar-implicatures_2025-04-08_14h43.04.889.csv'
8.4712 	INFO 	saved data to C:\Users\medej\Desktop\EXP Semantics Pragmatics\data/123_scalar-implicatures_2025-04-08_14h43.04.889.psydat
8.5013 	DEBUG 	Saving data for scalar-implicatures ExperimentHandler
8.5037 	WARNING 	Stopping key buffers but this could be dangerous ifother keyboards rely on the same.
8.5371 	WARNING 	Stopping key buffers but this could be dangerous ifother keyboards rely on the same.
8.5371 	WARNING 	Stopping key buffers but this could be dangerous ifother keyboards rely on the same.
8.5371 	WARNING 	Stopping key buffers but this could be dangerous ifother keyboards rely on the same.
8.5372 	WARNING 	Stopping key buffers but this could be dangerous ifother keyboards rely on the same.
8.5372 	WARNING 	Stopping key buffers but this could be dangerous ifother keyboards rely on the same.
