5.1182 	DEBUG 	Fullscreen settings ignored as running in pilot mode.
5.1186 	INFO 	Loaded monitor calibration from ['2025_04_08 12:36']
5.2479 	EXP 	Created window1 = Window(allowGUI=False, allowStencil=False, autoLog=True, backendConf=UNKNOWN, backgroundFit=<method-wrapper '__getattribute__' of attributeSetter object at 0x000001EBB7228160>, backgroundImage=<method-wrapper '__getattribute__' of attributeSetter object at 0x000001EBB7228100>, bitsMode=UNKNOWN, blendMode='avg', bpc=(8, 8, 8), color=array([0, 0, 0]), colorSpace='rgb', depthBits=8, fullscr=False, gamma=None, gammaErrorPolicy='raise', infoMsg=UNKNOWN, lms=UNKNOWN, monitor=<psychopy.monitors.calibTools.Monitor object at 0x000001EBB72DD8A0>, multiSample=False, name='window1', numSamples=2, pos=[1520.0, 780.0], screen=0, size=array([800, 600]), stencilBits=0, stereo=False, title='PsychoPy', units='height', useFBO=True, useRetina=False, viewOri=0.0, viewPos=None, viewScale=None, waitBlanking=True, winType='pyglet')
5.2479 	EXP 	window1: backgroundImage = ''
5.2479 	EXP 	window1: backgroundFit = 'none'
5.2520 	DEBUG 	TextBox2 loaded 1 chars with 0 blanks and 1 valid
5.2524 	DEBUG 	TextBox2 loaded 1 chars with 0 blanks and 1 valid
5.2528 	DEBUG 	TextBox2 loaded 1 chars with 0 blanks and 1 valid
5.2533 	DEBUG 	TextBox2 loaded 1 chars with 0 blanks and 1 valid
5.2538 	DEBUG 	TextBox2 loaded 1 chars with 0 blanks and 1 valid
5.2541 	DEBUG 	TextBox2 loaded 1 chars with 0 blanks and 1 valid
5.2545 	DEBUG 	TextBox2 loaded 1 chars with 0 blanks and 1 valid
5.2550 	DEBUG 	TextBox2 loaded 1 chars with 0 blanks and 1 valid
5.2552 	DEBUG 	TextBox2 loaded 1 chars with 0 blanks and 1 valid
5.2554 	DEBUG 	TextBox2 loaded 1 chars with 0 blanks and 1 valid
5.2558 	DEBUG 	TextBox2 loaded 1 chars with 0 blanks and 1 valid
5.2562 	DEBUG 	TextBox2 loaded 1 chars with 0 blanks and 1 valid
5.2566 	DEBUG 	TextBox2 loaded 1 chars with 0 blanks and 1 valid
5.2570 	DEBUG 	TextBox2 loaded 1 chars with 0 blanks and 1 valid
5.2573 	DEBUG 	TextBox2 loaded 1 chars with 0 blanks and 1 valid
5.2577 	DEBUG 	TextBox2 loaded 1 chars with 0 blanks and 1 valid
5.2581 	DEBUG 	TextBox2 loaded 1 chars with 0 blanks and 1 valid
5.2583 	DEBUG 	TextBox2 loaded 1 chars with 0 blanks and 1 valid
5.2586 	DEBUG 	TextBox2 loaded 1 chars with 0 blanks and 1 valid
5.2591 	DEBUG 	TextBox2 loaded 1 chars with 0 blanks and 1 valid
5.2594 	DEBUG 	TextBox2 loaded 1 chars with 0 blanks and 1 valid
5.2595 	DEBUG 	Uploading Texture Font fontname to graphics card
5.2611 	DEBUG 	Upload of Texture Font fontname complete
5.2641 	DEBUG 	TextBox2 loaded 1 chars with 0 blanks and 1 valid
5.2646 	DEBUG 	TextBox2 loaded 1 chars with 0 blanks and 1 valid
5.2654 	DEBUG 	TextBox2 loaded 1 chars with 0 blanks and 1 valid
5.2656 	DEBUG 	Uploading Texture Font fontname to graphics card
5.2659 	DEBUG 	Upload of Texture Font fontname complete
5.2672 	EXP 	window1: Attempting to measure frame rate of screen (0) ...
5.2672 	EXP 	window1: recordFrameIntervals = False
5.4316 	EXP 	window1: recordFrameIntervals = True
5.6149 	EXP 	Screen (0) actual frame rate measured at 60.07Hz
5.6149 	EXP 	window1: recordFrameIntervals = False
5.6176 	DEBUG 	TextBox2 loaded 1 chars with 0 blanks and 1 valid
5.6179 	DEBUG 	TextBox2 loaded 1 chars with 0 blanks and 1 valid
5.6183 	DEBUG 	TextBox2 loaded 1 chars with 0 blanks and 1 valid
5.6189 	DEBUG 	TextBox2 loaded 1 chars with 0 blanks and 1 valid
5.6194 	DEBUG 	TextBox2 loaded 1 chars with 0 blanks and 1 valid
5.6199 	DEBUG 	TextBox2 loaded 1 chars with 0 blanks and 1 valid
5.6202 	DEBUG 	TextBox2 loaded 1 chars with 0 blanks and 1 valid
5.6207 	DEBUG 	TextBox2 loaded 1 chars with 0 blanks and 1 valid
5.6212 	DEBUG 	TextBox2 loaded 1 chars with 0 blanks and 1 valid
5.6217 	DEBUG 	TextBox2 loaded 1 chars with 0 blanks and 1 valid
5.6219 	DEBUG 	Uploading Texture Font fontname to graphics card
5.6221 	DEBUG 	Upload of Texture Font fontname complete
6.0124 	INFO 	keyboard.Keyboard is using ptb backend.
6.0125 	INFO 	keyboard.Keyboard is using ptb backend.
6.0125 	INFO 	keyboard.Keyboard is using ptb backend.
6.0126 	INFO 	keyboard.Keyboard is using ptb backend.
6.0126 	INFO 	keyboard.Keyboard is using ptb backend.
6.0126 	INFO 	keyboard.Keyboard is using ptb backend.
6.0126 	EXP 	scalar-implicatures: status = STARTED
6.0448 	EXP 	Created textWelcome = TextStim(__class__=<class 'psychopy.visual.text.TextStim'>, alignHoriz=method-wrapper(...), alignText='center', alignVert=method-wrapper(...), anchorHoriz='center', anchorVert='center', antialias=True, autoDraw=False, autoLog=True, bold=False, color=array([1., 1., 1.]), colorSpace='rgb', contrast=1.0, depth=0.0, draggable=False, flipHoriz=False, flipVert=False, font='Arial', fontFiles=[], height=0.1, italic=False, languageStyle='LTR', name='textWelcome', opacity=1, ori=0.0, pos=array([0., 0.]), rgb=UNKNOWN, text=str(...), units='norm', win=Window(...), wrapWidth=1.8)
6.0522 	EXP 	Created instructionsSI = TextStim(__class__=<class 'psychopy.visual.text.TextStim'>, alignHoriz=method-wrapper(...), alignText='center', alignVert=method-wrapper(...), anchorHoriz='center', anchorVert='center', antialias=True, autoDraw=False, autoLog=True, bold=False, color=array([1., 1., 1.]), colorSpace='rgb', contrast=1.0, depth=0.0, draggable=False, flipHoriz=False, flipVert=False, font='Arial', fontFiles=[], height=0.1, italic=False, languageStyle='LTR', name='instructionsSI', opacity=1, ori=0.0, pos=array([0., 0.]), rgb=UNKNOWN, text=str(...), units='norm', win=Window(...), wrapWidth=1.8)
6.0548 	EXP 	Created fix_rand = TextStim(__class__=<class 'psychopy.visual.text.TextStim'>, alignHoriz=method-wrapper(...), alignText='center', alignVert=method-wrapper(...), anchorHoriz='center', anchorVert='center', antialias=True, autoDraw=False, autoLog=True, bold=False, color=array([1., 1., 1.]), colorSpace='rgb', contrast=1.0, depth=0.0, draggable=False, flipHoriz=False, flipVert=False, font='Open Sans', fontFiles=[], height=0.1, italic=False, languageStyle='LTR', name='fix_rand', opacity=1, ori=0.0, pos=array([0., 0.]), rgb=UNKNOWN, text='+', units='height', win=Window(...), wrapWidth=1)
6.0552 	EXP 	Created textSI = TextStim(__class__=<class 'psychopy.visual.text.TextStim'>, alignHoriz=method-wrapper(...), alignText='center', alignVert=method-wrapper(...), anchorHoriz='center', anchorVert='center', antialias=True, autoDraw=False, autoLog=True, bold=False, color=array([1., 1., 1.]), colorSpace='rgb', contrast=1.0, depth=-1.0, draggable=False, flipHoriz=False, flipVert=False, font='Arial', fontFiles=[], height=0.05, italic=False, languageStyle='LTR', name='textSI', opacity=1, ori=0.0, pos=array([0., 0.]), rgb=UNKNOWN, text='', units='height', win=Window(...), wrapWidth=1.2)
6.0616 	EXP 	Created instructionsLDT = TextStim(__class__=<class 'psychopy.visual.text.TextStim'>, alignHoriz=method-wrapper(...), alignText='center', alignVert=method-wrapper(...), anchorHoriz='center', anchorVert='center', antialias=True, autoDraw=False, autoLog=True, bold=False, color=array([1., 1., 1.]), colorSpace='rgb', contrast=1.0, depth=0.0, draggable=False, flipHoriz=False, flipVert=False, font='Arial', fontFiles=[], height=0.1, italic=False, languageStyle='LTR', name='instructionsLDT', opacity=1, ori=0.0, pos=array([0., 0.]), rgb=UNKNOWN, text=str(...), units='norm', win=Window(...), wrapWidth=1.8)
6.0626 	EXP 	Created fix_rand = TextStim(__class__=<class 'psychopy.visual.text.TextStim'>, alignHoriz=method-wrapper(...), alignText='center', alignVert=method-wrapper(...), anchorHoriz='center', anchorVert='center', antialias=True, autoDraw=False, autoLog=True, bold=False, color=array([1., 1., 1.]), colorSpace='rgb', contrast=1.0, depth=0.0, draggable=False, flipHoriz=False, flipVert=False, font='Open Sans', fontFiles=[], height=0.1, italic=False, languageStyle='LTR', name='fix_rand', opacity=1, ori=0.0, pos=array([0., 0.]), rgb=UNKNOWN, text='+', units='height', win=Window(...), wrapWidth=1)
6.0630 	EXP 	Created textLDT = TextStim(__class__=<class 'psychopy.visual.text.TextStim'>, alignHoriz=method-wrapper(...), alignText='center', alignVert=method-wrapper(...), anchorHoriz='center', anchorVert='center', antialias=True, autoDraw=False, autoLog=True, bold=False, color=array([1., 1., 1.]), colorSpace='rgb', contrast=1.0, depth=0.0, draggable=False, flipHoriz=False, flipVert=False, font='Arial', fontFiles=[], height=0.05, italic=False, languageStyle='LTR', name='textLDT', opacity=1, ori=0.0, pos=array([0., 0.]), rgb=UNKNOWN, text='', units='height', win=Window(...), wrapWidth=1)
6.0669 	EXP 	Created savingText = TextStim(__class__=<class 'psychopy.visual.text.TextStim'>, alignHoriz=method-wrapper(...), alignText='center', alignVert=method-wrapper(...), anchorHoriz='center', anchorVert='center', antialias=True, autoDraw=False, autoLog=True, bold=False, color=array([1., 1., 1.]), colorSpace='rgb', contrast=1.0, depth=-1.0, draggable=False, flipHoriz=False, flipVert=False, font='Arial', fontFiles=[], height=0.1, italic=False, languageStyle='LTR', name='savingText', opacity=1, ori=0.0, pos=array([0., 0.]), rgb=UNKNOWN, text=str(...), units='norm', win=Window(...), wrapWidth=1.8)
0.0981 	INFO 	Keyboard events cleared
0.0981 	EXP 	textWelcome: autoDraw = True
14.1284 	DATA 	Keypress: space
14.1320 	INFO 	Keyboard events cleared
14.1319 	EXP 	textWelcome: autoDraw = False
14.1319 	EXP 	instructionsSI: autoDraw = True
28.7214 	DEBUG 	Read excel file with openpyxl: resources/stimuliMainTask.xlsx
28.7235 	EXP 	Imported resources/stimuliMainTask.xlsx as conditions, 44 conditions, 7 params
28.7239 	EXP 	New trial (rep=0, index=0): <Trial 0 (0 in rep 0) data={'id': 38, 'scale_term': 'effrayant/marron', 'scale_type': None, 'condition': 'filler-false', 'speaker': 'Julie', 'sentence': "l'ours est effrayant", 'negation': "l'ours n'est pas marron", 'thisN': 0, 'thisTrialN': 0, 'thisRepN': 0}>
28.7248 	DATA 	Keypress: space
28.7327 	EXP 	instructionsSI: autoDraw = False
28.7327 	EXP 	fix_rand: autoDraw = True
29.2165 	INFO 	Keyboard events cleared
29.2164 	EXP 	fix_rand: autoDraw = False
29.2164 	EXP 	fix_rand: autoDraw = False
29.2164 	EXP 	textSI: autoDraw = True
37.8011 	EXP 	New trial (rep=0, index=1): <Trial 1 (1 in rep 0) data={'id': 8, 'scale_term': 'difficile/impossible', 'scale_type': 'B', 'condition': 'test', 'speaker': 'Paul', 'sentence': 'le test est difficile', 'negation': "le test n'est pas impossible", 'thisN': 1, 'thisTrialN': 1, 'thisRepN': 0}>
37.8017 	DATA 	Keypress: f
37.8161 	EXP 	textSI: autoDraw = False
37.8161 	EXP 	fix_rand: autoDraw = True
38.2666 	INFO 	Keyboard events cleared
38.2666 	EXP 	fix_rand: autoDraw = False
38.2666 	EXP 	fix_rand: autoDraw = False
38.2666 	EXP 	textSI: autoDraw = True
45.8040 	EXP 	New trial (rep=0, index=2): <Trial 2 (2 in rep 0) data={'id': 14, 'scale_term': 'vieux/ancien', 'scale_type': 'NB', 'condition': 'test', 'speaker': 'Julie', 'sentence': 'la statue est vieille', 'negation': "la statue n'est pas ancienne", 'thisN': 2, 'thisTrialN': 2, 'thisRepN': 0}>
45.8047 	DATA 	Keypress: f
45.8167 	EXP 	textSI: autoDraw = False
45.8167 	EXP 	fix_rand: autoDraw = True
46.2164 	INFO 	Keyboard events cleared
46.2164 	EXP 	fix_rand: autoDraw = False
46.2164 	EXP 	fix_rand: autoDraw = False
46.2164 	EXP 	textSI: autoDraw = True
50.9512 	EXP 	New trial (rep=0, index=3): <Trial 3 (3 in rep 0) data={'id': 33, 'scale_term': 'actif/paresseux', 'scale_type': None, 'condition': 'filler-true', 'speaker': 'Paul', 'sentence': 'le garçon est actif', 'negation': "le garçon n'est pas paresseux", 'thisN': 3, 'thisTrialN': 3, 'thisRepN': 0}>
50.9518 	DATA 	Keypress: j
50.9668 	EXP 	textSI: autoDraw = False
50.9668 	EXP 	fix_rand: autoDraw = True
51.3499 	INFO 	Keyboard events cleared
51.3498 	EXP 	fix_rand: autoDraw = False
51.3498 	EXP 	fix_rand: autoDraw = False
51.3498 	EXP 	textSI: autoDraw = True
56.3710 	EXP 	New trial (rep=0, index=4): <Trial 4 (4 in rep 0) data={'id': 23, 'scale_term': 'lent/rapide', 'scale_type': None, 'condition': 'filler-true', 'speaker': 'Julie', 'sentence': 'le train est rapide', 'negation': "le train n'est pas lent", 'thisN': 4, 'thisTrialN': 4, 'thisRepN': 0}>
56.3716 	DATA 	Keypress: j
56.3833 	EXP 	textSI: autoDraw = False
56.3833 	EXP 	fix_rand: autoDraw = True
56.7333 	INFO 	Keyboard events cleared
56.7333 	EXP 	fix_rand: autoDraw = False
56.7333 	EXP 	fix_rand: autoDraw = False
56.7333 	EXP 	textSI: autoDraw = True
63.1676 	EXP 	New trial (rep=0, index=5): <Trial 5 (5 in rep 0) data={'id': 6, 'scale_term': 'mouillé/trempé', 'scale_type': 'B', 'condition': 'test', 'speaker': 'Julie', 'sentence': 'la serviette est mouillée', 'negation': "la serviette n'est pas trempée", 'thisN': 5, 'thisTrialN': 5, 'thisRepN': 0}>
63.1681 	DATA 	Keypress: j
63.1832 	EXP 	textSI: autoDraw = False
63.1832 	EXP 	fix_rand: autoDraw = True
63.6167 	INFO 	Keyboard events cleared
63.6167 	EXP 	fix_rand: autoDraw = False
63.6167 	EXP 	fix_rand: autoDraw = False
63.6167 	EXP 	textSI: autoDraw = True
66.9344 	EXP 	New trial (rep=0, index=6): <Trial 6 (6 in rep 0) data={'id': 7, 'scale_term': 'triste/abattu', 'scale_type': 'B', 'condition': 'test', 'speaker': 'Paul', 'sentence': 'la fille est triste', 'negation': "la fille n'est pas abattue", 'thisN': 6, 'thisTrialN': 6, 'thisRepN': 0}>
66.9349 	DATA 	Keypress: f
66.9503 	EXP 	textSI: autoDraw = False
66.9503 	EXP 	fix_rand: autoDraw = True
67.4004 	INFO 	Keyboard events cleared
67.4003 	EXP 	fix_rand: autoDraw = False
67.4003 	EXP 	fix_rand: autoDraw = False
67.4003 	EXP 	textSI: autoDraw = True
73.8517 	EXP 	New trial (rep=0, index=7): <Trial 7 (7 in rep 0) data={'id': 9, 'scale_term': 'bon/parfait', 'scale_type': 'B', 'condition': 'test', 'speaker': 'Paul', 'sentence': 'la réponse est bonne', 'negation': "la réponse n'est pas parfaite", 'thisN': 7, 'thisTrialN': 7, 'thisRepN': 0}>
73.8524 	DATA 	Keypress: f
73.8674 	EXP 	textSI: autoDraw = False
73.8674 	EXP 	fix_rand: autoDraw = True
74.3008 	INFO 	Keyboard events cleared
74.3007 	EXP 	fix_rand: autoDraw = False
74.3007 	EXP 	fix_rand: autoDraw = False
74.3007 	EXP 	textSI: autoDraw = True
77.3885 	EXP 	New trial (rep=0, index=8): <Trial 8 (8 in rep 0) data={'id': 12, 'scale_term': 'fatigué/épuisé', 'scale_type': 'NB', 'condition': 'test', 'speaker': 'Julie', 'sentence': "l'athlète est fatigué", 'negation': "l'athlète n'est pas épuisé", 'thisN': 8, 'thisTrialN': 8, 'thisRepN': 0}>
77.3892 	DATA 	Keypress: j
77.4004 	EXP 	textSI: autoDraw = False
77.4004 	EXP 	fix_rand: autoDraw = True
77.8007 	INFO 	Keyboard events cleared
77.8007 	EXP 	fix_rand: autoDraw = False
77.8007 	EXP 	fix_rand: autoDraw = False
77.8007 	EXP 	textSI: autoDraw = True
81.8852 	EXP 	New trial (rep=0, index=9): <Trial 9 (9 in rep 0) data={'id': 34, 'scale_term': 'large/colorée', 'scale_type': None, 'condition': 'filler-false', 'speaker': 'Julie', 'sentence': 'la peinture est large', 'negation': "la peinture n'est pas colorée", 'thisN': 9, 'thisTrialN': 9, 'thisRepN': 0}>
81.8858 	DATA 	Keypress: j
81.9010 	EXP 	textSI: autoDraw = False
81.9010 	EXP 	fix_rand: autoDraw = True
82.2843 	INFO 	Keyboard events cleared
82.2843 	EXP 	fix_rand: autoDraw = False
82.2843 	EXP 	fix_rand: autoDraw = False
82.2843 	EXP 	textSI: autoDraw = True
84.1688 	EXP 	New trial (rep=0, index=10): <Trial 10 (10 in rep 0) data={'id': 32, 'scale_term': 'froid/chaud', 'scale_type': None, 'condition': 'filler-true', 'speaker': 'Paul', 'sentence': 'le thé est froid', 'negation': "le thé n'est pas chaud", 'thisN': 10, 'thisTrialN': 10, 'thisRepN': 0}>
84.1693 	DATA 	Keypress: f
84.1840 	EXP 	textSI: autoDraw = False
84.1840 	EXP 	fix_rand: autoDraw = True
84.6679 	INFO 	Keyboard events cleared
84.6679 	EXP 	fix_rand: autoDraw = False
84.6679 	EXP 	fix_rand: autoDraw = False
84.6679 	EXP 	textSI: autoDraw = True
86.9186 	EXP 	New trial (rep=0, index=11): <Trial 11 (11 in rep 0) data={'id': 39, 'scale_term': 'fâché/raisonnable', 'scale_type': None, 'condition': 'filler-false', 'speaker': 'Paul', 'sentence': 'le professeur est fâché', 'negation': "le professeur n'est pas strict", 'thisN': 11, 'thisTrialN': 11, 'thisRepN': 0}>
86.9192 	DATA 	Keypress: j
86.9342 	EXP 	textSI: autoDraw = False
86.9342 	EXP 	fix_rand: autoDraw = True
87.5345 	INFO 	Keyboard events cleared
87.5344 	EXP 	fix_rand: autoDraw = False
87.5344 	EXP 	fix_rand: autoDraw = False
87.5344 	EXP 	textSI: autoDraw = True
89.9860 	EXP 	New trial (rep=0, index=12): <Trial 12 (12 in rep 0) data={'id': 44, 'scale_term': 'stupide/inquiet', 'scale_type': None, 'condition': 'filler-false', 'speaker': 'Paul', 'sentence': 'le candidat est stupide', 'negation': "le candidat n'est pas inquiet", 'thisN': 12, 'thisTrialN': 12, 'thisRepN': 0}>
89.9866 	DATA 	Keypress: f
90.0006 	EXP 	textSI: autoDraw = False
90.0006 	EXP 	fix_rand: autoDraw = True
90.5341 	INFO 	Keyboard events cleared
90.5341 	EXP 	fix_rand: autoDraw = False
90.5341 	EXP 	fix_rand: autoDraw = False
90.5341 	EXP 	textSI: autoDraw = True
97.0859 	EXP 	New trial (rep=0, index=13): <Trial 13 (13 in rep 0) data={'id': 27, 'scale_term': 'léger/lourd', 'scale_type': None, 'condition': 'filler-true', 'speaker': 'Julie', 'sentence': 'le sac est léger', 'negation': "le sac n'est pas lourd", 'thisN': 13, 'thisTrialN': 13, 'thisRepN': 0}>
97.0865 	DATA 	Keypress: f
97.1045 	EXP 	textSI: autoDraw = False
97.1045 	EXP 	fix_rand: autoDraw = True
97.4346 	INFO 	Keyboard events cleared
97.4345 	EXP 	fix_rand: autoDraw = False
97.4345 	EXP 	fix_rand: autoDraw = False
97.4345 	EXP 	textSI: autoDraw = True
99.7688 	EXP 	New trial (rep=0, index=14): <Trial 14 (14 in rep 0) data={'id': 35, 'scale_term': 'joli/fort', 'scale_type': None, 'condition': 'filler-false', 'speaker': 'Julie', 'sentence': 'le modèle est joli', 'negation': "le modèle n'est pas fort", 'thisN': 14, 'thisTrialN': 14, 'thisRepN': 0}>
99.7693 	DATA 	Keypress: j
99.7876 	EXP 	textSI: autoDraw = False
99.7876 	EXP 	fix_rand: autoDraw = True
100.3875 	INFO 	Keyboard events cleared
100.3874 	EXP 	fix_rand: autoDraw = False
100.3874 	EXP 	fix_rand: autoDraw = False
100.3874 	EXP 	textSI: autoDraw = True
102.8526 	EXP 	New trial (rep=0, index=15): <Trial 15 (15 in rep 0) data={'id': 17, 'scale_term': 'a faim/affamé', 'scale_type': 'NB', 'condition': 'test', 'speaker': 'Paul', 'sentence': 'le voyageur a faim', 'negation': "le voyageur n'est pas affamé", 'thisN': 15, 'thisTrialN': 15, 'thisRepN': 0}>
102.8531 	DATA 	Keypress: f
102.8679 	EXP 	textSI: autoDraw = False
102.8679 	EXP 	fix_rand: autoDraw = True
103.5181 	INFO 	Keyboard events cleared
103.5181 	EXP 	fix_rand: autoDraw = False
103.5181 	EXP 	fix_rand: autoDraw = False
103.5181 	EXP 	textSI: autoDraw = True
110.8525 	EXP 	New trial (rep=0, index=16): <Trial 16 (16 in rep 0) data={'id': 10, 'scale_term': 'respectable/honorable', 'scale_type': 'B', 'condition': 'test', 'speaker': 'Paul', 'sentence': 'le soldat est respectable', 'negation': "le soldat n'est pas honorable", 'thisN': 16, 'thisTrialN': 16, 'thisRepN': 0}>
110.8531 	DATA 	Keypress: f
110.8681 	EXP 	textSI: autoDraw = False
110.8681 	EXP 	fix_rand: autoDraw = True
111.4179 	INFO 	Keyboard events cleared
111.4179 	EXP 	fix_rand: autoDraw = False
111.4179 	EXP 	fix_rand: autoDraw = False
111.4179 	EXP 	textSI: autoDraw = True
114.5867 	DATA 	Keypress: f
114.6027 	EXP 	New trial (rep=0, index=17): <Trial 17 (17 in rep 0) data={'id': 26, 'scale_term': 'superficiel/profond', 'scale_type': None, 'condition': 'filler-true', 'speaker': 'Julie', 'sentence': "l'histoire est superficielle", 'negation': "l'histoire n'est pas profonde", 'thisN': 17, 'thisTrialN': 17, 'thisRepN': 0}>
114.6182 	EXP 	textSI: autoDraw = False
114.6182 	EXP 	fix_rand: autoDraw = True
115.0014 	INFO 	Keyboard events cleared
115.0014 	EXP 	fix_rand: autoDraw = False
115.0014 	EXP 	fix_rand: autoDraw = False
115.0014 	EXP 	textSI: autoDraw = True
117.0700 	EXP 	New trial (rep=0, index=18): <Trial 18 (18 in rep 0) data={'id': 24, 'scale_term': 'sale/propre', 'scale_type': None, 'condition': 'filler-true', 'speaker': 'Julie', 'sentence': 'la cuisine est sale', 'negation': "la cuisine n'est pas propre", 'thisN': 18, 'thisTrialN': 18, 'thisRepN': 0}>
117.0706 	DATA 	Keypress: j
117.0849 	EXP 	textSI: autoDraw = False
117.0849 	EXP 	fix_rand: autoDraw = True
117.5184 	INFO 	Keyboard events cleared
117.5184 	EXP 	fix_rand: autoDraw = False
117.5184 	EXP 	fix_rand: autoDraw = False
117.5184 	EXP 	textSI: autoDraw = True
120.5700 	EXP 	New trial (rep=0, index=19): <Trial 19 (19 in rep 0) data={'id': 31, 'scale_term': 'noir/blanc', 'scale_type': None, 'condition': 'filler-true', 'speaker': 'Paul', 'sentence': 'le cheval est noir', 'negation': "le cheval n'est pas blanc", 'thisN': 19, 'thisTrialN': 19, 'thisRepN': 0}>
120.5706 	DATA 	Keypress: j
120.5851 	EXP 	textSI: autoDraw = False
120.5851 	EXP 	fix_rand: autoDraw = True
121.0520 	INFO 	Keyboard events cleared
121.0520 	EXP 	fix_rand: autoDraw = False
121.0520 	EXP 	fix_rand: autoDraw = False
121.0520 	EXP 	textSI: autoDraw = True
122.4030 	EXP 	New trial (rep=0, index=20): <Trial 20 (20 in rep 0) data={'id': 42, 'scale_term': 'jeune/sérieux', 'scale_type': None, 'condition': 'filler-false', 'speaker': 'Paul', 'sentence': "l'étudiant est jeune", 'negation': "l'étudiant n'est pas sérieux", 'thisN': 20, 'thisTrialN': 20, 'thisRepN': 0}>
122.4035 	DATA 	Keypress: j
122.4185 	EXP 	textSI: autoDraw = False
122.4185 	EXP 	fix_rand: autoDraw = True
122.9350 	INFO 	Keyboard events cleared
122.9350 	EXP 	fix_rand: autoDraw = False
122.9350 	EXP 	fix_rand: autoDraw = False
122.9350 	EXP 	textSI: autoDraw = True
124.4198 	EXP 	New trial (rep=0, index=21): <Trial 21 (21 in rep 0) data={'id': 3, 'scale_term': 'dure/insoluble', 'scale_type': 'B', 'condition': 'test', 'speaker': 'Julie', 'sentence': 'la tâche est dure', 'negation': "la tache n'est pas insoluble", 'thisN': 21, 'thisTrialN': 21, 'thisRepN': 0}>
124.4204 	DATA 	Keypress: f
124.4351 	EXP 	textSI: autoDraw = False
124.4351 	EXP 	fix_rand: autoDraw = True
124.8196 	INFO 	Keyboard events cleared
124.8196 	EXP 	fix_rand: autoDraw = False
124.8196 	EXP 	fix_rand: autoDraw = False
124.8196 	EXP 	textSI: autoDraw = True
134.4036 	EXP 	New trial (rep=0, index=22): <Trial 22 (22 in rep 0) data={'id': 25, 'scale_term': 'pauvre/riche', 'scale_type': None, 'condition': 'filler-true', 'speaker': 'Julie', 'sentence': "l'homme est pauvre", 'negation': "l'homme n'est pas riche", 'thisN': 22, 'thisTrialN': 22, 'thisRepN': 0}>
134.4042 	DATA 	Keypress: j
134.4186 	EXP 	textSI: autoDraw = False
134.4186 	EXP 	fix_rand: autoDraw = True
134.9091 	INFO 	Keyboard events cleared
134.9091 	EXP 	fix_rand: autoDraw = False
134.9091 	EXP 	fix_rand: autoDraw = False
134.9091 	EXP 	textSI: autoDraw = True
141.6542 	EXP 	New trial (rep=0, index=23): <Trial 23 (23 in rep 0) data={'id': 37, 'scale_term': 'fou/dangereux', 'scale_type': None, 'condition': 'filler-false', 'speaker': 'Julie', 'sentence': 'le criminel est fou', 'negation': "le clown n'est pas dangereux", 'thisN': 23, 'thisTrialN': 23, 'thisRepN': 0}>
141.6548 	DATA 	Keypress: j
141.6692 	EXP 	textSI: autoDraw = False
141.6692 	EXP 	fix_rand: autoDraw = True
142.1522 	INFO 	Keyboard events cleared
142.1521 	EXP 	fix_rand: autoDraw = False
142.1521 	EXP 	fix_rand: autoDraw = False
142.1521 	EXP 	textSI: autoDraw = True
144.2872 	EXP 	New trial (rep=0, index=24): <Trial 24 (24 in rep 0) data={'id': 36, 'scale_term': 'timide/curieux', 'scale_type': None, 'condition': 'filler-false', 'speaker': 'Julie', 'sentence': "l'enfant est timide", 'negation': "l'enfant n'est pas curieux", 'thisN': 24, 'thisTrialN': 24, 'thisRepN': 0}>
144.2878 	DATA 	Keypress: f
144.3027 	EXP 	textSI: autoDraw = False
144.3027 	EXP 	fix_rand: autoDraw = True
144.7359 	INFO 	Keyboard events cleared
144.7358 	EXP 	fix_rand: autoDraw = False
144.7358 	EXP 	fix_rand: autoDraw = False
144.7358 	EXP 	textSI: autoDraw = True
146.9535 	EXP 	New trial (rep=0, index=25): <Trial 25 (25 in rep 0) data={'id': 1, 'scale_term': 'spéciale/unique', 'scale_type': 'B', 'condition': 'test', 'speaker': 'Julie', 'sentence': 'le collier est spéciale', 'negation': "le collier n'est pas unique", 'thisN': 25, 'thisTrialN': 25, 'thisRepN': 0}>
146.9541 	DATA 	Keypress: f
146.9695 	EXP 	textSI: autoDraw = False
146.9695 	EXP 	fix_rand: autoDraw = True
147.5523 	INFO 	Keyboard events cleared
147.5523 	EXP 	fix_rand: autoDraw = False
147.5523 	EXP 	fix_rand: autoDraw = False
147.5523 	EXP 	textSI: autoDraw = True
150.3873 	EXP 	New trial (rep=0, index=26): <Trial 26 (26 in rep 0) data={'id': 28, 'scale_term': 'petit/grand', 'scale_type': None, 'condition': 'filler-true', 'speaker': 'Julie', 'sentence': 'le bébé est petit', 'negation': "le bébé n'est pas grand", 'thisN': 26, 'thisTrialN': 26, 'thisRepN': 0}>
150.3879 	DATA 	Keypress: f
150.4026 	EXP 	textSI: autoDraw = False
150.4026 	EXP 	fix_rand: autoDraw = True
150.7864 	INFO 	Keyboard events cleared
150.7863 	EXP 	fix_rand: autoDraw = False
150.7863 	EXP 	fix_rand: autoDraw = False
150.7863 	EXP 	textSI: autoDraw = True
152.2208 	EXP 	New trial (rep=0, index=27): <Trial 27 (27 in rep 0) data={'id': 29, 'scale_term': 'gentil/méchant', 'scale_type': None, 'condition': 'filler-true', 'speaker': 'Paul', 'sentence': 'le chien est gentil', 'negation': "le chien n'est pas méchant", 'thisN': 27, 'thisTrialN': 27, 'thisRepN': 0}>
152.2215 	DATA 	Keypress: j
152.2359 	EXP 	textSI: autoDraw = False
152.2359 	EXP 	fix_rand: autoDraw = True
152.7859 	INFO 	Keyboard events cleared
152.7859 	EXP 	fix_rand: autoDraw = False
152.7859 	EXP 	fix_rand: autoDraw = False
152.7859 	EXP 	textSI: autoDraw = True
154.7045 	EXP 	New trial (rep=0, index=28): <Trial 28 (28 in rep 0) data={'id': 5, 'scale_term': 'calme/inaudible', 'scale_type': 'B', 'condition': 'test', 'speaker': 'Julie', 'sentence': 'la classe est calme', 'negation': "la classe n'est pas inaudible", 'thisN': 28, 'thisTrialN': 28, 'thisRepN': 0}>
154.7052 	DATA 	Keypress: j
154.7194 	EXP 	textSI: autoDraw = False
154.7194 	EXP 	fix_rand: autoDraw = True
155.0693 	INFO 	Keyboard events cleared
155.0692 	EXP 	fix_rand: autoDraw = False
155.0692 	EXP 	fix_rand: autoDraw = False
155.0692 	EXP 	textSI: autoDraw = True
157.1206 	EXP 	New trial (rep=0, index=29): <Trial 29 (29 in rep 0) data={'id': 19, 'scale_term': 'mignon/beau', 'scale_type': 'NB', 'condition': 'test', 'speaker': 'Paul', 'sentence': 'le chat est mignon', 'negation': "le chat n'est pas beau", 'thisN': 29, 'thisTrialN': 29, 'thisRepN': 0}>
157.1213 	DATA 	Keypress: f
157.1362 	EXP 	textSI: autoDraw = False
157.1362 	EXP 	fix_rand: autoDraw = True
157.6538 	INFO 	Keyboard events cleared
157.6537 	EXP 	fix_rand: autoDraw = False
157.6537 	EXP 	fix_rand: autoDraw = False
157.6537 	EXP 	textSI: autoDraw = True
159.2711 	EXP 	New trial (rep=0, index=30): <Trial 30 (30 in rep 0) data={'id': 4, 'scale_term': 'mémorable/inoubliable', 'scale_type': 'B', 'condition': 'test', 'speaker': 'Julie', 'sentence': 'le voyage est mémorable', 'negation': "le voyage n'est pas inoubliable", 'thisN': 30, 'thisTrialN': 30, 'thisRepN': 0}>
159.2718 	DATA 	Keypress: f
159.2862 	EXP 	textSI: autoDraw = False
159.2862 	EXP 	fix_rand: autoDraw = True
159.8029 	INFO 	Keyboard events cleared
159.8028 	EXP 	fix_rand: autoDraw = False
159.8028 	EXP 	fix_rand: autoDraw = False
159.8028 	EXP 	textSI: autoDraw = True
181.0547 	EXP 	New trial (rep=0, index=31): <Trial 31 (31 in rep 0) data={'id': 43, 'scale_term': 'poli/pressé', 'scale_type': None, 'condition': 'filler-false', 'speaker': 'Paul', 'sentence': 'le propriétaire est poli', 'negation': "le propriétaire n'est pas pressé", 'thisN': 31, 'thisTrialN': 31, 'thisRepN': 0}>
181.0553 	DATA 	Keypress: f
181.0701 	EXP 	textSI: autoDraw = False
181.0701 	EXP 	fix_rand: autoDraw = True
181.4535 	INFO 	Keyboard events cleared
181.4534 	EXP 	fix_rand: autoDraw = False
181.4534 	EXP 	fix_rand: autoDraw = False
181.4534 	EXP 	textSI: autoDraw = True
183.8378 	EXP 	New trial (rep=0, index=32): <Trial 32 (32 in rep 0) data={'id': 11, 'scale_term': 'vif/éblouissant', 'scale_type': 'B', 'condition': 'test', 'speaker': 'Paul', 'sentence': 'la lumière est vive', 'negation': "la lumière n'est pas éblouissante", 'thisN': 32, 'thisTrialN': 32, 'thisRepN': 0}>
183.8385 	DATA 	Keypress: f
183.8534 	EXP 	textSI: autoDraw = False
183.8534 	EXP 	fix_rand: autoDraw = True
184.2265 	INFO 	Keyboard events cleared
184.2264 	EXP 	fix_rand: autoDraw = False
184.2264 	EXP 	fix_rand: autoDraw = False
184.2264 	EXP 	textSI: autoDraw = True
186.0436 	EXP 	New trial (rep=0, index=33): <Trial 33 (33 in rep 0) data={'id': 2, 'scale_term': 'faible/vide', 'scale_type': 'B', 'condition': 'test', 'speaker': 'Julie', 'sentence': 'la pile est faible', 'negation': "la pile n'est pas vide", 'thisN': 33, 'thisTrialN': 33, 'thisRepN': 0}>
186.0442 	DATA 	Keypress: f
186.0533 	EXP 	textSI: autoDraw = False
186.0533 	EXP 	fix_rand: autoDraw = True
186.5201 	INFO 	Keyboard events cleared
186.5201 	EXP 	fix_rand: autoDraw = False
186.5201 	EXP 	fix_rand: autoDraw = False
186.5201 	EXP 	textSI: autoDraw = True
187.9380 	EXP 	New trial (rep=0, index=34): <Trial 34 (34 in rep 0) data={'id': 18, 'scale_term': 'beau/sublime', 'scale_type': 'NB', 'condition': 'test', 'speaker': 'Paul', 'sentence': 'l’actrice est belle', 'negation': "l'actrice n'est pas sublime", 'thisN': 34, 'thisTrialN': 34, 'thisRepN': 0}>
187.9386 	DATA 	Keypress: f
187.9535 	EXP 	textSI: autoDraw = False
187.9535 	EXP 	fix_rand: autoDraw = True
188.4370 	INFO 	Keyboard events cleared
188.4369 	EXP 	fix_rand: autoDraw = False
188.4369 	EXP 	fix_rand: autoDraw = False
188.4369 	EXP 	textSI: autoDraw = True
191.8053 	EXP 	New trial (rep=0, index=35): <Trial 35 (35 in rep 0) data={'id': 15, 'scale_term': 'gros/énorme', 'scale_type': 'NB', 'condition': 'test', 'speaker': 'Julie', 'sentence': 'le bâtiment est gros', 'negation': "le bâtiment n'est pas énorme", 'thisN': 35, 'thisTrialN': 35, 'thisRepN': 0}>
191.8059 	DATA 	Keypress: f
191.8207 	EXP 	textSI: autoDraw = False
191.8207 	EXP 	fix_rand: autoDraw = True
192.3037 	INFO 	Keyboard events cleared
192.3037 	EXP 	fix_rand: autoDraw = False
192.3037 	EXP 	fix_rand: autoDraw = False
192.3037 	EXP 	textSI: autoDraw = True
195.7052 	EXP 	New trial (rep=0, index=36): <Trial 36 (36 in rep 0) data={'id': 16, 'scale_term': 'gras/obèse', 'scale_type': 'NB', 'condition': 'test', 'speaker': 'Julie', 'sentence': 'le cuisinier est gras', 'negation': "le cuisinier n'est pas obèse", 'thisN': 36, 'thisTrialN': 36, 'thisRepN': 0}>
195.7058 	DATA 	Keypress: j
195.7209 	EXP 	textSI: autoDraw = False
195.7209 	EXP 	fix_rand: autoDraw = True
196.2205 	INFO 	Keyboard events cleared
196.2205 	EXP 	fix_rand: autoDraw = False
196.2205 	EXP 	fix_rand: autoDraw = False
196.2205 	EXP 	textSI: autoDraw = True
200.0724 	EXP 	New trial (rep=0, index=37): <Trial 37 (37 in rep 0) data={'id': 30, 'scale_term': 'fermé/ouvert', 'scale_type': None, 'condition': 'filler-true', 'speaker': 'Paul', 'sentence': 'le magasin est fermé', 'negation': "le magasin n'est pas ouvert", 'thisN': 37, 'thisTrialN': 37, 'thisRepN': 0}>
200.0729 	DATA 	Keypress: f
200.0873 	EXP 	textSI: autoDraw = False
200.0873 	EXP 	fix_rand: autoDraw = True
200.5540 	INFO 	Keyboard events cleared
200.5540 	EXP 	fix_rand: autoDraw = False
200.5540 	EXP 	fix_rand: autoDraw = False
200.5540 	EXP 	textSI: autoDraw = True
201.9552 	EXP 	New trial (rep=0, index=38): <Trial 38 (38 in rep 0) data={'id': 41, 'scale_term': 'doux/fin', 'scale_type': None, 'condition': 'filler-false', 'speaker': 'Paul', 'sentence': 'la couverture est douce', 'negation': "la couverture n'est pas fine", 'thisN': 38, 'thisTrialN': 38, 'thisRepN': 0}>
201.9558 	DATA 	Keypress: j
201.9709 	EXP 	textSI: autoDraw = False
201.9709 	EXP 	fix_rand: autoDraw = True
202.4707 	INFO 	Keyboard events cleared
202.4707 	EXP 	fix_rand: autoDraw = False
202.4707 	EXP 	fix_rand: autoDraw = False
202.4707 	EXP 	textSI: autoDraw = True
205.2383 	EXP 	New trial (rep=0, index=39): <Trial 39 (39 in rep 0) data={'id': 40, 'scale_term': 'cher/ennuyeuse', 'scale_type': None, 'condition': 'filler-false', 'speaker': 'Paul', 'sentence': 'la robe est chère', 'negation': "la robe n'est pas ennuyeuse", 'thisN': 39, 'thisTrialN': 39, 'thisRepN': 0}>
205.2389 	DATA 	Keypress: f
205.2541 	EXP 	textSI: autoDraw = False
205.2541 	EXP 	fix_rand: autoDraw = True
205.6208 	INFO 	Keyboard events cleared
205.6208 	EXP 	fix_rand: autoDraw = False
205.6208 	EXP 	fix_rand: autoDraw = False
205.6208 	EXP 	textSI: autoDraw = True
207.8722 	EXP 	New trial (rep=0, index=40): <Trial 40 (40 in rep 0) data={'id': 13, 'scale_term': 'goûteux/délicieux', 'scale_type': 'NB', 'condition': 'test', 'speaker': 'Julie', 'sentence': 'le repas est goûteux', 'negation': "le repas n'est pas délicieux", 'thisN': 40, 'thisTrialN': 40, 'thisRepN': 0}>
207.8727 	DATA 	Keypress: f
207.8876 	EXP 	textSI: autoDraw = False
207.8876 	EXP 	fix_rand: autoDraw = True
208.3045 	INFO 	Keyboard events cleared
208.3045 	EXP 	fix_rand: autoDraw = False
208.3045 	EXP 	fix_rand: autoDraw = False
208.3045 	EXP 	textSI: autoDraw = True
219.0895 	DATA 	Keypress: f
219.1058 	EXP 	New trial (rep=0, index=41): <Trial 41 (41 in rep 0) data={'id': 22, 'scale_term': 'intelligent/brilliant', 'scale_type': 'NB', 'condition': 'test', 'speaker': 'Paul', 'sentence': 'le chercheur est intelligent', 'negation': "le chercheur n'est pas briljant", 'thisN': 41, 'thisTrialN': 41, 'thisRepN': 0}>
219.1217 	EXP 	textSI: autoDraw = False
219.1217 	EXP 	fix_rand: autoDraw = True
219.5546 	INFO 	Keyboard events cleared
219.5546 	EXP 	fix_rand: autoDraw = False
219.5546 	EXP 	fix_rand: autoDraw = False
219.5546 	EXP 	textSI: autoDraw = True
222.0736 	DATA 	Keypress: f
222.0901 	EXP 	New trial (rep=0, index=42): <Trial 42 (42 in rep 0) data={'id': 20, 'scale_term': 'drôle/hilarant', 'scale_type': 'NB', 'condition': 'test', 'speaker': 'Paul', 'sentence': 'la blague est drôle', 'negation': "la blague n'est pas hilarante", 'thisN': 42, 'thisTrialN': 42, 'thisRepN': 0}>
222.1052 	EXP 	textSI: autoDraw = False
222.1052 	EXP 	fix_rand: autoDraw = True
222.5713 	INFO 	Keyboard events cleared
222.5713 	EXP 	fix_rand: autoDraw = False
222.5713 	EXP 	fix_rand: autoDraw = False
222.5713 	EXP 	textSI: autoDraw = True
229.6227 	EXP 	New trial (rep=0, index=43): <Trial 43 (43 in rep 0) data={'id': 21, 'scale_term': 'moche/hideux', 'scale_type': 'NB', 'condition': 'test', 'speaker': 'Paul', 'sentence': 'le portrait est moche', 'negation': "le portrait n'est pas hideux", 'thisN': 43, 'thisTrialN': 43, 'thisRepN': 0}>
229.6233 	DATA 	Keypress: f
229.6380 	EXP 	textSI: autoDraw = False
229.6380 	EXP 	fix_rand: autoDraw = True
230.0051 	INFO 	Keyboard events cleared
230.0050 	EXP 	fix_rand: autoDraw = False
230.0050 	EXP 	fix_rand: autoDraw = False
230.0050 	EXP 	textSI: autoDraw = True
231.3240 	DATA 	Keypress: f
231.3381 	INFO 	Keyboard events cleared
231.3381 	EXP 	textSI: autoDraw = False
231.3381 	EXP 	instructionsLDT: autoDraw = True
311.3125 	DEBUG 	Read excel file with openpyxl: resources/stimuliLexTALE.xlsx
311.3143 	EXP 	Imported resources/stimuliLexTALE.xlsx as conditions, 84 conditions, 3 params
311.3147 	EXP 	New trial (rep=0, index=0): <Trial 0 (0 in rep 0) data={'word': 'nouer', 'status': 'word', 'corrAns': 'j', 'thisN': 0, 'thisTrialN': 0, 'thisRepN': 0}>
311.3153 	DATA 	Keypress: space
311.3238 	EXP 	instructionsLDT: autoDraw = False
311.3238 	EXP 	fix_rand: autoDraw = True
311.7238 	INFO 	Keyboard events cleared
311.7238 	EXP 	fix_rand: autoDraw = False
311.7238 	EXP 	fix_rand: autoDraw = False
311.7238 	EXP 	textLDT: height = 0.05
311.7238 	EXP 	textLDT: height = 0.05
311.7238 	EXP 	textLDT: height = 0.05
311.7238 	EXP 	textLDT: text = 'nouer'
311.7238 	EXP 	textLDT: autoDraw = True
313.1250 	EXP 	New trial (rep=0, index=1): <Trial 1 (1 in rep 0) data={'word': 'fouet', 'status': 'word', 'corrAns': 'j', 'thisN': 1, 'thisTrialN': 1, 'thisRepN': 0}>
313.1256 	DATA 	Keypress: j
313.1403 	EXP 	textLDT: autoDraw = False
313.1403 	EXP 	fix_rand: autoDraw = True
313.4573 	INFO 	Keyboard events cleared
313.4573 	EXP 	fix_rand: autoDraw = False
313.4573 	EXP 	fix_rand: autoDraw = False
313.4573 	EXP 	textLDT: height = 0.05
313.4573 	EXP 	textLDT: height = 0.05
313.4573 	EXP 	textLDT: height = 0.05
313.4573 	EXP 	textLDT: text = 'fouet'
313.4573 	EXP 	textLDT: autoDraw = True
314.4750 	EXP 	New trial (rep=0, index=2): <Trial 2 (2 in rep 0) data={'word': 'détume', 'status': 'nonword', 'corrAns': 'f', 'thisN': 2, 'thisTrialN': 2, 'thisRepN': 0}>
314.4757 	DATA 	Keypress: f
314.4906 	EXP 	textLDT: autoDraw = False
314.4906 	EXP 	fix_rand: autoDraw = True
315.0905 	INFO 	Keyboard events cleared
315.0905 	EXP 	fix_rand: autoDraw = False
315.0905 	EXP 	fix_rand: autoDraw = False
315.0905 	EXP 	textLDT: height = 0.05
315.0905 	EXP 	textLDT: height = 0.05
315.0905 	EXP 	textLDT: height = 0.05
315.0905 	EXP 	textLDT: text = 'détume'
315.0905 	EXP 	textLDT: autoDraw = True
315.8417 	EXP 	New trial (rep=0, index=3): <Trial 3 (3 in rep 0) data={'word': 'robinet', 'status': 'word', 'corrAns': 'j', 'thisN': 3, 'thisTrialN': 3, 'thisRepN': 0}>
315.8423 	DATA 	Keypress: f
315.8570 	EXP 	textLDT: autoDraw = False
315.8570 	EXP 	fix_rand: autoDraw = True
316.4406 	INFO 	Keyboard events cleared
316.4405 	EXP 	fix_rand: autoDraw = False
316.4405 	EXP 	fix_rand: autoDraw = False
316.4405 	EXP 	textLDT: height = 0.05
316.4405 	EXP 	textLDT: height = 0.05
316.4405 	EXP 	textLDT: height = 0.05
316.4405 	EXP 	textLDT: text = 'robinet'
316.4405 	EXP 	textLDT: autoDraw = True
317.1757 	EXP 	New trial (rep=0, index=4): <Trial 4 (4 in rep 0) data={'word': 'église', 'status': 'word', 'corrAns': 'j', 'thisN': 4, 'thisTrialN': 4, 'thisRepN': 0}>
317.1763 	DATA 	Keypress: j
317.1905 	EXP 	textLDT: autoDraw = False
317.1905 	EXP 	fix_rand: autoDraw = True
317.5906 	INFO 	Keyboard events cleared
317.5906 	EXP 	fix_rand: autoDraw = False
317.5906 	EXP 	fix_rand: autoDraw = False
317.5906 	EXP 	textLDT: height = 0.05
317.5906 	EXP 	textLDT: height = 0.05
317.5906 	EXP 	textLDT: height = 0.05
317.5906 	EXP 	textLDT: text = 'église'
317.5906 	EXP 	textLDT: autoDraw = True
318.2584 	EXP 	New trial (rep=0, index=5): <Trial 5 (5 in rep 0) data={'word': 'mappemonde', 'status': 'word', 'corrAns': 'j', 'thisN': 5, 'thisTrialN': 5, 'thisRepN': 0}>
318.2590 	DATA 	Keypress: j
318.2739 	EXP 	textLDT: autoDraw = False
318.2739 	EXP 	fix_rand: autoDraw = True
318.7903 	INFO 	Keyboard events cleared
318.7903 	EXP 	fix_rand: autoDraw = False
318.7903 	EXP 	fix_rand: autoDraw = False
318.7903 	EXP 	textLDT: height = 0.05
318.7903 	EXP 	textLDT: height = 0.05
318.7903 	EXP 	textLDT: height = 0.05
318.7903 	EXP 	textLDT: text = 'mappemonde'
318.7903 	EXP 	textLDT: autoDraw = True
319.9587 	EXP 	New trial (rep=0, index=6): <Trial 6 (6 in rep 0) data={'word': 'rejoute', 'status': 'nonword', 'corrAns': 'f', 'thisN': 6, 'thisTrialN': 6, 'thisRepN': 0}>
319.9593 	DATA 	Keypress: j
319.9741 	EXP 	textLDT: autoDraw = False
319.9741 	EXP 	fix_rand: autoDraw = True
320.5908 	INFO 	Keyboard events cleared
320.5908 	EXP 	fix_rand: autoDraw = False
320.5908 	EXP 	fix_rand: autoDraw = False
320.5908 	EXP 	textLDT: height = 0.05
320.5908 	EXP 	textLDT: height = 0.05
320.5908 	EXP 	textLDT: height = 0.05
320.5908 	EXP 	textLDT: text = 'rejoute'
320.5908 	EXP 	textLDT: autoDraw = True
321.2251 	EXP 	New trial (rep=0, index=7): <Trial 7 (7 in rep 0) data={'word': 'infâme', 'status': 'word', 'corrAns': 'j', 'thisN': 7, 'thisTrialN': 7, 'thisRepN': 0}>
321.2258 	DATA 	Keypress: f
321.2408 	EXP 	textLDT: autoDraw = False
321.2408 	EXP 	fix_rand: autoDraw = True
321.5909 	INFO 	Keyboard events cleared
321.5909 	EXP 	fix_rand: autoDraw = False
321.5909 	EXP 	fix_rand: autoDraw = False
321.5909 	EXP 	textLDT: height = 0.05
321.5909 	EXP 	textLDT: height = 0.05
321.5909 	EXP 	textLDT: height = 0.05
321.5909 	EXP 	textLDT: text = 'infâme'
321.5909 	EXP 	textLDT: autoDraw = True
322.5593 	EXP 	New trial (rep=0, index=8): <Trial 8 (8 in rep 0) data={'word': 'peigne', 'status': 'word', 'corrAns': 'j', 'thisN': 8, 'thisTrialN': 8, 'thisRepN': 0}>
322.5599 	DATA 	Keypress: j
322.5743 	EXP 	textLDT: autoDraw = False
322.5743 	EXP 	fix_rand: autoDraw = True
323.0573 	INFO 	Keyboard events cleared
323.0573 	EXP 	fix_rand: autoDraw = False
323.0573 	EXP 	fix_rand: autoDraw = False
323.0573 	EXP 	textLDT: height = 0.05
323.0573 	EXP 	textLDT: height = 0.05
323.0573 	EXP 	textLDT: height = 0.05
323.0573 	EXP 	textLDT: text = 'peigne'
323.0573 	EXP 	textLDT: autoDraw = True
324.4918 	EXP 	New trial (rep=0, index=9): <Trial 9 (9 in rep 0) data={'word': 'écureuil', 'status': 'word', 'corrAns': 'j', 'thisN': 9, 'thisTrialN': 9, 'thisRepN': 0}>
324.4924 	DATA 	Keypress: j
324.5075 	EXP 	textLDT: autoDraw = False
324.5075 	EXP 	fix_rand: autoDraw = True
324.9240 	INFO 	Keyboard events cleared
324.9240 	EXP 	fix_rand: autoDraw = False
324.9240 	EXP 	fix_rand: autoDraw = False
324.9240 	EXP 	textLDT: height = 0.05
324.9240 	EXP 	textLDT: height = 0.05
324.9240 	EXP 	textLDT: height = 0.05
324.9240 	EXP 	textLDT: text = 'écureuil'
324.9240 	EXP 	textLDT: autoDraw = True
325.8752 	EXP 	New trial (rep=0, index=10): <Trial 10 (10 in rep 0) data={'word': 'oeuiller', 'status': 'nonword', 'corrAns': 'f', 'thisN': 10, 'thisTrialN': 10, 'thisRepN': 0}>
325.8758 	DATA 	Keypress: j
325.8907 	EXP 	textLDT: autoDraw = False
325.8907 	EXP 	fix_rand: autoDraw = True
326.2575 	INFO 	Keyboard events cleared
326.2575 	EXP 	fix_rand: autoDraw = False
326.2575 	EXP 	fix_rand: autoDraw = False
326.2575 	EXP 	textLDT: height = 0.05
326.2575 	EXP 	textLDT: height = 0.05
326.2575 	EXP 	textLDT: height = 0.05
326.2575 	EXP 	textLDT: text = 'oeuiller'
326.2575 	EXP 	textLDT: autoDraw = True
327.3545 	EXP 	New trial (rep=0, index=11): <Trial 11 (11 in rep 0) data={'word': 'parir', 'status': 'nonword', 'corrAns': 'f', 'thisN': 11, 'thisTrialN': 11, 'thisRepN': 0}>
327.3551 	DATA 	Keypress: f
327.3577 	EXP 	textLDT: autoDraw = False
327.3577 	EXP 	fix_rand: autoDraw = True
327.8077 	INFO 	Keyboard events cleared
327.8076 	EXP 	fix_rand: autoDraw = False
327.8076 	EXP 	fix_rand: autoDraw = False
327.8076 	EXP 	textLDT: height = 0.05
327.8076 	EXP 	textLDT: height = 0.05
327.8076 	EXP 	textLDT: height = 0.05
327.8076 	EXP 	textLDT: text = 'parir'
327.8076 	EXP 	textLDT: autoDraw = True
328.9546 	EXP 	New trial (rep=0, index=12): <Trial 12 (12 in rep 0) data={'word': 'parchance', 'status': 'nonword', 'corrAns': 'f', 'thisN': 12, 'thisTrialN': 12, 'thisRepN': 0}>
328.9553 	DATA 	Keypress: f
328.9573 	EXP 	textLDT: autoDraw = False
328.9573 	EXP 	fix_rand: autoDraw = True
329.3240 	INFO 	Keyboard events cleared
329.3240 	EXP 	fix_rand: autoDraw = False
329.3240 	EXP 	fix_rand: autoDraw = False
329.3240 	EXP 	textLDT: height = 0.05
329.3240 	EXP 	textLDT: height = 0.05
329.3240 	EXP 	textLDT: height = 0.05
329.3240 	EXP 	textLDT: text = 'parchance'
329.3240 	EXP 	textLDT: autoDraw = True
330.3419 	EXP 	New trial (rep=0, index=13): <Trial 13 (13 in rep 0) data={'word': 'cerveler', 'status': 'nonword', 'corrAns': 'f', 'thisN': 13, 'thisTrialN': 13, 'thisRepN': 0}>
330.3424 	DATA 	Keypress: f
330.3576 	EXP 	textLDT: autoDraw = False
330.3576 	EXP 	fix_rand: autoDraw = True
330.7244 	INFO 	Keyboard events cleared
330.7244 	EXP 	fix_rand: autoDraw = False
330.7244 	EXP 	fix_rand: autoDraw = False
330.7244 	EXP 	textLDT: height = 0.05
330.7244 	EXP 	textLDT: height = 0.05
330.7244 	EXP 	textLDT: height = 0.05
330.7244 	EXP 	textLDT: text = 'cerveler'
330.7244 	EXP 	textLDT: autoDraw = True
331.8258 	EXP 	New trial (rep=0, index=14): <Trial 14 (14 in rep 0) data={'word': 'tanin', 'status': 'word', 'corrAns': 'j', 'thisN': 14, 'thisTrialN': 14, 'thisRepN': 0}>
331.8265 	DATA 	Keypress: f
331.8410 	EXP 	textLDT: autoDraw = False
331.8410 	EXP 	fix_rand: autoDraw = True
332.3410 	INFO 	Keyboard events cleared
332.3410 	EXP 	fix_rand: autoDraw = False
332.3410 	EXP 	fix_rand: autoDraw = False
332.3410 	EXP 	textLDT: height = 0.05
332.3410 	EXP 	textLDT: height = 0.05
332.3410 	EXP 	textLDT: height = 0.05
332.3410 	EXP 	textLDT: text = 'tanin'
332.3410 	EXP 	textLDT: autoDraw = True
333.1085 	EXP 	New trial (rep=0, index=15): <Trial 15 (15 in rep 0) data={'word': 'lanière', 'status': 'word', 'corrAns': 'j', 'thisN': 15, 'thisTrialN': 15, 'thisRepN': 0}>
333.1091 	DATA 	Keypress: f
333.1342 	EXP 	textLDT: autoDraw = False
333.1342 	EXP 	fix_rand: autoDraw = True
333.6744 	INFO 	Keyboard events cleared
333.6743 	EXP 	fix_rand: autoDraw = False
333.6743 	EXP 	fix_rand: autoDraw = False
333.6743 	EXP 	textLDT: height = 0.05
333.6743 	EXP 	textLDT: height = 0.05
333.6743 	EXP 	textLDT: height = 0.05
333.6743 	EXP 	textLDT: text = 'lanière'
333.6743 	EXP 	textLDT: autoDraw = True
334.4257 	EXP 	New trial (rep=0, index=16): <Trial 16 (16 in rep 0) data={'word': 'gloque', 'status': 'nonword', 'corrAns': 'f', 'thisN': 16, 'thisTrialN': 16, 'thisRepN': 0}>
334.4263 	DATA 	Keypress: f
334.4411 	EXP 	textLDT: autoDraw = False
334.4411 	EXP 	fix_rand: autoDraw = True
334.8911 	INFO 	Keyboard events cleared
334.8910 	EXP 	fix_rand: autoDraw = False
334.8910 	EXP 	fix_rand: autoDraw = False
334.8910 	EXP 	textLDT: height = 0.05
334.8910 	EXP 	textLDT: height = 0.05
334.8910 	EXP 	textLDT: height = 0.05
334.8910 	EXP 	textLDT: text = 'gloque'
334.8910 	EXP 	textLDT: autoDraw = True
335.5921 	EXP 	New trial (rep=0, index=17): <Trial 17 (17 in rep 0) data={'word': 'cessure', 'status': 'nonword', 'corrAns': 'f', 'thisN': 17, 'thisTrialN': 17, 'thisRepN': 0}>
335.5927 	DATA 	Keypress: f
335.6075 	EXP 	textLDT: autoDraw = False
335.6075 	EXP 	fix_rand: autoDraw = True
336.0081 	INFO 	Keyboard events cleared
336.0080 	EXP 	fix_rand: autoDraw = False
336.0080 	EXP 	fix_rand: autoDraw = False
336.0080 	EXP 	textLDT: height = 0.05
336.0080 	EXP 	textLDT: height = 0.05
336.0080 	EXP 	textLDT: height = 0.05
336.0080 	EXP 	textLDT: text = 'cessure'
336.0080 	EXP 	textLDT: autoDraw = True
336.8590 	EXP 	New trial (rep=0, index=18): <Trial 18 (18 in rep 0) data={'word': 'écouce', 'status': 'nonword', 'corrAns': 'f', 'thisN': 18, 'thisTrialN': 18, 'thisRepN': 0}>
336.8596 	DATA 	Keypress: j
336.8744 	EXP 	textLDT: autoDraw = False
336.8744 	EXP 	fix_rand: autoDraw = True
337.2913 	INFO 	Keyboard events cleared
337.2913 	EXP 	fix_rand: autoDraw = False
337.2913 	EXP 	fix_rand: autoDraw = False
337.2913 	EXP 	textLDT: height = 0.05
337.2913 	EXP 	textLDT: height = 0.05
337.2913 	EXP 	textLDT: height = 0.05
337.2913 	EXP 	textLDT: text = 'écouce'
337.2913 	EXP 	textLDT: autoDraw = True
338.2757 	EXP 	New trial (rep=0, index=19): <Trial 19 (19 in rep 0) data={'word': 'éventail', 'status': 'word', 'corrAns': 'j', 'thisN': 19, 'thisTrialN': 19, 'thisRepN': 0}>
338.2763 	DATA 	Keypress: f
338.2914 	EXP 	textLDT: autoDraw = False
338.2914 	EXP 	fix_rand: autoDraw = True
338.7078 	INFO 	Keyboard events cleared
338.7077 	EXP 	fix_rand: autoDraw = False
338.7077 	EXP 	fix_rand: autoDraw = False
338.7077 	EXP 	textLDT: height = 0.05
338.7077 	EXP 	textLDT: height = 0.05
338.7077 	EXP 	textLDT: height = 0.05
338.7077 	EXP 	textLDT: text = 'éventail'
338.7077 	EXP 	textLDT: autoDraw = True
339.4757 	EXP 	New trial (rep=0, index=20): <Trial 20 (20 in rep 0) data={'word': 'inciter', 'status': 'word', 'corrAns': 'j', 'thisN': 20, 'thisTrialN': 20, 'thisRepN': 0}>
339.4763 	DATA 	Keypress: j
339.4912 	EXP 	textLDT: autoDraw = False
339.4912 	EXP 	fix_rand: autoDraw = True
339.9081 	INFO 	Keyboard events cleared
339.9080 	EXP 	fix_rand: autoDraw = False
339.9080 	EXP 	fix_rand: autoDraw = False
339.9080 	EXP 	textLDT: height = 0.05
339.9080 	EXP 	textLDT: height = 0.05
339.9080 	EXP 	textLDT: height = 0.05
339.9080 	EXP 	textLDT: text = 'inciter'
339.9080 	EXP 	textLDT: autoDraw = True
340.9425 	EXP 	New trial (rep=0, index=21): <Trial 21 (21 in rep 0) data={'word': 'jamain', 'status': 'nonword', 'corrAns': 'f', 'thisN': 21, 'thisTrialN': 21, 'thisRepN': 0}>
340.9431 	DATA 	Keypress: f
340.9578 	EXP 	textLDT: autoDraw = False
340.9578 	EXP 	fix_rand: autoDraw = True
341.4745 	INFO 	Keyboard events cleared
341.4745 	EXP 	fix_rand: autoDraw = False
341.4745 	EXP 	fix_rand: autoDraw = False
341.4745 	EXP 	textLDT: height = 0.05
341.4745 	EXP 	textLDT: height = 0.05
341.4745 	EXP 	textLDT: height = 0.05
341.4745 	EXP 	textLDT: text = 'jamain'
341.4745 	EXP 	textLDT: autoDraw = True
342.1601 	EXP 	New trial (rep=0, index=22): <Trial 22 (22 in rep 0) data={'word': 'sacher', 'status': 'nonword', 'corrAns': 'f', 'thisN': 22, 'thisTrialN': 22, 'thisRepN': 0}>
342.1608 	DATA 	Keypress: j
342.1769 	EXP 	textLDT: autoDraw = False
342.1769 	EXP 	fix_rand: autoDraw = True
342.6578 	INFO 	Keyboard events cleared
342.6578 	EXP 	fix_rand: autoDraw = False
342.6578 	EXP 	fix_rand: autoDraw = False
342.6578 	EXP 	textLDT: height = 0.05
342.6578 	EXP 	textLDT: height = 0.05
342.6578 	EXP 	textLDT: height = 0.05
342.6578 	EXP 	textLDT: text = 'sacher'
342.6578 	EXP 	textLDT: autoDraw = True
343.9093 	EXP 	New trial (rep=0, index=23): <Trial 23 (23 in rep 0) data={'word': 'orgueil', 'status': 'word', 'corrAns': 'j', 'thisN': 23, 'thisTrialN': 23, 'thisRepN': 0}>
343.9099 	DATA 	Keypress: j
343.9252 	EXP 	textLDT: autoDraw = False
343.9252 	EXP 	fix_rand: autoDraw = True
344.3246 	INFO 	Keyboard events cleared
344.3245 	EXP 	fix_rand: autoDraw = False
344.3245 	EXP 	fix_rand: autoDraw = False
344.3245 	EXP 	textLDT: height = 0.05
344.3245 	EXP 	textLDT: height = 0.05
344.3245 	EXP 	textLDT: height = 0.05
344.3245 	EXP 	textLDT: text = 'orgueil'
344.3245 	EXP 	textLDT: autoDraw = True
345.1759 	EXP 	New trial (rep=0, index=24): <Trial 24 (24 in rep 0) data={'word': 'plaiser', 'status': 'nonword', 'corrAns': 'f', 'thisN': 24, 'thisTrialN': 24, 'thisRepN': 0}>
345.1765 	DATA 	Keypress: f
345.1913 	EXP 	textLDT: autoDraw = False
345.1913 	EXP 	fix_rand: autoDraw = True
345.5746 	INFO 	Keyboard events cleared
345.5746 	EXP 	fix_rand: autoDraw = False
345.5746 	EXP 	fix_rand: autoDraw = False
345.5746 	EXP 	textLDT: height = 0.05
345.5746 	EXP 	textLDT: height = 0.05
345.5746 	EXP 	textLDT: height = 0.05
345.5746 	EXP 	textLDT: text = 'plaiser'
345.5746 	EXP 	textLDT: autoDraw = True
346.4961 	EXP 	New trial (rep=0, index=25): <Trial 25 (25 in rep 0) data={'word': 'hache', 'status': 'word', 'corrAns': 'j', 'thisN': 25, 'thisTrialN': 25, 'thisRepN': 0}>
346.4967 	DATA 	Keypress: f
346.5082 	EXP 	textLDT: autoDraw = False
346.5082 	EXP 	fix_rand: autoDraw = True
347.0081 	INFO 	Keyboard events cleared
347.0080 	EXP 	fix_rand: autoDraw = False
347.0080 	EXP 	fix_rand: autoDraw = False
347.0080 	EXP 	textLDT: height = 0.05
347.0080 	EXP 	textLDT: height = 0.05
347.0080 	EXP 	textLDT: height = 0.05
347.0080 	EXP 	textLDT: text = 'hache'
347.0080 	EXP 	textLDT: autoDraw = True
348.0926 	EXP 	New trial (rep=0, index=26): <Trial 26 (26 in rep 0) data={'word': 'retruire', 'status': 'nonword', 'corrAns': 'f', 'thisN': 26, 'thisTrialN': 26, 'thisRepN': 0}>
348.0932 	DATA 	Keypress: j
348.1084 	EXP 	textLDT: autoDraw = False
348.1084 	EXP 	fix_rand: autoDraw = True
348.5254 	INFO 	Keyboard events cleared
348.5253 	EXP 	fix_rand: autoDraw = False
348.5253 	EXP 	fix_rand: autoDraw = False
348.5253 	EXP 	textLDT: height = 0.05
348.5253 	EXP 	textLDT: height = 0.05
348.5253 	EXP 	textLDT: height = 0.05
348.5253 	EXP 	textLDT: text = 'retruire'
348.5253 	EXP 	textLDT: autoDraw = True
349.3595 	EXP 	New trial (rep=0, index=27): <Trial 27 (27 in rep 0) data={'word': 'abêtir', 'status': 'word', 'corrAns': 'j', 'thisN': 27, 'thisTrialN': 27, 'thisRepN': 0}>
349.3601 	DATA 	Keypress: j
349.3749 	EXP 	textLDT: autoDraw = False
349.3749 	EXP 	fix_rand: autoDraw = True
349.7581 	INFO 	Keyboard events cleared
349.7581 	EXP 	fix_rand: autoDraw = False
349.7581 	EXP 	fix_rand: autoDraw = False
349.7581 	EXP 	textLDT: height = 0.05
349.7581 	EXP 	textLDT: height = 0.05
349.7581 	EXP 	textLDT: height = 0.05
349.7581 	EXP 	textLDT: text = 'abêtir'
349.7581 	EXP 	textLDT: autoDraw = True
350.4159 	EXP 	New trial (rep=0, index=28): <Trial 28 (28 in rep 0) data={'word': 'prioche', 'status': 'nonword', 'corrAns': 'f', 'thisN': 28, 'thisTrialN': 28, 'thisRepN': 0}>
350.4164 	DATA 	Keypress: j
350.4249 	EXP 	textLDT: autoDraw = False
350.4249 	EXP 	fix_rand: autoDraw = True
350.9085 	INFO 	Keyboard events cleared
350.9085 	EXP 	fix_rand: autoDraw = False
350.9085 	EXP 	fix_rand: autoDraw = False
350.9085 	EXP 	textLDT: height = 0.05
350.9085 	EXP 	textLDT: height = 0.05
350.9085 	EXP 	textLDT: height = 0.05
350.9085 	EXP 	textLDT: text = 'prioche'
350.9085 	EXP 	textLDT: autoDraw = True
351.7097 	EXP 	New trial (rep=0, index=29): <Trial 29 (29 in rep 0) data={'word': 'raplaner', 'status': 'nonword', 'corrAns': 'f', 'thisN': 29, 'thisTrialN': 29, 'thisRepN': 0}>
351.7104 	DATA 	Keypress: j
351.7252 	EXP 	textLDT: autoDraw = False
351.7252 	EXP 	fix_rand: autoDraw = True
352.1415 	INFO 	Keyboard events cleared
352.1415 	EXP 	fix_rand: autoDraw = False
352.1415 	EXP 	fix_rand: autoDraw = False
352.1415 	EXP 	textLDT: height = 0.05
352.1415 	EXP 	textLDT: height = 0.05
352.1415 	EXP 	textLDT: height = 0.05
352.1415 	EXP 	textLDT: text = 'raplaner'
352.1415 	EXP 	textLDT: autoDraw = True
352.9927 	EXP 	New trial (rep=0, index=30): <Trial 30 (30 in rep 0) data={'word': 'œillet', 'status': 'word', 'corrAns': 'j', 'thisN': 30, 'thisTrialN': 30, 'thisRepN': 0}>
352.9933 	DATA 	Keypress: f
353.0086 	EXP 	textLDT: autoDraw = False
353.0086 	EXP 	fix_rand: autoDraw = True
353.3250 	INFO 	Keyboard events cleared
353.3249 	EXP 	fix_rand: autoDraw = False
353.3249 	EXP 	fix_rand: autoDraw = False
353.3249 	EXP 	textLDT: height = 0.05
353.3249 	EXP 	textLDT: height = 0.05
353.3249 	EXP 	textLDT: height = 0.05
353.3249 	EXP 	textLDT: text = 'œillet'
353.3249 	EXP 	textLDT: autoDraw = True
354.1099 	EXP 	New trial (rep=0, index=31): <Trial 31 (31 in rep 0) data={'word': 'remporter', 'status': 'word', 'corrAns': 'j', 'thisN': 31, 'thisTrialN': 31, 'thisRepN': 0}>
354.1105 	DATA 	Keypress: f
354.1250 	EXP 	textLDT: autoDraw = False
354.1250 	EXP 	fix_rand: autoDraw = True
354.5416 	INFO 	Keyboard events cleared
354.5416 	EXP 	fix_rand: autoDraw = False
354.5416 	EXP 	fix_rand: autoDraw = False
354.5416 	EXP 	textLDT: height = 0.05
354.5416 	EXP 	textLDT: height = 0.05
354.5416 	EXP 	textLDT: height = 0.05
354.5416 	EXP 	textLDT: text = 'remporter'
354.5416 	EXP 	textLDT: autoDraw = True
355.4427 	EXP 	New trial (rep=0, index=32): <Trial 32 (32 in rep 0) data={'word': 'lézard', 'status': 'word', 'corrAns': 'j', 'thisN': 32, 'thisTrialN': 32, 'thisRepN': 0}>
355.4433 	DATA 	Keypress: j
355.4583 	EXP 	textLDT: autoDraw = False
355.4583 	EXP 	fix_rand: autoDraw = True
356.0584 	INFO 	Keyboard events cleared
356.0583 	EXP 	fix_rand: autoDraw = False
356.0583 	EXP 	fix_rand: autoDraw = False
356.0583 	EXP 	textLDT: height = 0.05
356.0583 	EXP 	textLDT: height = 0.05
356.0583 	EXP 	textLDT: height = 0.05
356.0583 	EXP 	textLDT: text = 'lézard'
356.0583 	EXP 	textLDT: autoDraw = True
356.9595 	EXP 	New trial (rep=0, index=33): <Trial 33 (33 in rep 0) data={'word': 'fourmi', 'status': 'word', 'corrAns': 'j', 'thisN': 33, 'thisTrialN': 33, 'thisRepN': 0}>
356.9602 	DATA 	Keypress: j
356.9752 	EXP 	textLDT: autoDraw = False
356.9752 	EXP 	fix_rand: autoDraw = True
357.3751 	INFO 	Keyboard events cleared
357.3751 	EXP 	fix_rand: autoDraw = False
357.3751 	EXP 	fix_rand: autoDraw = False
357.3751 	EXP 	textLDT: height = 0.05
357.3751 	EXP 	textLDT: height = 0.05
357.3751 	EXP 	textLDT: height = 0.05
357.3751 	EXP 	textLDT: text = 'fourmi'
357.3751 	EXP 	textLDT: autoDraw = True
358.0167 	EXP 	New trial (rep=0, index=34): <Trial 34 (34 in rep 0) data={'word': 'marteau', 'status': 'word', 'corrAns': 'j', 'thisN': 34, 'thisTrialN': 34, 'thisRepN': 0}>
358.0173 	DATA 	Keypress: j
358.0254 	EXP 	textLDT: autoDraw = False
358.0254 	EXP 	fix_rand: autoDraw = True
358.5249 	INFO 	Keyboard events cleared
358.5249 	EXP 	fix_rand: autoDraw = False
358.5249 	EXP 	fix_rand: autoDraw = False
358.5249 	EXP 	textLDT: height = 0.05
358.5249 	EXP 	textLDT: height = 0.05
358.5249 	EXP 	textLDT: height = 0.05
358.5249 	EXP 	textLDT: text = 'marteau'
358.5249 	EXP 	textLDT: autoDraw = True
359.2958 	EXP 	New trial (rep=0, index=35): <Trial 35 (35 in rep 0) data={'word': 'pouce', 'status': 'word', 'corrAns': 'j', 'thisN': 35, 'thisTrialN': 35, 'thisRepN': 0}>
359.2964 	DATA 	Keypress: j
359.3088 	EXP 	textLDT: autoDraw = False
359.3088 	EXP 	fix_rand: autoDraw = True
359.7087 	INFO 	Keyboard events cleared
359.7087 	EXP 	fix_rand: autoDraw = False
359.7087 	EXP 	fix_rand: autoDraw = False
359.7087 	EXP 	textLDT: height = 0.05
359.7087 	EXP 	textLDT: height = 0.05
359.7087 	EXP 	textLDT: height = 0.05
359.7087 	EXP 	textLDT: text = 'pouce'
359.7087 	EXP 	textLDT: autoDraw = True
360.7096 	EXP 	New trial (rep=0, index=36): <Trial 36 (36 in rep 0) data={'word': 'osseaux', 'status': 'nonword', 'corrAns': 'f', 'thisN': 36, 'thisTrialN': 36, 'thisRepN': 0}>
360.7103 	DATA 	Keypress: f
360.7256 	EXP 	textLDT: autoDraw = False
360.7256 	EXP 	fix_rand: autoDraw = True
361.1753 	INFO 	Keyboard events cleared
361.1753 	EXP 	fix_rand: autoDraw = False
361.1753 	EXP 	fix_rand: autoDraw = False
361.1753 	EXP 	textLDT: height = 0.05
361.1753 	EXP 	textLDT: height = 0.05
361.1753 	EXP 	textLDT: height = 0.05
361.1753 	EXP 	textLDT: text = 'osseaux'
361.1753 	EXP 	textLDT: autoDraw = True
361.7597 	EXP 	New trial (rep=0, index=37): <Trial 37 (37 in rep 0) data={'word': 'cintre', 'status': 'word', 'corrAns': 'j', 'thisN': 37, 'thisTrialN': 37, 'thisRepN': 0}>
361.7603 	DATA 	Keypress: j
361.7750 	EXP 	textLDT: autoDraw = False
361.7750 	EXP 	fix_rand: autoDraw = True
362.3918 	INFO 	Keyboard events cleared
362.3918 	EXP 	fix_rand: autoDraw = False
362.3918 	EXP 	fix_rand: autoDraw = False
362.3918 	EXP 	textLDT: height = 0.05
362.3918 	EXP 	textLDT: height = 0.05
362.3918 	EXP 	textLDT: height = 0.05
362.3918 	EXP 	textLDT: text = 'cintre'
362.3918 	EXP 	textLDT: autoDraw = True
363.0268 	EXP 	New trial (rep=0, index=38): <Trial 38 (38 in rep 0) data={'word': 'citrouille', 'status': 'word', 'corrAns': 'j', 'thisN': 38, 'thisTrialN': 38, 'thisRepN': 0}>
363.0275 	DATA 	Keypress: f
363.0421 	EXP 	textLDT: autoDraw = False
363.0421 	EXP 	fix_rand: autoDraw = True
363.3917 	INFO 	Keyboard events cleared
363.3916 	EXP 	fix_rand: autoDraw = False
363.3916 	EXP 	fix_rand: autoDraw = False
363.3916 	EXP 	textLDT: height = 0.05
363.3916 	EXP 	textLDT: height = 0.05
363.3916 	EXP 	textLDT: height = 0.05
363.3916 	EXP 	textLDT: text = 'citrouille'
363.3916 	EXP 	textLDT: autoDraw = True
364.5103 	EXP 	New trial (rep=0, index=39): <Trial 39 (39 in rep 0) data={'word': 'treillage', 'status': 'word', 'corrAns': 'j', 'thisN': 39, 'thisTrialN': 39, 'thisRepN': 0}>
364.5109 	DATA 	Keypress: f
364.5252 	EXP 	textLDT: autoDraw = False
364.5252 	EXP 	fix_rand: autoDraw = True
364.9089 	INFO 	Keyboard events cleared
364.9089 	EXP 	fix_rand: autoDraw = False
364.9089 	EXP 	fix_rand: autoDraw = False
364.9089 	EXP 	textLDT: height = 0.05
364.9089 	EXP 	textLDT: height = 0.05
364.9089 	EXP 	textLDT: height = 0.05
364.9089 	EXP 	textLDT: text = 'treillage'
364.9089 	EXP 	textLDT: autoDraw = True
365.5766 	EXP 	New trial (rep=0, index=40): <Trial 40 (40 in rep 0) data={'word': 'endifier', 'status': 'nonword', 'corrAns': 'f', 'thisN': 40, 'thisTrialN': 40, 'thisRepN': 0}>
365.5772 	DATA 	Keypress: f
365.5918 	EXP 	textLDT: autoDraw = False
365.5918 	EXP 	fix_rand: autoDraw = True
366.0755 	INFO 	Keyboard events cleared
366.0754 	EXP 	fix_rand: autoDraw = False
366.0754 	EXP 	fix_rand: autoDraw = False
366.0754 	EXP 	textLDT: height = 0.05
366.0754 	EXP 	textLDT: height = 0.05
366.0754 	EXP 	textLDT: height = 0.05
366.0754 	EXP 	textLDT: text = 'endifier'
366.0754 	EXP 	textLDT: autoDraw = True
366.8769 	EXP 	New trial (rep=0, index=41): <Trial 41 (41 in rep 0) data={'word': 'mignon', 'status': 'word', 'corrAns': 'j', 'thisN': 41, 'thisTrialN': 41, 'thisRepN': 0}>
366.8775 	DATA 	Keypress: f
366.8920 	EXP 	textLDT: autoDraw = False
366.8920 	EXP 	fix_rand: autoDraw = True
367.3586 	INFO 	Keyboard events cleared
367.3585 	EXP 	fix_rand: autoDraw = False
367.3585 	EXP 	fix_rand: autoDraw = False
367.3585 	EXP 	textLDT: height = 0.05
367.3585 	EXP 	textLDT: height = 0.05
367.3585 	EXP 	textLDT: height = 0.05
367.3585 	EXP 	textLDT: text = 'mignon'
367.3585 	EXP 	textLDT: autoDraw = True
367.9931 	EXP 	New trial (rep=0, index=42): <Trial 42 (42 in rep 0) data={'word': 'esquif', 'status': 'word', 'corrAns': 'j', 'thisN': 42, 'thisTrialN': 42, 'thisRepN': 0}>
367.9937 	DATA 	Keypress: j
368.0092 	EXP 	textLDT: autoDraw = False
368.0092 	EXP 	fix_rand: autoDraw = True
368.5350 	INFO 	Keyboard events cleared
368.5350 	EXP 	fix_rand: autoDraw = False
368.5350 	EXP 	fix_rand: autoDraw = False
368.5350 	EXP 	textLDT: height = 0.05
368.5350 	EXP 	textLDT: height = 0.05
368.5350 	EXP 	textLDT: height = 0.05
368.5350 	EXP 	textLDT: text = 'esquif'
368.5350 	EXP 	textLDT: autoDraw = True
369.4770 	EXP 	New trial (rep=0, index=43): <Trial 43 (43 in rep 0) data={'word': 'soumon', 'status': 'nonword', 'corrAns': 'f', 'thisN': 43, 'thisTrialN': 43, 'thisRepN': 0}>
369.4776 	DATA 	Keypress: f
369.4917 	EXP 	textLDT: autoDraw = False
369.4917 	EXP 	fix_rand: autoDraw = True
369.8756 	INFO 	Keyboard events cleared
369.8755 	EXP 	fix_rand: autoDraw = False
369.8755 	EXP 	fix_rand: autoDraw = False
369.8755 	EXP 	textLDT: height = 0.05
369.8755 	EXP 	textLDT: height = 0.05
369.8755 	EXP 	textLDT: height = 0.05
369.8755 	EXP 	textLDT: text = 'soumon'
369.8755 	EXP 	textLDT: autoDraw = True
370.6604 	DATA 	Keypress: j
370.6770 	EXP 	New trial (rep=0, index=44): <Trial 44 (44 in rep 0) data={'word': 'crayon', 'status': 'word', 'corrAns': 'j', 'thisN': 44, 'thisTrialN': 44, 'thisRepN': 0}>
370.6921 	EXP 	textLDT: autoDraw = False
370.6921 	EXP 	fix_rand: autoDraw = True
371.1588 	INFO 	Keyboard events cleared
371.1587 	EXP 	fix_rand: autoDraw = False
371.1587 	EXP 	fix_rand: autoDraw = False
371.1587 	EXP 	textLDT: height = 0.05
371.1587 	EXP 	textLDT: height = 0.05
371.1587 	EXP 	textLDT: height = 0.05
371.1587 	EXP 	textLDT: text = 'crayon'
371.1587 	EXP 	textLDT: autoDraw = True
371.7767 	EXP 	New trial (rep=0, index=45): <Trial 45 (45 in rep 0) data={'word': 'panier', 'status': 'word', 'corrAns': 'j', 'thisN': 45, 'thisTrialN': 45, 'thisRepN': 0}>
371.7774 	DATA 	Keypress: j
371.7920 	EXP 	textLDT: autoDraw = False
371.7920 	EXP 	fix_rand: autoDraw = True
372.1421 	INFO 	Keyboard events cleared
372.1421 	EXP 	fix_rand: autoDraw = False
372.1421 	EXP 	fix_rand: autoDraw = False
372.1421 	EXP 	textLDT: height = 0.05
372.1421 	EXP 	textLDT: height = 0.05
372.1421 	EXP 	textLDT: height = 0.05
372.1421 	EXP 	textLDT: text = 'panier'
372.1421 	EXP 	textLDT: autoDraw = True
372.8766 	EXP 	New trial (rep=0, index=46): <Trial 46 (46 in rep 0) data={'word': 'indicible', 'status': 'word', 'corrAns': 'j', 'thisN': 46, 'thisTrialN': 46, 'thisRepN': 0}>
372.8772 	DATA 	Keypress: j
372.8920 	EXP 	textLDT: autoDraw = False
372.8920 	EXP 	fix_rand: autoDraw = True
373.3920 	INFO 	Keyboard events cleared
373.3920 	EXP 	fix_rand: autoDraw = False
373.3920 	EXP 	fix_rand: autoDraw = False
373.3920 	EXP 	textLDT: height = 0.05
373.3920 	EXP 	textLDT: height = 0.05
373.3920 	EXP 	textLDT: height = 0.05
373.3920 	EXP 	textLDT: text = 'indicible'
373.3920 	EXP 	textLDT: autoDraw = True
374.2768 	DATA 	Keypress: j
374.2936 	EXP 	New trial (rep=0, index=47): <Trial 47 (47 in rep 0) data={'word': 'ennemi', 'status': 'word', 'corrAns': 'j', 'thisN': 47, 'thisTrialN': 47, 'thisRepN': 0}>
374.3088 	EXP 	textLDT: autoDraw = False
374.3088 	EXP 	fix_rand: autoDraw = True
374.7091 	INFO 	Keyboard events cleared
374.7090 	EXP 	fix_rand: autoDraw = False
374.7090 	EXP 	fix_rand: autoDraw = False
374.7090 	EXP 	textLDT: height = 0.05
374.7090 	EXP 	textLDT: height = 0.05
374.7090 	EXP 	textLDT: height = 0.05
374.7090 	EXP 	textLDT: text = 'ennemi'
374.7090 	EXP 	textLDT: autoDraw = True
375.2601 	EXP 	New trial (rep=0, index=48): <Trial 48 (48 in rep 0) data={'word': 'escroc', 'status': 'word', 'corrAns': 'j', 'thisN': 48, 'thisTrialN': 48, 'thisRepN': 0}>
375.2607 	DATA 	Keypress: j
375.2753 	EXP 	textLDT: autoDraw = False
375.2753 	EXP 	fix_rand: autoDraw = True
375.7090 	INFO 	Keyboard events cleared
375.7090 	EXP 	fix_rand: autoDraw = False
375.7090 	EXP 	fix_rand: autoDraw = False
375.7090 	EXP 	textLDT: height = 0.05
375.7090 	EXP 	textLDT: height = 0.05
375.7090 	EXP 	textLDT: height = 0.05
375.7090 	EXP 	textLDT: text = 'escroc'
375.7090 	EXP 	textLDT: autoDraw = True
376.6610 	EXP 	New trial (rep=0, index=49): <Trial 49 (49 in rep 0) data={'word': 'capeline', 'status': 'word', 'corrAns': 'j', 'thisN': 49, 'thisTrialN': 49, 'thisRepN': 0}>
376.6616 	DATA 	Keypress: f
376.6760 	EXP 	textLDT: autoDraw = False
376.6760 	EXP 	fix_rand: autoDraw = True
377.3922 	INFO 	Keyboard events cleared
377.3922 	EXP 	fix_rand: autoDraw = False
377.3922 	EXP 	fix_rand: autoDraw = False
377.3922 	EXP 	textLDT: height = 0.05
377.3922 	EXP 	textLDT: height = 0.05
377.3922 	EXP 	textLDT: height = 0.05
377.3922 	EXP 	textLDT: text = 'capeline'
377.3922 	EXP 	textLDT: autoDraw = True
378.0778 	EXP 	New trial (rep=0, index=50): <Trial 50 (50 in rep 0) data={'word': 'metter', 'status': 'nonword', 'corrAns': 'f', 'thisN': 50, 'thisTrialN': 50, 'thisRepN': 0}>
378.0785 	DATA 	Keypress: f
378.0923 	EXP 	textLDT: autoDraw = False
378.0923 	EXP 	fix_rand: autoDraw = True
378.4590 	INFO 	Keyboard events cleared
378.4589 	EXP 	fix_rand: autoDraw = False
378.4589 	EXP 	fix_rand: autoDraw = False
378.4589 	EXP 	textLDT: height = 0.05
378.4589 	EXP 	textLDT: height = 0.05
378.4589 	EXP 	textLDT: height = 0.05
378.4589 	EXP 	textLDT: text = 'metter'
378.4589 	EXP 	textLDT: autoDraw = True
379.3103 	EXP 	New trial (rep=0, index=51): <Trial 51 (51 in rep 0) data={'word': 'fascine', 'status': 'word', 'corrAns': 'j', 'thisN': 51, 'thisTrialN': 51, 'thisRepN': 0}>
379.3108 	DATA 	Keypress: f
379.3258 	EXP 	textLDT: autoDraw = False
379.3258 	EXP 	fix_rand: autoDraw = True
379.7762 	INFO 	Keyboard events cleared
379.7762 	EXP 	fix_rand: autoDraw = False
379.7762 	EXP 	fix_rand: autoDraw = False
379.7762 	EXP 	textLDT: height = 0.05
379.7762 	EXP 	textLDT: height = 0.05
379.7762 	EXP 	textLDT: height = 0.05
379.7762 	EXP 	textLDT: text = 'fascine'
379.7762 	EXP 	textLDT: autoDraw = True
382.2436 	EXP 	New trial (rep=0, index=52): <Trial 52 (52 in rep 0) data={'word': 'caddie', 'status': 'word', 'corrAns': 'j', 'thisN': 52, 'thisTrialN': 52, 'thisRepN': 0}>
382.2441 	DATA 	Keypress: f
382.2596 	EXP 	textLDT: autoDraw = False
382.2596 	EXP 	fix_rand: autoDraw = True
382.7425 	INFO 	Keyboard events cleared
382.7425 	EXP 	fix_rand: autoDraw = False
382.7425 	EXP 	fix_rand: autoDraw = False
382.7425 	EXP 	textLDT: height = 0.05
382.7425 	EXP 	textLDT: height = 0.05
382.7425 	EXP 	textLDT: height = 0.05
382.7425 	EXP 	textLDT: text = 'caddie'
382.7425 	EXP 	textLDT: autoDraw = True
383.2934 	EXP 	New trial (rep=0, index=53): <Trial 53 (53 in rep 0) data={'word': 'bouton', 'status': 'word', 'corrAns': 'j', 'thisN': 53, 'thisTrialN': 53, 'thisRepN': 0}>
383.2939 	DATA 	Keypress: f
383.3094 	EXP 	textLDT: autoDraw = False
383.3094 	EXP 	fix_rand: autoDraw = True
383.8759 	INFO 	Keyboard events cleared
383.8759 	EXP 	fix_rand: autoDraw = False
383.8759 	EXP 	fix_rand: autoDraw = False
383.8759 	EXP 	textLDT: height = 0.05
383.8759 	EXP 	textLDT: height = 0.05
383.8759 	EXP 	textLDT: height = 0.05
383.8759 	EXP 	textLDT: text = 'bouton'
383.8759 	EXP 	textLDT: autoDraw = True
384.4771 	EXP 	New trial (rep=0, index=54): <Trial 54 (54 in rep 0) data={'word': 'bouilloire', 'status': 'word', 'corrAns': 'j', 'thisN': 54, 'thisTrialN': 54, 'thisRepN': 0}>
384.4776 	DATA 	Keypress: j
384.4925 	EXP 	textLDT: autoDraw = False
384.4925 	EXP 	fix_rand: autoDraw = True
384.8757 	INFO 	Keyboard events cleared
384.8757 	EXP 	fix_rand: autoDraw = False
384.8757 	EXP 	fix_rand: autoDraw = False
384.8757 	EXP 	textLDT: height = 0.05
384.8757 	EXP 	textLDT: height = 0.05
384.8757 	EXP 	textLDT: height = 0.05
384.8757 	EXP 	textLDT: text = 'bouilloire'
384.8757 	EXP 	textLDT: autoDraw = True
385.6770 	EXP 	New trial (rep=0, index=55): <Trial 55 (55 in rep 0) data={'word': 'salière', 'status': 'word', 'corrAns': 'j', 'thisN': 55, 'thisTrialN': 55, 'thisRepN': 0}>
385.6775 	DATA 	Keypress: f
385.6922 	EXP 	textLDT: autoDraw = False
385.6922 	EXP 	fix_rand: autoDraw = True
386.1257 	INFO 	Keyboard events cleared
386.1257 	EXP 	fix_rand: autoDraw = False
386.1257 	EXP 	fix_rand: autoDraw = False
386.1257 	EXP 	textLDT: height = 0.05
386.1257 	EXP 	textLDT: height = 0.05
386.1257 	EXP 	textLDT: height = 0.05
386.1257 	EXP 	textLDT: text = 'salière'
386.1257 	EXP 	textLDT: autoDraw = True
387.7610 	EXP 	New trial (rep=0, index=56): <Trial 56 (56 in rep 0) data={'word': 'canoter', 'status': 'word', 'corrAns': 'j', 'thisN': 56, 'thisTrialN': 56, 'thisRepN': 0}>
387.7616 	DATA 	Keypress: j
387.7761 	EXP 	textLDT: autoDraw = False
387.7761 	EXP 	fix_rand: autoDraw = True
388.1759 	INFO 	Keyboard events cleared
388.1759 	EXP 	fix_rand: autoDraw = False
388.1759 	EXP 	fix_rand: autoDraw = False
388.1759 	EXP 	textLDT: height = 0.05
388.1759 	EXP 	textLDT: height = 0.05
388.1759 	EXP 	textLDT: height = 0.05
388.1759 	EXP 	textLDT: text = 'canoter'
388.1759 	EXP 	textLDT: autoDraw = True
388.8270 	EXP 	New trial (rep=0, index=57): <Trial 57 (57 in rep 0) data={'word': 'cheveux', 'status': 'word', 'corrAns': 'j', 'thisN': 57, 'thisTrialN': 57, 'thisRepN': 0}>
388.8276 	DATA 	Keypress: f
388.8424 	EXP 	textLDT: autoDraw = False
388.8424 	EXP 	fix_rand: autoDraw = True
389.4426 	INFO 	Keyboard events cleared
389.4425 	EXP 	fix_rand: autoDraw = False
389.4425 	EXP 	fix_rand: autoDraw = False
389.4425 	EXP 	textLDT: height = 0.05
389.4425 	EXP 	textLDT: height = 0.05
389.4425 	EXP 	textLDT: height = 0.05
389.4425 	EXP 	textLDT: text = 'cheveux'
389.4425 	EXP 	textLDT: autoDraw = True
390.3557 	EXP 	New trial (rep=0, index=58): <Trial 58 (58 in rep 0) data={'word': 'chameau', 'status': 'word', 'corrAns': 'j', 'thisN': 58, 'thisTrialN': 58, 'thisRepN': 0}>
390.3563 	DATA 	Keypress: j
390.3593 	EXP 	textLDT: autoDraw = False
390.3593 	EXP 	fix_rand: autoDraw = True
390.7594 	INFO 	Keyboard events cleared
390.7594 	EXP 	fix_rand: autoDraw = False
390.7594 	EXP 	fix_rand: autoDraw = False
390.7594 	EXP 	textLDT: height = 0.05
390.7594 	EXP 	textLDT: height = 0.05
390.7594 	EXP 	textLDT: height = 0.05
390.7594 	EXP 	textLDT: text = 'chameau'
390.7594 	EXP 	textLDT: autoDraw = True
391.8440 	EXP 	New trial (rep=0, index=59): <Trial 59 (59 in rep 0) data={'word': 'amadouer', 'status': 'word', 'corrAns': 'j', 'thisN': 59, 'thisTrialN': 59, 'thisRepN': 0}>
391.8445 	DATA 	Keypress: j
391.8594 	EXP 	textLDT: autoDraw = False
391.8594 	EXP 	fix_rand: autoDraw = True
392.4092 	INFO 	Keyboard events cleared
392.4092 	EXP 	fix_rand: autoDraw = False
392.4092 	EXP 	fix_rand: autoDraw = False
392.4092 	EXP 	textLDT: height = 0.05
392.4092 	EXP 	textLDT: height = 0.05
392.4092 	EXP 	textLDT: height = 0.05
392.4092 	EXP 	textLDT: text = 'amadouer'
392.4092 	EXP 	textLDT: autoDraw = True
392.9772 	EXP 	New trial (rep=0, index=60): <Trial 60 (60 in rep 0) data={'word': 'clouer', 'status': 'word', 'corrAns': 'j', 'thisN': 60, 'thisTrialN': 60, 'thisRepN': 0}>
392.9778 	DATA 	Keypress: f
392.9961 	EXP 	textLDT: autoDraw = False
392.9961 	EXP 	fix_rand: autoDraw = True
393.3927 	INFO 	Keyboard events cleared
393.3927 	EXP 	fix_rand: autoDraw = False
393.3927 	EXP 	fix_rand: autoDraw = False
393.3927 	EXP 	textLDT: height = 0.05
393.3927 	EXP 	textLDT: height = 0.05
393.3927 	EXP 	textLDT: height = 0.05
393.3927 	EXP 	textLDT: text = 'clouer'
393.3927 	EXP 	textLDT: autoDraw = True
394.3441 	EXP 	New trial (rep=0, index=61): <Trial 61 (61 in rep 0) data={'word': 'fenêtre', 'status': 'word', 'corrAns': 'j', 'thisN': 61, 'thisTrialN': 61, 'thisRepN': 0}>
394.3447 	DATA 	Keypress: j
394.3595 	EXP 	textLDT: autoDraw = False
394.3595 	EXP 	fix_rand: autoDraw = True
394.9097 	INFO 	Keyboard events cleared
394.9097 	EXP 	fix_rand: autoDraw = False
394.9097 	EXP 	fix_rand: autoDraw = False
394.9097 	EXP 	textLDT: height = 0.05
394.9097 	EXP 	textLDT: height = 0.05
394.9097 	EXP 	textLDT: height = 0.05
394.9097 	EXP 	textLDT: text = 'fenêtre'
394.9097 	EXP 	textLDT: autoDraw = True
395.5605 	EXP 	New trial (rep=0, index=62): <Trial 62 (62 in rep 0) data={'word': 'semonce', 'status': 'word', 'corrAns': 'j', 'thisN': 62, 'thisTrialN': 62, 'thisRepN': 0}>
395.5611 	DATA 	Keypress: j
395.5761 	EXP 	textLDT: autoDraw = False
395.5761 	EXP 	fix_rand: autoDraw = True
396.1927 	INFO 	Keyboard events cleared
396.1926 	EXP 	fix_rand: autoDraw = False
396.1926 	EXP 	fix_rand: autoDraw = False
396.1926 	EXP 	textLDT: height = 0.05
396.1926 	EXP 	textLDT: height = 0.05
396.1926 	EXP 	textLDT: height = 0.05
396.1926 	EXP 	textLDT: text = 'semonce'
396.1926 	EXP 	textLDT: autoDraw = True
397.1446 	EXP 	New trial (rep=0, index=63): <Trial 63 (63 in rep 0) data={'word': 'alourdir', 'status': 'word', 'corrAns': 'j', 'thisN': 63, 'thisTrialN': 63, 'thisRepN': 0}>
397.1452 	DATA 	Keypress: f
397.1596 	EXP 	textLDT: autoDraw = False
397.1596 	EXP 	fix_rand: autoDraw = True
397.5428 	INFO 	Keyboard events cleared
397.5428 	EXP 	fix_rand: autoDraw = False
397.5428 	EXP 	fix_rand: autoDraw = False
397.5428 	EXP 	textLDT: height = 0.05
397.5428 	EXP 	textLDT: height = 0.05
397.5428 	EXP 	textLDT: height = 0.05
397.5428 	EXP 	textLDT: text = 'alourdir'
397.5428 	EXP 	textLDT: autoDraw = True
398.2438 	EXP 	New trial (rep=0, index=64): <Trial 64 (64 in rep 0) data={'word': 'procoreux', 'status': 'nonword', 'corrAns': 'f', 'thisN': 64, 'thisTrialN': 64, 'thisRepN': 0}>
398.2444 	DATA 	Keypress: f
398.2595 	EXP 	textLDT: autoDraw = False
398.2595 	EXP 	fix_rand: autoDraw = True
398.7097 	INFO 	Keyboard events cleared
398.7096 	EXP 	fix_rand: autoDraw = False
398.7096 	EXP 	fix_rand: autoDraw = False
398.7096 	EXP 	textLDT: height = 0.05
398.7096 	EXP 	textLDT: height = 0.05
398.7096 	EXP 	textLDT: height = 0.05
398.7096 	EXP 	textLDT: text = 'procoreux'
398.7096 	EXP 	textLDT: autoDraw = True
399.3135 	EXP 	New trial (rep=0, index=65): <Trial 65 (65 in rep 0) data={'word': 'honteur', 'status': 'nonword', 'corrAns': 'f', 'thisN': 65, 'thisTrialN': 65, 'thisRepN': 0}>
399.3141 	DATA 	Keypress: f
399.3266 	EXP 	textLDT: autoDraw = False
399.3266 	EXP 	fix_rand: autoDraw = True
399.6932 	INFO 	Keyboard events cleared
399.6931 	EXP 	fix_rand: autoDraw = False
399.6931 	EXP 	fix_rand: autoDraw = False
399.6931 	EXP 	textLDT: height = 0.05
399.6931 	EXP 	textLDT: height = 0.05
399.6931 	EXP 	textLDT: height = 0.05
399.6931 	EXP 	textLDT: text = 'honteur'
399.6931 	EXP 	textLDT: autoDraw = True
400.3780 	EXP 	New trial (rep=0, index=66): <Trial 66 (66 in rep 0) data={'word': 'poisson', 'status': 'word', 'corrAns': 'j', 'thisN': 66, 'thisTrialN': 66, 'thisRepN': 0}>
400.3786 	DATA 	Keypress: j
400.3929 	EXP 	textLDT: autoDraw = False
400.3929 	EXP 	fix_rand: autoDraw = True
400.8095 	INFO 	Keyboard events cleared
400.8095 	EXP 	fix_rand: autoDraw = False
400.8095 	EXP 	fix_rand: autoDraw = False
400.8095 	EXP 	textLDT: height = 0.05
400.8095 	EXP 	textLDT: height = 0.05
400.8095 	EXP 	textLDT: height = 0.05
400.8095 	EXP 	textLDT: text = 'poisson'
400.8095 	EXP 	textLDT: autoDraw = True
401.3611 	EXP 	New trial (rep=0, index=67): <Trial 67 (67 in rep 0) data={'word': 'huif', 'status': 'nonword', 'corrAns': 'f', 'thisN': 67, 'thisTrialN': 67, 'thisRepN': 0}>
401.3617 	DATA 	Keypress: j
401.3765 	EXP 	textLDT: autoDraw = False
401.3765 	EXP 	fix_rand: autoDraw = True
401.8263 	INFO 	Keyboard events cleared
401.8263 	EXP 	fix_rand: autoDraw = False
401.8263 	EXP 	fix_rand: autoDraw = False
401.8263 	EXP 	textLDT: height = 0.05
401.8263 	EXP 	textLDT: height = 0.05
401.8263 	EXP 	textLDT: height = 0.05
401.8263 	EXP 	textLDT: text = 'huif'
401.8263 	EXP 	textLDT: autoDraw = True
402.6440 	EXP 	New trial (rep=0, index=68): <Trial 68 (68 in rep 0) data={'word': 'dauphin', 'status': 'word', 'corrAns': 'j', 'thisN': 68, 'thisTrialN': 68, 'thisRepN': 0}>
402.6445 	DATA 	Keypress: f
402.6596 	EXP 	textLDT: autoDraw = False
402.6596 	EXP 	fix_rand: autoDraw = True
403.1428 	INFO 	Keyboard events cleared
403.1428 	EXP 	fix_rand: autoDraw = False
403.1428 	EXP 	fix_rand: autoDraw = False
403.1428 	EXP 	textLDT: height = 0.05
403.1428 	EXP 	textLDT: height = 0.05
403.1428 	EXP 	textLDT: height = 0.05
403.1428 	EXP 	textLDT: text = 'dauphin'
403.1428 	EXP 	textLDT: autoDraw = True
403.7608 	EXP 	New trial (rep=0, index=69): <Trial 69 (69 in rep 0) data={'word': 'vicelard', 'status': 'word', 'corrAns': 'j', 'thisN': 69, 'thisTrialN': 69, 'thisRepN': 0}>
403.7614 	DATA 	Keypress: j
403.7762 	EXP 	textLDT: autoDraw = False
403.7762 	EXP 	fix_rand: autoDraw = True
404.2929 	INFO 	Keyboard events cleared
404.2929 	EXP 	fix_rand: autoDraw = False
404.2929 	EXP 	fix_rand: autoDraw = False
404.2929 	EXP 	textLDT: height = 0.05
404.2929 	EXP 	textLDT: height = 0.05
404.2929 	EXP 	textLDT: height = 0.05
404.2929 	EXP 	textLDT: text = 'vicelard'
404.2929 	EXP 	textLDT: autoDraw = True
405.0114 	EXP 	New trial (rep=0, index=70): <Trial 70 (70 in rep 0) data={'word': 'racaille', 'status': 'word', 'corrAns': 'j', 'thisN': 70, 'thisTrialN': 70, 'thisRepN': 0}>
405.0121 	DATA 	Keypress: f
405.0265 	EXP 	textLDT: autoDraw = False
405.0265 	EXP 	fix_rand: autoDraw = True
405.3929 	INFO 	Keyboard events cleared
405.3929 	EXP 	fix_rand: autoDraw = False
405.3929 	EXP 	fix_rand: autoDraw = False
405.3929 	EXP 	textLDT: height = 0.05
405.3929 	EXP 	textLDT: height = 0.05
405.3929 	EXP 	textLDT: height = 0.05
405.3929 	EXP 	textLDT: text = 'racaille'
405.3929 	EXP 	textLDT: autoDraw = True
406.0366 	EXP 	New trial (rep=0, index=71): <Trial 71 (71 in rep 0) data={'word': 'agire', 'status': 'nonword', 'corrAns': 'f', 'thisN': 71, 'thisTrialN': 71, 'thisRepN': 0}>
406.0372 	DATA 	Keypress: f
406.0430 	EXP 	textLDT: autoDraw = False
406.0430 	EXP 	fix_rand: autoDraw = True
406.5765 	INFO 	Keyboard events cleared
406.5765 	EXP 	fix_rand: autoDraw = False
406.5765 	EXP 	fix_rand: autoDraw = False
406.5765 	EXP 	textLDT: height = 0.05
406.5765 	EXP 	textLDT: height = 0.05
406.5765 	EXP 	textLDT: height = 0.05
406.5765 	EXP 	textLDT: text = 'agire'
406.5765 	EXP 	textLDT: autoDraw = True
408.0111 	EXP 	New trial (rep=0, index=72): <Trial 72 (72 in rep 0) data={'word': 'balai', 'status': 'word', 'corrAns': 'j', 'thisN': 72, 'thisTrialN': 72, 'thisRepN': 0}>
408.0118 	DATA 	Keypress: f
408.0268 	EXP 	textLDT: autoDraw = False
408.0268 	EXP 	fix_rand: autoDraw = True
408.6097 	INFO 	Keyboard events cleared
408.6097 	EXP 	fix_rand: autoDraw = False
408.6097 	EXP 	fix_rand: autoDraw = False
408.6097 	EXP 	textLDT: height = 0.05
408.6097 	EXP 	textLDT: height = 0.05
408.6097 	EXP 	textLDT: height = 0.05
408.6097 	EXP 	textLDT: text = 'balai'
408.6097 	EXP 	textLDT: autoDraw = True
409.2945 	EXP 	New trial (rep=0, index=73): <Trial 73 (73 in rep 0) data={'word': 'occire', 'status': 'word', 'corrAns': 'j', 'thisN': 73, 'thisTrialN': 73, 'thisRepN': 0}>
409.2951 	DATA 	Keypress: f
409.3099 	EXP 	textLDT: autoDraw = False
409.3099 	EXP 	fix_rand: autoDraw = True
409.6765 	INFO 	Keyboard events cleared
409.6765 	EXP 	fix_rand: autoDraw = False
409.6765 	EXP 	fix_rand: autoDraw = False
409.6765 	EXP 	textLDT: height = 0.05
409.6765 	EXP 	textLDT: height = 0.05
409.6765 	EXP 	textLDT: height = 0.05
409.6765 	EXP 	textLDT: text = 'occire'
409.6765 	EXP 	textLDT: autoDraw = True
410.4283 	EXP 	New trial (rep=0, index=74): <Trial 74 (74 in rep 0) data={'word': 'boutard', 'status': 'nonword', 'corrAns': 'f', 'thisN': 74, 'thisTrialN': 74, 'thisRepN': 0}>
410.4289 	DATA 	Keypress: f
410.4429 	EXP 	textLDT: autoDraw = False
410.4429 	EXP 	fix_rand: autoDraw = True
410.7767 	INFO 	Keyboard events cleared
410.7767 	EXP 	fix_rand: autoDraw = False
410.7767 	EXP 	fix_rand: autoDraw = False
410.7767 	EXP 	textLDT: height = 0.05
410.7767 	EXP 	textLDT: height = 0.05
410.7767 	EXP 	textLDT: height = 0.05
410.7767 	EXP 	textLDT: text = 'boutard'
410.7767 	EXP 	textLDT: autoDraw = True
411.7442 	EXP 	New trial (rep=0, index=75): <Trial 75 (75 in rep 0) data={'word': 'pinceau', 'status': 'word', 'corrAns': 'j', 'thisN': 75, 'thisTrialN': 75, 'thisRepN': 0}>
411.7448 	DATA 	Keypress: f
411.7600 	EXP 	textLDT: autoDraw = False
411.7600 	EXP 	fix_rand: autoDraw = True
412.1266 	INFO 	Keyboard events cleared
412.1265 	EXP 	fix_rand: autoDraw = False
412.1265 	EXP 	fix_rand: autoDraw = False
412.1265 	EXP 	textLDT: height = 0.05
412.1265 	EXP 	textLDT: height = 0.05
412.1265 	EXP 	textLDT: height = 0.05
412.1265 	EXP 	textLDT: text = 'pinceau'
412.1265 	EXP 	textLDT: autoDraw = True
412.9113 	EXP 	New trial (rep=0, index=76): <Trial 76 (76 in rep 0) data={'word': 'sentuelle', 'status': 'nonword', 'corrAns': 'f', 'thisN': 76, 'thisTrialN': 76, 'thisRepN': 0}>
412.9119 	DATA 	Keypress: j
412.9360 	EXP 	textLDT: autoDraw = False
412.9360 	EXP 	fix_rand: autoDraw = True
413.4599 	INFO 	Keyboard events cleared
413.4598 	EXP 	fix_rand: autoDraw = False
413.4598 	EXP 	fix_rand: autoDraw = False
413.4598 	EXP 	textLDT: height = 0.05
413.4598 	EXP 	textLDT: height = 0.05
413.4598 	EXP 	textLDT: height = 0.05
413.4598 	EXP 	textLDT: text = 'sentuelle'
413.4598 	EXP 	textLDT: autoDraw = True
414.4111 	EXP 	New trial (rep=0, index=77): <Trial 77 (77 in rep 0) data={'word': 'cadenas', 'status': 'word', 'corrAns': 'j', 'thisN': 77, 'thisTrialN': 77, 'thisRepN': 0}>
414.4116 	DATA 	Keypress: f
414.4364 	EXP 	textLDT: autoDraw = False
414.4364 	EXP 	fix_rand: autoDraw = True
415.0434 	INFO 	Keyboard events cleared
415.0433 	EXP 	fix_rand: autoDraw = False
415.0433 	EXP 	fix_rand: autoDraw = False
415.0433 	EXP 	textLDT: height = 0.05
415.0433 	EXP 	textLDT: height = 0.05
415.0433 	EXP 	textLDT: height = 0.05
415.0433 	EXP 	textLDT: text = 'cadenas'
415.0433 	EXP 	textLDT: autoDraw = True
415.5780 	EXP 	New trial (rep=0, index=78): <Trial 78 (78 in rep 0) data={'word': 'fosse', 'status': 'word', 'corrAns': 'j', 'thisN': 78, 'thisTrialN': 78, 'thisRepN': 0}>
415.5786 	DATA 	Keypress: f
415.5933 	EXP 	textLDT: autoDraw = False
415.5933 	EXP 	fix_rand: autoDraw = True
416.1267 	INFO 	Keyboard events cleared
416.1266 	EXP 	fix_rand: autoDraw = False
416.1266 	EXP 	fix_rand: autoDraw = False
416.1266 	EXP 	textLDT: height = 0.05
416.1266 	EXP 	textLDT: height = 0.05
416.1266 	EXP 	textLDT: height = 0.05
416.1266 	EXP 	textLDT: text = 'fosse'
416.1266 	EXP 	textLDT: autoDraw = True
417.1614 	EXP 	New trial (rep=0, index=79): <Trial 79 (79 in rep 0) data={'word': 'cloche', 'status': 'word', 'corrAns': 'j', 'thisN': 79, 'thisTrialN': 79, 'thisRepN': 0}>
417.1620 	DATA 	Keypress: f
417.1769 	EXP 	textLDT: autoDraw = False
417.1769 	EXP 	fix_rand: autoDraw = True
417.7435 	INFO 	Keyboard events cleared
417.7435 	EXP 	fix_rand: autoDraw = False
417.7435 	EXP 	fix_rand: autoDraw = False
417.7435 	EXP 	textLDT: height = 0.05
417.7435 	EXP 	textLDT: height = 0.05
417.7435 	EXP 	textLDT: height = 0.05
417.7435 	EXP 	textLDT: text = 'cloche'
417.7435 	EXP 	textLDT: autoDraw = True
418.5612 	EXP 	New trial (rep=0, index=80): <Trial 80 (80 in rep 0) data={'word': 'amorce', 'status': 'word', 'corrAns': 'j', 'thisN': 80, 'thisTrialN': 80, 'thisRepN': 0}>
418.5618 	DATA 	Keypress: j
418.5769 	EXP 	textLDT: autoDraw = False
418.5769 	EXP 	fix_rand: autoDraw = True
418.9934 	INFO 	Keyboard events cleared
418.9933 	EXP 	fix_rand: autoDraw = False
418.9933 	EXP 	fix_rand: autoDraw = False
418.9933 	EXP 	textLDT: height = 0.05
418.9933 	EXP 	textLDT: height = 0.05
418.9933 	EXP 	textLDT: height = 0.05
418.9933 	EXP 	textLDT: text = 'amorce'
418.9933 	EXP 	textLDT: autoDraw = True
419.7279 	EXP 	New trial (rep=0, index=81): <Trial 81 (81 in rep 0) data={'word': 'joueux', 'status': 'nonword', 'corrAns': 'f', 'thisN': 81, 'thisTrialN': 81, 'thisRepN': 0}>
419.7285 	DATA 	Keypress: f
419.7435 	EXP 	textLDT: autoDraw = False
419.7435 	EXP 	fix_rand: autoDraw = True
420.1269 	INFO 	Keyboard events cleared
420.1269 	EXP 	fix_rand: autoDraw = False
420.1269 	EXP 	fix_rand: autoDraw = False
420.1269 	EXP 	textLDT: height = 0.05
420.1269 	EXP 	textLDT: height = 0.05
420.1269 	EXP 	textLDT: height = 0.05
420.1269 	EXP 	textLDT: text = 'joueux'
420.1269 	EXP 	textLDT: autoDraw = True
420.8446 	EXP 	New trial (rep=0, index=82): <Trial 82 (82 in rep 0) data={'word': 'réporce', 'status': 'nonword', 'corrAns': 'f', 'thisN': 82, 'thisTrialN': 82, 'thisRepN': 0}>
420.8451 	DATA 	Keypress: j
420.8600 	EXP 	textLDT: autoDraw = False
420.8600 	EXP 	fix_rand: autoDraw = True
421.3602 	INFO 	Keyboard events cleared
421.3601 	EXP 	fix_rand: autoDraw = False
421.3601 	EXP 	fix_rand: autoDraw = False
421.3601 	EXP 	textLDT: height = 0.05
421.3601 	EXP 	textLDT: height = 0.05
421.3601 	EXP 	textLDT: height = 0.05
421.3601 	EXP 	textLDT: text = 'réporce'
421.3601 	EXP 	textLDT: autoDraw = True
422.6112 	EXP 	New trial (rep=0, index=83): <Trial 83 (83 in rep 0) data={'word': 'pourcine', 'status': 'nonword', 'corrAns': 'f', 'thisN': 83, 'thisTrialN': 83, 'thisRepN': 0}>
422.6118 	DATA 	Keypress: j
422.6268 	EXP 	textLDT: autoDraw = False
422.6268 	EXP 	fix_rand: autoDraw = True
423.1934 	INFO 	Keyboard events cleared
423.1934 	EXP 	fix_rand: autoDraw = False
423.1934 	EXP 	fix_rand: autoDraw = False
423.1934 	EXP 	textLDT: height = 0.05
423.1934 	EXP 	textLDT: height = 0.05
423.1934 	EXP 	textLDT: height = 0.05
423.1934 	EXP 	textLDT: text = 'pourcine'
423.1934 	EXP 	textLDT: autoDraw = True
423.9790 	DATA 	Keypress: j
423.9935 	EXP 	textLDT: autoDraw = False
423.9935 	EXP 	savingText: autoDraw = True
440.4124 	DATA 	Keypress: escape
440.4450 	EXP 	scalar-implicatures: status = STOPPED
440.4606 	EXP 	savingText: autoDraw = False
440.4618 	EXP 	scalar-implicatures: status = STOPPED
440.4755 	INFO 	saved data to 'C:\\Users\\medej\\Desktop\\EXP Semantics Pragmatics\\data/132_scalar-implicatures_2025-04-08_14h46.06.731.csv'
440.4766 	INFO 	saved data to C:\Users\medej\Desktop\EXP Semantics Pragmatics\data/132_scalar-implicatures_2025-04-08_14h46.06.731.psydat
440.5092 	DEBUG 	Saving data for scalar-implicatures ExperimentHandler
440.5107 	WARNING 	Stopping key buffers but this could be dangerous ifother keyboards rely on the same.
440.5451 	WARNING 	Stopping key buffers but this could be dangerous ifother keyboards rely on the same.
440.5451 	WARNING 	Stopping key buffers but this could be dangerous ifother keyboards rely on the same.
440.5451 	WARNING 	Stopping key buffers but this could be dangerous ifother keyboards rely on the same.
440.5451 	WARNING 	Stopping key buffers but this could be dangerous ifother keyboards rely on the same.
440.5451 	WARNING 	Stopping key buffers but this could be dangerous ifother keyboards rely on the same.
