3.7211 	DEBUG 	Fullscreen settings ignored as running in pilot mode.
3.7216 	INFO 	Loaded monitor calibration from ['2025_04_08 12:36']
3.8524 	EXP 	Created window1 = Window(allowGUI=False, allowStencil=False, autoLog=True, backendConf=UNKNOWN, backgroundFit=<method-wrapper '__getattribute__' of attributeSetter object at 0x000002109A4458D0>, backgroundImage=<method-wrapper '__getattribute__' of attributeSetter object at 0x000002109A445870>, bitsMode=UNKNOWN, blendMode='avg', bpc=(8, 8, 8), color=array([0, 0, 0]), colorSpace='rgb', depthBits=8, fullscr=False, gamma=None, gammaErrorPolicy='raise', infoMsg=UNKNOWN, lms=UNKNOWN, monitor=<psychopy.monitors.calibTools.Monitor object at 0x000002109A4FB100>, multiSample=False, name='window1', numSamples=2, pos=[1520.0, 780.0], screen=0, size=array([800, 600]), stencilBits=0, stereo=False, title='PsychoPy', units='height', useFBO=True, useRetina=False, viewOri=0.0, viewPos=None, viewScale=None, waitBlanking=True, winType='pyglet')
3.8525 	EXP 	window1: backgroundImage = ''
3.8525 	EXP 	window1: backgroundFit = 'none'
3.8565 	DEBUG 	TextBox2 loaded 1 chars with 0 blanks and 1 valid
3.8569 	DEBUG 	TextBox2 loaded 1 chars with 0 blanks and 1 valid
3.8574 	DEBUG 	TextBox2 loaded 1 chars with 0 blanks and 1 valid
3.8579 	DEBUG 	TextBox2 loaded 1 chars with 0 blanks and 1 valid
3.8584 	DEBUG 	TextBox2 loaded 1 chars with 0 blanks and 1 valid
3.8587 	DEBUG 	TextBox2 loaded 1 chars with 0 blanks and 1 valid
3.8591 	DEBUG 	TextBox2 loaded 1 chars with 0 blanks and 1 valid
3.8596 	DEBUG 	TextBox2 loaded 1 chars with 0 blanks and 1 valid
3.8598 	DEBUG 	TextBox2 loaded 1 chars with 0 blanks and 1 valid
3.8600 	DEBUG 	TextBox2 loaded 1 chars with 0 blanks and 1 valid
3.8604 	DEBUG 	TextBox2 loaded 1 chars with 0 blanks and 1 valid
3.8608 	DEBUG 	TextBox2 loaded 1 chars with 0 blanks and 1 valid
3.8612 	DEBUG 	TextBox2 loaded 1 chars with 0 blanks and 1 valid
3.8616 	DEBUG 	TextBox2 loaded 1 chars with 0 blanks and 1 valid
3.8620 	DEBUG 	TextBox2 loaded 1 chars with 0 blanks and 1 valid
3.8624 	DEBUG 	TextBox2 loaded 1 chars with 0 blanks and 1 valid
3.8628 	DEBUG 	TextBox2 loaded 1 chars with 0 blanks and 1 valid
3.8630 	DEBUG 	TextBox2 loaded 1 chars with 0 blanks and 1 valid
3.8633 	DEBUG 	TextBox2 loaded 1 chars with 0 blanks and 1 valid
3.8638 	DEBUG 	TextBox2 loaded 1 chars with 0 blanks and 1 valid
3.8641 	DEBUG 	TextBox2 loaded 1 chars with 0 blanks and 1 valid
3.8643 	DEBUG 	Uploading Texture Font fontname to graphics card
3.8655 	DEBUG 	Upload of Texture Font fontname complete
3.8686 	DEBUG 	TextBox2 loaded 1 chars with 0 blanks and 1 valid
3.8692 	DEBUG 	TextBox2 loaded 1 chars with 0 blanks and 1 valid
3.8697 	DEBUG 	TextBox2 loaded 1 chars with 0 blanks and 1 valid
3.8699 	DEBUG 	Uploading Texture Font fontname to graphics card
3.8702 	DEBUG 	Upload of Texture Font fontname complete
3.8712 	EXP 	window1: Attempting to measure frame rate of screen (0) ...
3.8712 	EXP 	window1: recordFrameIntervals = False
4.0397 	EXP 	window1: recordFrameIntervals = True
4.2230 	EXP 	Screen (0) actual frame rate measured at 59.95Hz
4.2230 	EXP 	window1: recordFrameIntervals = False
4.2257 	DEBUG 	TextBox2 loaded 1 chars with 0 blanks and 1 valid
4.2260 	DEBUG 	TextBox2 loaded 1 chars with 0 blanks and 1 valid
4.2265 	DEBUG 	TextBox2 loaded 1 chars with 0 blanks and 1 valid
4.2271 	DEBUG 	TextBox2 loaded 1 chars with 0 blanks and 1 valid
4.2276 	DEBUG 	TextBox2 loaded 1 chars with 0 blanks and 1 valid
4.2282 	DEBUG 	TextBox2 loaded 1 chars with 0 blanks and 1 valid
4.2285 	DEBUG 	TextBox2 loaded 1 chars with 0 blanks and 1 valid
4.2290 	DEBUG 	TextBox2 loaded 1 chars with 0 blanks and 1 valid
4.2296 	DEBUG 	TextBox2 loaded 1 chars with 0 blanks and 1 valid
4.2301 	DEBUG 	TextBox2 loaded 1 chars with 0 blanks and 1 valid
4.2302 	DEBUG 	Uploading Texture Font fontname to graphics card
4.2305 	DEBUG 	Upload of Texture Font fontname complete
4.2359 	WARNING 	launchHubServer: If using the iohub mouse or eyetracker devices, fullScr should be True.
5.0730 	INFO 	keyboard.Keyboard is using iohub backend.
5.0731 	INFO 	keyboard.Keyboard is using iohub backend.
5.0731 	INFO 	keyboard.Keyboard is using iohub backend.
5.0731 	INFO 	keyboard.Keyboard is using iohub backend.
5.0731 	INFO 	keyboard.Keyboard is using iohub backend.
5.0731 	EXP 	scalar-implicatures: status = STARTED
5.1039 	EXP 	Created textWelcome = TextStim(__class__=<class 'psychopy.visual.text.TextStim'>, alignHoriz=method-wrapper(...), alignText='center', alignVert=method-wrapper(...), anchorHoriz='center', anchorVert='center', antialias=True, autoDraw=False, autoLog=True, bold=False, color=array([1., 1., 1.]), colorSpace='rgb', contrast=1.0, depth=0.0, draggable=False, flipHoriz=False, flipVert=False, font='Arial', fontFiles=[], height=0.1, italic=False, languageStyle='LTR', name='textWelcome', opacity=1, ori=0.0, pos=array([0., 0.]), rgb=UNKNOWN, text=str(...), units='norm', win=Window(...), wrapWidth=1.8)
5.1085 	EXP 	Created instructionsSI = TextStim(__class__=<class 'psychopy.visual.text.TextStim'>, alignHoriz=method-wrapper(...), alignText='center', alignVert=method-wrapper(...), anchorHoriz='center', anchorVert='center', antialias=True, autoDraw=False, autoLog=True, bold=False, color=array([1., 1., 1.]), colorSpace='rgb', contrast=1.0, depth=0.0, draggable=False, flipHoriz=False, flipVert=False, font='Arial', fontFiles=[], height=0.1, italic=False, languageStyle='LTR', name='instructionsSI', opacity=1, ori=0.0, pos=array([0., 0.]), rgb=UNKNOWN, text=str(...), units='norm', win=Window(...), wrapWidth=1.8)
5.1111 	EXP 	Created fix_rand = TextStim(__class__=<class 'psychopy.visual.text.TextStim'>, alignHoriz=method-wrapper(...), alignText='center', alignVert=method-wrapper(...), anchorHoriz='center', anchorVert='center', antialias=True, autoDraw=False, autoLog=True, bold=False, color=array([1., 1., 1.]), colorSpace='rgb', contrast=1.0, depth=0.0, draggable=False, flipHoriz=False, flipVert=False, font='Open Sans', fontFiles=[], height=0.1, italic=False, languageStyle='LTR', name='fix_rand', opacity=1, ori=0.0, pos=array([0., 0.]), rgb=UNKNOWN, text='+', units='height', win=Window(...), wrapWidth=1)
5.1114 	EXP 	Created stimSI = TextStim(__class__=<class 'psychopy.visual.text.TextStim'>, alignHoriz=method-wrapper(...), alignText='center', alignVert=method-wrapper(...), anchorHoriz='center', anchorVert='center', antialias=True, autoDraw=False, autoLog=True, bold=False, color=array([1., 1., 1.]), colorSpace='rgb', contrast=1.0, depth=-1.0, draggable=False, flipHoriz=False, flipVert=False, font='Arial', fontFiles=[], height=0.05, italic=False, languageStyle='LTR', name='stimSI', opacity=1, ori=0.0, pos=array([0., 0.]), rgb=UNKNOWN, text='', units='height', win=Window(...), wrapWidth=1.2)
5.1157 	EXP 	Created text_norm_3 = TextStim(__class__=<class 'psychopy.visual.text.TextStim'>, alignHoriz=method-wrapper(...), alignText='center', alignVert=method-wrapper(...), anchorHoriz='center', anchorVert='center', antialias=True, autoDraw=False, autoLog=True, bold=False, color=array([1., 1., 1.]), colorSpace='rgb', contrast=1.0, depth=0.0, draggable=False, flipHoriz=False, flipVert=False, font='Arial', fontFiles=[], height=0.1, italic=False, languageStyle='LTR', name='text_norm_3', opacity=1, ori=0.0, pos=array([0., 0.]), rgb=UNKNOWN, text=str(...), units='norm', win=Window(...), wrapWidth=1.8)
5.1167 	EXP 	Created fix_rand = TextStim(__class__=<class 'psychopy.visual.text.TextStim'>, alignHoriz=method-wrapper(...), alignText='center', alignVert=method-wrapper(...), anchorHoriz='center', anchorVert='center', antialias=True, autoDraw=False, autoLog=True, bold=False, color=array([1., 1., 1.]), colorSpace='rgb', contrast=1.0, depth=0.0, draggable=False, flipHoriz=False, flipVert=False, font='Open Sans', fontFiles=[], height=0.1, italic=False, languageStyle='LTR', name='fix_rand', opacity=1, ori=0.0, pos=array([0., 0.]), rgb=UNKNOWN, text='+', units='height', win=Window(...), wrapWidth=1)
5.1208 	EXP 	Created savingText = TextStim(__class__=<class 'psychopy.visual.text.TextStim'>, alignHoriz=method-wrapper(...), alignText='center', alignVert=method-wrapper(...), anchorHoriz='center', anchorVert='center', antialias=True, autoDraw=False, autoLog=True, bold=False, color=array([1., 1., 1.]), colorSpace='rgb', contrast=1.0, depth=-1.0, draggable=False, flipHoriz=False, flipVert=False, font='Arial', fontFiles=[], height=0.1, italic=False, languageStyle='LTR', name='savingText', opacity=1, ori=0.0, pos=array([0., 0.]), rgb=UNKNOWN, text=str(...), units='norm', win=Window(...), wrapWidth=1.8)
0.0187 	INFO 	Keyboard events cleared
0.0186 	EXP 	textWelcome: autoDraw = True
0.4399 	DATA 	Keypress: space
0.4518 	INFO 	Keyboard events cleared
0.4517 	EXP 	textWelcome: autoDraw = False
0.4517 	EXP 	instructionsSI: autoDraw = True
0.8914 	DEBUG 	Read excel file with openpyxl: resources/stimuliMainTask.xlsx
0.8936 	EXP 	Imported resources/stimuliMainTask.xlsx as conditions, 44 conditions, 7 params
0.8940 	EXP 	New trial (rep=0, index=0): <Trial 0 (0 in rep 0) data={'id': 15, 'scale_term': 'gros/énorme', 'scale_type': 'NB', 'condition': 'test', 'speaker': 'Julie', 'sentence': 'le bâtiment est gros', 'negation': "le bâtiment n'est pas énorme", 'thisN': 0, 'thisTrialN': 0, 'thisRepN': 0}>
0.8952 	DATA 	Keypress: space
0.9020 	EXP 	instructionsSI: autoDraw = False
0.9020 	EXP 	fix_rand: autoDraw = True
2.1193 	INFO 	Keyboard events cleared
2.1192 	EXP 	fix_rand: autoDraw = False
2.1192 	EXP 	fix_rand: autoDraw = False
2.1192 	EXP 	stimSI: autoDraw = True
10.3037 	EXP 	New trial (rep=0, index=1): <Trial 1 (1 in rep 0) data={'id': 35, 'scale_term': 'joli/fort', 'scale_type': None, 'condition': 'filler-false', 'speaker': 'Julie', 'sentence': 'le modèle est joli', 'negation': "le modèle n'est pas fort", 'thisN': 1, 'thisTrialN': 1, 'thisRepN': 0}>
10.3045 	DATA 	Keypress: j
10.3190 	EXP 	stimSI: autoDraw = False
10.3190 	EXP 	fix_rand: autoDraw = True
11.4619 	INFO 	Keyboard events cleared
11.4618 	EXP 	fix_rand: autoDraw = False
11.4618 	EXP 	fix_rand: autoDraw = False
11.4618 	EXP 	stimSI: autoDraw = True
18.9540 	EXP 	New trial (rep=0, index=2): <Trial 2 (2 in rep 0) data={'id': 40, 'scale_term': 'cher/ennuyeuse', 'scale_type': None, 'condition': 'filler-false', 'speaker': 'Paul', 'sentence': 'la robe est chère', 'negation': "la robe n'est pas ennuyeuse", 'thisN': 2, 'thisTrialN': 2, 'thisRepN': 0}>
18.9548 	DATA 	Keypress: f
18.9690 	EXP 	stimSI: autoDraw = False
18.9690 	EXP 	fix_rand: autoDraw = True
20.0696 	INFO 	Keyboard events cleared
20.0695 	EXP 	fix_rand: autoDraw = False
20.0695 	EXP 	fix_rand: autoDraw = False
20.0695 	EXP 	stimSI: autoDraw = True
20.3717 	DATA 	Keypress: escape
20.4209 	EXP 	scalar-implicatures: status = STOPPED
20.4359 	EXP 	stimSI: autoDraw = False
20.4371 	EXP 	scalar-implicatures: status = STOPPED
20.4389 	INFO 	saved data to 'C:\\Users\\medej\\Desktop\\EXP Semantics Pragmatics\\data/138334_scalar-implicatures_2025-04-08_14h01.15.041.csv'
20.4395 	INFO 	saved data to C:\Users\medej\Desktop\EXP Semantics Pragmatics\data/138334_scalar-implicatures_2025-04-08_14h01.15.041.psydat
20.8884 	DEBUG 	Saving data for scalar-implicatures ExperimentHandler
