3.8518 	DEBUG 	Fullscreen settings ignored as running in pilot mode.
3.8522 	INFO 	Loaded monitor calibration from ['2025_04_08 12:36']
3.9751 	EXP 	Created window1 = Window(allowGUI=False, allowStencil=False, autoLog=True, backendConf=UNKNOWN, backgroundFit=<method-wrapper '__getattribute__' of attributeSetter object at 0x000001FF59988640>, backgroundImage=<method-wrapper '__getattribute__' of attributeSetter object at 0x000001FF599885E0>, bitsMode=UNKNOWN, blendMode='avg', bpc=(8, 8, 8), color=array([0, 0, 0]), colorSpace='rgb', depthBits=8, fullscr=False, gamma=None, gammaErrorPolicy='raise', infoMsg=UNKNOWN, lms=UNKNOWN, monitor=<psychopy.monitors.calibTools.Monitor object at 0x000001FF59A3DE70>, multiSample=False, name='window1', numSamples=2, pos=[1520.0, 780.0], screen=0, size=array([800, 600]), stencilBits=0, stereo=False, title='PsychoPy', units='height', useFBO=True, useRetina=False, viewOri=0.0, viewPos=None, viewScale=None, waitBlanking=True, winType='pyglet')
3.9751 	EXP 	window1: backgroundImage = ''
3.9751 	EXP 	window1: backgroundFit = 'none'
3.9792 	DEBUG 	TextBox2 loaded 1 chars with 0 blanks and 1 valid
3.9796 	DEBUG 	TextBox2 loaded 1 chars with 0 blanks and 1 valid
3.9801 	DEBUG 	TextBox2 loaded 1 chars with 0 blanks and 1 valid
3.9806 	DEBUG 	TextBox2 loaded 1 chars with 0 blanks and 1 valid
3.9812 	DEBUG 	TextBox2 loaded 1 chars with 0 blanks and 1 valid
3.9815 	DEBUG 	TextBox2 loaded 1 chars with 0 blanks and 1 valid
3.9820 	DEBUG 	TextBox2 loaded 1 chars with 0 blanks and 1 valid
3.9826 	DEBUG 	TextBox2 loaded 1 chars with 0 blanks and 1 valid
3.9828 	DEBUG 	TextBox2 loaded 1 chars with 0 blanks and 1 valid
3.9830 	DEBUG 	TextBox2 loaded 1 chars with 0 blanks and 1 valid
3.9834 	DEBUG 	TextBox2 loaded 1 chars with 0 blanks and 1 valid
3.9838 	DEBUG 	TextBox2 loaded 1 chars with 0 blanks and 1 valid
3.9842 	DEBUG 	TextBox2 loaded 1 chars with 0 blanks and 1 valid
3.9846 	DEBUG 	TextBox2 loaded 1 chars with 0 blanks and 1 valid
3.9849 	DEBUG 	TextBox2 loaded 1 chars with 0 blanks and 1 valid
3.9854 	DEBUG 	TextBox2 loaded 1 chars with 0 blanks and 1 valid
3.9858 	DEBUG 	TextBox2 loaded 1 chars with 0 blanks and 1 valid
3.9860 	DEBUG 	TextBox2 loaded 1 chars with 0 blanks and 1 valid
3.9863 	DEBUG 	TextBox2 loaded 1 chars with 0 blanks and 1 valid
3.9868 	DEBUG 	TextBox2 loaded 1 chars with 0 blanks and 1 valid
3.9871 	DEBUG 	TextBox2 loaded 1 chars with 0 blanks and 1 valid
3.9873 	DEBUG 	Uploading Texture Font fontname to graphics card
3.9887 	DEBUG 	Upload of Texture Font fontname complete
3.9921 	DEBUG 	TextBox2 loaded 1 chars with 0 blanks and 1 valid
3.9927 	DEBUG 	TextBox2 loaded 1 chars with 0 blanks and 1 valid
3.9932 	DEBUG 	TextBox2 loaded 1 chars with 0 blanks and 1 valid
3.9933 	DEBUG 	Uploading Texture Font fontname to graphics card
3.9937 	DEBUG 	Upload of Texture Font fontname complete
3.9948 	EXP 	window1: Attempting to measure frame rate of screen (0) ...
3.9949 	EXP 	window1: recordFrameIntervals = False
4.1648 	EXP 	window1: recordFrameIntervals = True
4.2318 	WARNING 	t of last frame was 33.48ms (=1/29)
4.3981 	EXP 	Screen (0) actual frame rate measured at 60.16Hz
4.3981 	EXP 	window1: recordFrameIntervals = False
4.4008 	DEBUG 	TextBox2 loaded 1 chars with 0 blanks and 1 valid
4.4011 	DEBUG 	TextBox2 loaded 1 chars with 0 blanks and 1 valid
4.4015 	DEBUG 	TextBox2 loaded 1 chars with 0 blanks and 1 valid
4.4021 	DEBUG 	TextBox2 loaded 1 chars with 0 blanks and 1 valid
4.4026 	DEBUG 	TextBox2 loaded 1 chars with 0 blanks and 1 valid
4.4031 	DEBUG 	TextBox2 loaded 1 chars with 0 blanks and 1 valid
4.4034 	DEBUG 	TextBox2 loaded 1 chars with 0 blanks and 1 valid
4.4038 	DEBUG 	TextBox2 loaded 1 chars with 0 blanks and 1 valid
4.4044 	DEBUG 	TextBox2 loaded 1 chars with 0 blanks and 1 valid
4.4048 	DEBUG 	TextBox2 loaded 1 chars with 0 blanks and 1 valid
4.4050 	DEBUG 	Uploading Texture Font fontname to graphics card
4.4052 	DEBUG 	Upload of Texture Font fontname complete
4.4105 	WARNING 	launchHubServer: If using the iohub mouse or eyetracker devices, fullScr should be True.
4.5466 	INFO 	keyboard.Keyboard is using iohub backend.
4.5466 	INFO 	keyboard.Keyboard is using iohub backend.
4.5466 	INFO 	keyboard.Keyboard is using iohub backend.
4.5466 	INFO 	keyboard.Keyboard is using iohub backend.
4.5467 	INFO 	keyboard.Keyboard is using iohub backend.
4.5467 	INFO 	keyboard.Keyboard is using iohub backend.
4.5467 	EXP 	scalar-implicatures: status = STARTED
4.5801 	EXP 	Created textWelcome = TextStim(__class__=<class 'psychopy.visual.text.TextStim'>, alignHoriz=method-wrapper(...), alignText='center', alignVert=method-wrapper(...), anchorHoriz='center', anchorVert='center', antialias=True, autoDraw=False, autoLog=True, bold=False, color=array([1., 1., 1.]), colorSpace='rgb', contrast=1.0, depth=0.0, draggable=False, flipHoriz=False, flipVert=False, font='Arial', fontFiles=[], height=0.1, italic=False, languageStyle='LTR', name='textWelcome', opacity=1, ori=0.0, pos=array([0., 0.]), rgb=UNKNOWN, text=str(...), units='norm', win=Window(...), wrapWidth=1.8)
4.5891 	EXP 	Created instructionsSI = TextStim(__class__=<class 'psychopy.visual.text.TextStim'>, alignHoriz=method-wrapper(...), alignText='center', alignVert=method-wrapper(...), anchorHoriz='center', anchorVert='center', antialias=True, autoDraw=False, autoLog=True, bold=False, color=array([1., 1., 1.]), colorSpace='rgb', contrast=1.0, depth=0.0, draggable=False, flipHoriz=False, flipVert=False, font='Arial', fontFiles=[], height=0.1, italic=False, languageStyle='LTR', name='instructionsSI', opacity=1, ori=0.0, pos=array([0., 0.]), rgb=UNKNOWN, text=str(...), units='norm', win=Window(...), wrapWidth=1.8)
4.5915 	EXP 	Created fix_rand = TextStim(__class__=<class 'psychopy.visual.text.TextStim'>, alignHoriz=method-wrapper(...), alignText='center', alignVert=method-wrapper(...), anchorHoriz='center', anchorVert='center', antialias=True, autoDraw=False, autoLog=True, bold=False, color=array([1., 1., 1.]), colorSpace='rgb', contrast=1.0, depth=0.0, draggable=False, flipHoriz=False, flipVert=False, font='Open Sans', fontFiles=[], height=0.1, italic=False, languageStyle='LTR', name='fix_rand', opacity=1, ori=0.0, pos=array([0., 0.]), rgb=UNKNOWN, text='+', units='height', win=Window(...), wrapWidth=1)
4.6059 	DEBUG 	Saving data for scalar-implicatures ExperimentHandler
4.6063 	INFO 	saved data to C:\Users\medej\Desktop\EXP Semantics Pragmatics\data/350905_scalar-implicatures_2025-04-08_14h28.13.355.psydat
4.6065 	INFO 	saved data to 'C:\\Users\\medej\\Desktop\\EXP Semantics Pragmatics\\data/350905_scalar-implicatures_2025-04-08_14h28.13.355.csv'
