4.3104 	DEBUG 	Fullscreen settings ignored as running in pilot mode.
4.3108 	INFO 	Loaded monitor calibration from ['2025_04_08 12:36']
5.2961 	EXP 	Created window1 = Window(allowGUI=False, allowStencil=False, autoLog=True, backendConf=UNKNOWN, backgroundFit=<method-wrapper '__getattribute__' of attributeSetter object at 0x0000021D5A8376D0>, backgroundImage=<method-wrapper '__getattribute__' of attributeSetter object at 0x0000021D5A837730>, bitsMode=UNKNOWN, blendMode='avg', bpc=(8, 8, 8), color=array([0, 0, 0]), colorSpace='rgb', depthBits=8, fullscr=False, gamma=None, gammaErrorPolicy='raise', infoMsg=UNKNOWN, lms=UNKNOWN, monitor=<psychopy.monitors.calibTools.Monitor object at 0x0000021D5A927400>, multiSample=False, name='window1', numSamples=2, pos=[1520.0, 780.0], screen=0, size=array([800, 600]), stencilBits=0, stereo=False, title='PsychoPy', units='height', useFBO=True, useRetina=False, viewOri=0.0, viewPos=None, viewScale=None, waitBlanking=True, winType='pyglet')
5.2961 	EXP 	window1: backgroundImage = ''
5.2961 	EXP 	window1: backgroundFit = 'none'
5.3086 	DEBUG 	TextBox2 loaded 1 chars with 0 blanks and 1 valid
5.3090 	DEBUG 	TextBox2 loaded 1 chars with 0 blanks and 1 valid
5.3094 	DEBUG 	TextBox2 loaded 1 chars with 0 blanks and 1 valid
5.3099 	DEBUG 	TextBox2 loaded 1 chars with 0 blanks and 1 valid
5.3104 	DEBUG 	TextBox2 loaded 1 chars with 0 blanks and 1 valid
5.3106 	DEBUG 	TextBox2 loaded 1 chars with 0 blanks and 1 valid
5.3110 	DEBUG 	TextBox2 loaded 1 chars with 0 blanks and 1 valid
5.3116 	DEBUG 	TextBox2 loaded 1 chars with 0 blanks and 1 valid
5.3118 	DEBUG 	TextBox2 loaded 1 chars with 0 blanks and 1 valid
5.3120 	DEBUG 	TextBox2 loaded 1 chars with 0 blanks and 1 valid
5.3124 	DEBUG 	TextBox2 loaded 1 chars with 0 blanks and 1 valid
5.3128 	DEBUG 	TextBox2 loaded 1 chars with 0 blanks and 1 valid
5.3132 	DEBUG 	TextBox2 loaded 1 chars with 0 blanks and 1 valid
5.3136 	DEBUG 	TextBox2 loaded 1 chars with 0 blanks and 1 valid
5.3139 	DEBUG 	TextBox2 loaded 1 chars with 0 blanks and 1 valid
5.3144 	DEBUG 	TextBox2 loaded 1 chars with 0 blanks and 1 valid
5.3148 	DEBUG 	TextBox2 loaded 1 chars with 0 blanks and 1 valid
5.3151 	DEBUG 	TextBox2 loaded 1 chars with 0 blanks and 1 valid
5.3153 	DEBUG 	TextBox2 loaded 1 chars with 0 blanks and 1 valid
5.3159 	DEBUG 	TextBox2 loaded 1 chars with 0 blanks and 1 valid
5.3161 	DEBUG 	TextBox2 loaded 1 chars with 0 blanks and 1 valid
5.3163 	DEBUG 	Uploading Texture Font fontname to graphics card
5.3184 	DEBUG 	Upload of Texture Font fontname complete
5.3221 	DEBUG 	TextBox2 loaded 1 chars with 0 blanks and 1 valid
5.3228 	DEBUG 	TextBox2 loaded 1 chars with 0 blanks and 1 valid
5.3234 	DEBUG 	TextBox2 loaded 1 chars with 0 blanks and 1 valid
5.3235 	DEBUG 	Uploading Texture Font fontname to graphics card
5.3239 	DEBUG 	Upload of Texture Font fontname complete
5.3251 	EXP 	window1: Attempting to measure frame rate of screen (0) ...
5.3251 	EXP 	window1: recordFrameIntervals = False
5.4880 	EXP 	window1: recordFrameIntervals = True
5.6713 	EXP 	Screen (0) actual frame rate measured at 59.98Hz
5.6713 	EXP 	window1: recordFrameIntervals = False
5.6741 	DEBUG 	TextBox2 loaded 1 chars with 0 blanks and 1 valid
5.6744 	DEBUG 	TextBox2 loaded 1 chars with 0 blanks and 1 valid
5.6748 	DEBUG 	TextBox2 loaded 1 chars with 0 blanks and 1 valid
5.6753 	DEBUG 	TextBox2 loaded 1 chars with 0 blanks and 1 valid
5.6759 	DEBUG 	TextBox2 loaded 1 chars with 0 blanks and 1 valid
5.6764 	DEBUG 	TextBox2 loaded 1 chars with 0 blanks and 1 valid
5.6767 	DEBUG 	TextBox2 loaded 1 chars with 0 blanks and 1 valid
5.6772 	DEBUG 	TextBox2 loaded 1 chars with 0 blanks and 1 valid
5.6777 	DEBUG 	TextBox2 loaded 1 chars with 0 blanks and 1 valid
5.6782 	DEBUG 	TextBox2 loaded 1 chars with 0 blanks and 1 valid
5.6784 	DEBUG 	Uploading Texture Font fontname to graphics card
5.6787 	DEBUG 	Upload of Texture Font fontname complete
5.7086 	WARNING 	launchHubServer: If using the iohub mouse or eyetracker devices, fullScr should be True.
17.4570 	INFO 	keyboard.Keyboard is using iohub backend.
17.4570 	INFO 	keyboard.Keyboard is using iohub backend.
17.4570 	INFO 	keyboard.Keyboard is using iohub backend.
17.4570 	INFO 	keyboard.Keyboard is using iohub backend.
17.4570 	INFO 	keyboard.Keyboard is using iohub backend.
17.4570 	EXP 	scalar-implicatures: status = STARTED
17.6717 	EXP 	Created textWelcome = TextStim(__class__=<class 'psychopy.visual.text.TextStim'>, alignHoriz=method-wrapper(...), alignText='center', alignVert=method-wrapper(...), anchorHoriz='center', anchorVert='center', antialias=True, autoDraw=False, autoLog=True, bold=False, color=array([1., 1., 1.]), colorSpace='rgb', contrast=1.0, depth=0.0, draggable=False, flipHoriz=False, flipVert=False, font='Arial', fontFiles=[], height=0.1, italic=False, languageStyle='LTR', name='textWelcome', opacity=1, ori=0.0, pos=array([0., 0.]), rgb=UNKNOWN, text=str(...), units='norm', win=Window(...), wrapWidth=1.8)
17.6760 	EXP 	Created instructionsSI = TextStim(__class__=<class 'psychopy.visual.text.TextStim'>, alignHoriz=method-wrapper(...), alignText='center', alignVert=method-wrapper(...), anchorHoriz='center', anchorVert='center', antialias=True, autoDraw=False, autoLog=True, bold=False, color=array([1., 1., 1.]), colorSpace='rgb', contrast=1.0, depth=0.0, draggable=False, flipHoriz=False, flipVert=False, font='Arial', fontFiles=[], height=0.1, italic=False, languageStyle='LTR', name='instructionsSI', opacity=1, ori=0.0, pos=array([0., 0.]), rgb=UNKNOWN, text=str(...), units='norm', win=Window(...), wrapWidth=1.8)
17.6791 	EXP 	Created fix_rand = TextStim(__class__=<class 'psychopy.visual.text.TextStim'>, alignHoriz=method-wrapper(...), alignText='center', alignVert=method-wrapper(...), anchorHoriz='center', anchorVert='center', antialias=True, autoDraw=False, autoLog=True, bold=False, color=array([1., 1., 1.]), colorSpace='rgb', contrast=1.0, depth=0.0, draggable=False, flipHoriz=False, flipVert=False, font='Open Sans', fontFiles=[], height=0.1, italic=False, languageStyle='LTR', name='fix_rand', opacity=1, ori=0.0, pos=array([0., 0.]), rgb=UNKNOWN, text='+', units='height', win=Window(...), wrapWidth=1)
17.6795 	EXP 	Created stimSI = TextStim(__class__=<class 'psychopy.visual.text.TextStim'>, alignHoriz=method-wrapper(...), alignText='center', alignVert=method-wrapper(...), anchorHoriz='center', anchorVert='center', antialias=True, autoDraw=False, autoLog=True, bold=False, color=array([1., 1., 1.]), colorSpace='rgb', contrast=1.0, depth=0.0, draggable=False, flipHoriz=False, flipVert=False, font='Arial', fontFiles=[], height=0.05, italic=False, languageStyle='LTR', name='stimSI', opacity=1, ori=0.0, pos=array([0., 0.]), rgb=UNKNOWN, text='', units='height', win=Window(...), wrapWidth=1)
17.6838 	EXP 	Created text_norm_3 = TextStim(__class__=<class 'psychopy.visual.text.TextStim'>, alignHoriz=method-wrapper(...), alignText='center', alignVert=method-wrapper(...), anchorHoriz='center', anchorVert='center', antialias=True, autoDraw=False, autoLog=True, bold=False, color=array([1., 1., 1.]), colorSpace='rgb', contrast=1.0, depth=0.0, draggable=False, flipHoriz=False, flipVert=False, font='Arial', fontFiles=[], height=0.1, italic=False, languageStyle='LTR', name='text_norm_3', opacity=1, ori=0.0, pos=array([0., 0.]), rgb=UNKNOWN, text=str(...), units='norm', win=Window(...), wrapWidth=1.8)
17.6848 	EXP 	Created fix_rand = TextStim(__class__=<class 'psychopy.visual.text.TextStim'>, alignHoriz=method-wrapper(...), alignText='center', alignVert=method-wrapper(...), anchorHoriz='center', anchorVert='center', antialias=True, autoDraw=False, autoLog=True, bold=False, color=array([1., 1., 1.]), colorSpace='rgb', contrast=1.0, depth=0.0, draggable=False, flipHoriz=False, flipVert=False, font='Open Sans', fontFiles=[], height=0.1, italic=False, languageStyle='LTR', name='fix_rand', opacity=1, ori=0.0, pos=array([0., 0.]), rgb=UNKNOWN, text='+', units='height', win=Window(...), wrapWidth=1)
17.6921 	EXP 	Created savingText = TextStim(__class__=<class 'psychopy.visual.text.TextStim'>, alignHoriz=method-wrapper(...), alignText='center', alignVert=method-wrapper(...), anchorHoriz='center', anchorVert='center', antialias=True, autoDraw=False, autoLog=True, bold=False, color=array([1., 1., 1.]), colorSpace='rgb', contrast=1.0, depth=-1.0, draggable=False, flipHoriz=False, flipVert=False, font='Arial', fontFiles=[], height=0.1, italic=False, languageStyle='LTR', name='savingText', opacity=1, ori=0.0, pos=array([0., 0.]), rgb=UNKNOWN, text=str(...), units='norm', win=Window(...), wrapWidth=1.8)
0.0314 	INFO 	Keyboard events cleared
0.0312 	EXP 	textWelcome: autoDraw = True
7.8299 	DATA 	Keypress: space
7.8465 	INFO 	Keyboard events cleared
7.8463 	EXP 	textWelcome: autoDraw = False
7.8463 	EXP 	instructionsSI: autoDraw = True
13.3861 	DEBUG 	Read excel file with openpyxl: resources/stimuliMainTask.xlsx
13.3883 	EXP 	Imported resources/stimuliMainTask.xlsx as conditions, 44 conditions, 7 params
13.3886 	EXP 	New trial (rep=0, index=0): <Trial 0 (0 in rep 0) data={'id': 3, 'scale_term': 'dure/insoluble', 'scale_type': 'B', 'condition': 'test', 'speaker': 'Julie', 'sentence': 'la tâche est dure', 'negation': "la tache n'est pas insoluble", 'thisN': 0, 'thisTrialN': 0, 'thisRepN': 0}>
13.3898 	DATA 	Keypress: space
13.3965 	EXP 	instructionsSI: autoDraw = False
13.3965 	EXP 	fix_rand: autoDraw = True
14.6007 	DEBUG 	Saving data for scalar-implicatures ExperimentHandler
14.6014 	INFO 	saved data to C:\Users\medej\Desktop\EXP Semantics Pragmatics\data/477692_scalar-implicatures_2025-04-08_12h47.35.053.psydat
14.6019 	INFO 	saved data to 'C:\\Users\\medej\\Desktop\\EXP Semantics Pragmatics\\data/477692_scalar-implicatures_2025-04-08_12h47.35.053.csv'
