2.8006 	DEBUG 	Fullscreen settings ignored as running in pilot mode.
2.8010 	INFO 	Loaded monitor calibration from ['2025_04_08 12:36']
2.9307 	EXP 	Created window1 = Window(allowGUI=False, allowStencil=False, autoLog=True, backendConf=UNKNOWN, backgroundFit=<method-wrapper '__getattribute__' of attributeSetter object at 0x00000152ED8A0F40>, backgroundImage=<method-wrapper '__getattribute__' of attributeSetter object at 0x00000152ED8A0EE0>, bitsMode=UNKNOWN, blendMode='avg', bpc=(8, 8, 8), color=array([0, 0, 0]), colorSpace='rgb', depthBits=8, fullscr=False, gamma=None, gammaErrorPolicy='raise', infoMsg=UNKNOWN, lms=UNKNOWN, monitor=<psychopy.monitors.calibTools.Monitor object at 0x00000152ED952440>, multiSample=False, name='window1', numSamples=2, pos=[1520.0, 780.0], screen=0, size=array([800, 600]), stencilBits=0, stereo=False, title='PsychoPy', units='height', useFBO=True, useRetina=False, viewOri=0.0, viewPos=None, viewScale=None, waitBlanking=True, winType='pyglet')
2.9307 	EXP 	window1: backgroundImage = ''
2.9307 	EXP 	window1: backgroundFit = 'none'
2.9342 	DEBUG 	TextBox2 loaded 1 chars with 0 blanks and 1 valid
2.9347 	DEBUG 	TextBox2 loaded 1 chars with 0 blanks and 1 valid
2.9351 	DEBUG 	TextBox2 loaded 1 chars with 0 blanks and 1 valid
2.9356 	DEBUG 	TextBox2 loaded 1 chars with 0 blanks and 1 valid
2.9361 	DEBUG 	TextBox2 loaded 1 chars with 0 blanks and 1 valid
2.9364 	DEBUG 	TextBox2 loaded 1 chars with 0 blanks and 1 valid
2.9368 	DEBUG 	TextBox2 loaded 1 chars with 0 blanks and 1 valid
2.9373 	DEBUG 	TextBox2 loaded 1 chars with 0 blanks and 1 valid
2.9374 	DEBUG 	TextBox2 loaded 1 chars with 0 blanks and 1 valid
2.9376 	DEBUG 	TextBox2 loaded 1 chars with 0 blanks and 1 valid
2.9380 	DEBUG 	TextBox2 loaded 1 chars with 0 blanks and 1 valid
2.9384 	DEBUG 	TextBox2 loaded 1 chars with 0 blanks and 1 valid
2.9388 	DEBUG 	TextBox2 loaded 1 chars with 0 blanks and 1 valid
2.9392 	DEBUG 	TextBox2 loaded 1 chars with 0 blanks and 1 valid
2.9395 	DEBUG 	TextBox2 loaded 1 chars with 0 blanks and 1 valid
2.9399 	DEBUG 	TextBox2 loaded 1 chars with 0 blanks and 1 valid
2.9403 	DEBUG 	TextBox2 loaded 1 chars with 0 blanks and 1 valid
2.9405 	DEBUG 	TextBox2 loaded 1 chars with 0 blanks and 1 valid
2.9408 	DEBUG 	TextBox2 loaded 1 chars with 0 blanks and 1 valid
2.9413 	DEBUG 	TextBox2 loaded 1 chars with 0 blanks and 1 valid
2.9416 	DEBUG 	TextBox2 loaded 1 chars with 0 blanks and 1 valid
2.9417 	DEBUG 	Uploading Texture Font fontname to graphics card
2.9432 	DEBUG 	Upload of Texture Font fontname complete
2.9462 	DEBUG 	TextBox2 loaded 1 chars with 0 blanks and 1 valid
2.9467 	DEBUG 	TextBox2 loaded 1 chars with 0 blanks and 1 valid
2.9472 	DEBUG 	TextBox2 loaded 1 chars with 0 blanks and 1 valid
2.9473 	DEBUG 	Uploading Texture Font fontname to graphics card
2.9480 	DEBUG 	Upload of Texture Font fontname complete
2.9490 	EXP 	window1: Attempting to measure frame rate of screen (0) ...
2.9490 	EXP 	window1: recordFrameIntervals = False
3.1112 	EXP 	window1: recordFrameIntervals = True
3.2943 	EXP 	Screen (0) actual frame rate measured at 60.20Hz
3.2943 	EXP 	window1: recordFrameIntervals = False
3.2971 	DEBUG 	TextBox2 loaded 1 chars with 0 blanks and 1 valid
3.2974 	DEBUG 	TextBox2 loaded 1 chars with 0 blanks and 1 valid
3.2978 	DEBUG 	TextBox2 loaded 1 chars with 0 blanks and 1 valid
3.2984 	DEBUG 	TextBox2 loaded 1 chars with 0 blanks and 1 valid
3.2989 	DEBUG 	TextBox2 loaded 1 chars with 0 blanks and 1 valid
3.2994 	DEBUG 	TextBox2 loaded 1 chars with 0 blanks and 1 valid
3.2997 	DEBUG 	TextBox2 loaded 1 chars with 0 blanks and 1 valid
3.3002 	DEBUG 	TextBox2 loaded 1 chars with 0 blanks and 1 valid
3.3007 	DEBUG 	TextBox2 loaded 1 chars with 0 blanks and 1 valid
3.3012 	DEBUG 	TextBox2 loaded 1 chars with 0 blanks and 1 valid
3.3013 	DEBUG 	Uploading Texture Font fontname to graphics card
3.3016 	DEBUG 	Upload of Texture Font fontname complete
3.3061 	WARNING 	launchHubServer: If using the iohub mouse or eyetracker devices, fullScr should be True.
4.0381 	INFO 	keyboard.Keyboard is using iohub backend.
4.0381 	INFO 	keyboard.Keyboard is using iohub backend.
4.0381 	INFO 	keyboard.Keyboard is using iohub backend.
4.0382 	INFO 	keyboard.Keyboard is using iohub backend.
4.0382 	INFO 	keyboard.Keyboard is using iohub backend.
4.0382 	EXP 	scalar-implicatures: status = STARTED
4.0661 	EXP 	Created textWelcome = TextStim(__class__=<class 'psychopy.visual.text.TextStim'>, alignHoriz=method-wrapper(...), alignText='center', alignVert=method-wrapper(...), anchorHoriz='center', anchorVert='center', antialias=True, autoDraw=False, autoLog=True, bold=False, color=array([1., 1., 1.]), colorSpace='rgb', contrast=1.0, depth=0.0, draggable=False, flipHoriz=False, flipVert=False, font='Arial', fontFiles=[], height=0.1, italic=False, languageStyle='LTR', name='textWelcome', opacity=1, ori=0.0, pos=array([0., 0.]), rgb=UNKNOWN, text=str(...), units='norm', win=Window(...), wrapWidth=1.8)
4.0705 	EXP 	Created instructionsSI = TextStim(__class__=<class 'psychopy.visual.text.TextStim'>, alignHoriz=method-wrapper(...), alignText='center', alignVert=method-wrapper(...), anchorHoriz='center', anchorVert='center', antialias=True, autoDraw=False, autoLog=True, bold=False, color=array([1., 1., 1.]), colorSpace='rgb', contrast=1.0, depth=0.0, draggable=False, flipHoriz=False, flipVert=False, font='Arial', fontFiles=[], height=0.1, italic=False, languageStyle='LTR', name='instructionsSI', opacity=1, ori=0.0, pos=array([0., 0.]), rgb=UNKNOWN, text=str(...), units='norm', win=Window(...), wrapWidth=1.8)
4.0730 	EXP 	Created fix_rand = TextStim(__class__=<class 'psychopy.visual.text.TextStim'>, alignHoriz=method-wrapper(...), alignText='center', alignVert=method-wrapper(...), anchorHoriz='center', anchorVert='center', antialias=True, autoDraw=False, autoLog=True, bold=False, color=array([1., 1., 1.]), colorSpace='rgb', contrast=1.0, depth=0.0, draggable=False, flipHoriz=False, flipVert=False, font='Open Sans', fontFiles=[], height=0.1, italic=False, languageStyle='LTR', name='fix_rand', opacity=1, ori=0.0, pos=array([0., 0.]), rgb=UNKNOWN, text='+', units='height', win=Window(...), wrapWidth=1)
4.0733 	EXP 	Created stimSI = TextStim(__class__=<class 'psychopy.visual.text.TextStim'>, alignHoriz=method-wrapper(...), alignText='center', alignVert=method-wrapper(...), anchorHoriz='center', anchorVert='center', antialias=True, autoDraw=False, autoLog=True, bold=False, color=array([1., 1., 1.]), colorSpace='rgb', contrast=1.0, depth=0.0, draggable=False, flipHoriz=False, flipVert=False, font='Arial', fontFiles=[], height=0.05, italic=False, languageStyle='LTR', name='stimSI', opacity=1, ori=0.0, pos=array([0., 0.]), rgb=UNKNOWN, text='', units='height', win=Window(...), wrapWidth=1)
4.0777 	EXP 	Created text_norm_3 = TextStim(__class__=<class 'psychopy.visual.text.TextStim'>, alignHoriz=method-wrapper(...), alignText='center', alignVert=method-wrapper(...), anchorHoriz='center', anchorVert='center', antialias=True, autoDraw=False, autoLog=True, bold=False, color=array([1., 1., 1.]), colorSpace='rgb', contrast=1.0, depth=0.0, draggable=False, flipHoriz=False, flipVert=False, font='Arial', fontFiles=[], height=0.1, italic=False, languageStyle='LTR', name='text_norm_3', opacity=1, ori=0.0, pos=array([0., 0.]), rgb=UNKNOWN, text=str(...), units='norm', win=Window(...), wrapWidth=1.8)
4.0786 	EXP 	Created fix_rand = TextStim(__class__=<class 'psychopy.visual.text.TextStim'>, alignHoriz=method-wrapper(...), alignText='center', alignVert=method-wrapper(...), anchorHoriz='center', anchorVert='center', antialias=True, autoDraw=False, autoLog=True, bold=False, color=array([1., 1., 1.]), colorSpace='rgb', contrast=1.0, depth=0.0, draggable=False, flipHoriz=False, flipVert=False, font='Open Sans', fontFiles=[], height=0.1, italic=False, languageStyle='LTR', name='fix_rand', opacity=1, ori=0.0, pos=array([0., 0.]), rgb=UNKNOWN, text='+', units='height', win=Window(...), wrapWidth=1)
4.0827 	EXP 	Created savingText = TextStim(__class__=<class 'psychopy.visual.text.TextStim'>, alignHoriz=method-wrapper(...), alignText='center', alignVert=method-wrapper(...), anchorHoriz='center', anchorVert='center', antialias=True, autoDraw=False, autoLog=True, bold=False, color=array([1., 1., 1.]), colorSpace='rgb', contrast=1.0, depth=-1.0, draggable=False, flipHoriz=False, flipVert=False, font='Arial', fontFiles=[], height=0.1, italic=False, languageStyle='LTR', name='savingText', opacity=1, ori=0.0, pos=array([0., 0.]), rgb=UNKNOWN, text=str(...), units='norm', win=Window(...), wrapWidth=1.8)
0.0285 	INFO 	Keyboard events cleared
0.0283 	EXP 	textWelcome: autoDraw = True
0.6823 	DATA 	Keypress: space
0.6950 	INFO 	Keyboard events cleared
0.6949 	EXP 	textWelcome: autoDraw = False
0.6949 	EXP 	instructionsSI: autoDraw = True
4.3343 	DEBUG 	Read excel file with openpyxl: resources/stimuliMainTask.xlsx
4.3365 	EXP 	Imported resources/stimuliMainTask.xlsx as conditions, 44 conditions, 7 params
4.3369 	EXP 	New trial (rep=0, index=0): <Trial 0 (0 in rep 0) data={'id': 42, 'scale_term': 'jeune/sérieux', 'scale_type': None, 'condition': 'filler-false', 'speaker': 'Paul', 'sentence': "l'étudiant est jeune", 'negation': "l'étudiant n'est pas sérieux", 'thisN': 0, 'thisTrialN': 0, 'thisRepN': 0}>
4.3381 	DATA 	Keypress: space
4.3449 	EXP 	instructionsSI: autoDraw = False
4.3449 	EXP 	fix_rand: autoDraw = True
5.4101 	DEBUG 	Saving data for scalar-implicatures ExperimentHandler
5.4107 	INFO 	saved data to C:\Users\medej\Desktop\EXP Semantics Pragmatics\data/636053_scalar-implicatures_2025-04-08_12h48.21.078.psydat
5.4111 	INFO 	saved data to 'C:\\Users\\medej\\Desktop\\EXP Semantics Pragmatics\\data/636053_scalar-implicatures_2025-04-08_12h48.21.078.csv'
