2.6001 	DEBUG 	Fullscreen settings ignored as running in pilot mode.
2.6006 	INFO 	Loaded monitor calibration from ['2025_04_08 12:36']
2.7229 	EXP 	Created window1 = Window(allowGUI=False, allowStencil=False, autoLog=True, backendConf=UNKNOWN, backgroundFit=<method-wrapper '__getattribute__' of attributeSetter object at 0x000001DE61E35870>, backgroundImage=<method-wrapper '__getattribute__' of attributeSetter object at 0x000001DE61E35810>, bitsMode=UNKNOWN, blendMode='avg', bpc=(8, 8, 8), color=array([0, 0, 0]), colorSpace='rgb', depthBits=8, fullscr=False, gamma=None, gammaErrorPolicy='raise', infoMsg=UNKNOWN, lms=UNKNOWN, monitor=<psychopy.monitors.calibTools.Monitor object at 0x000001DE61EEB0A0>, multiSample=False, name='window1', numSamples=2, pos=[1520.0, 780.0], screen=0, size=array([800, 600]), stencilBits=0, stereo=False, title='PsychoPy', units='height', useFBO=True, useRetina=False, viewOri=0.0, viewPos=None, viewScale=None, waitBlanking=True, winType='pyglet')
2.7230 	EXP 	window1: backgroundImage = ''
2.7230 	EXP 	window1: backgroundFit = 'none'
2.7274 	DEBUG 	TextBox2 loaded 1 chars with 0 blanks and 1 valid
2.7279 	DEBUG 	TextBox2 loaded 1 chars with 0 blanks and 1 valid
2.7284 	DEBUG 	TextBox2 loaded 1 chars with 0 blanks and 1 valid
2.7289 	DEBUG 	TextBox2 loaded 1 chars with 0 blanks and 1 valid
2.7294 	DEBUG 	TextBox2 loaded 1 chars with 0 blanks and 1 valid
2.7297 	DEBUG 	TextBox2 loaded 1 chars with 0 blanks and 1 valid
2.7301 	DEBUG 	TextBox2 loaded 1 chars with 0 blanks and 1 valid
2.7306 	DEBUG 	TextBox2 loaded 1 chars with 0 blanks and 1 valid
2.7308 	DEBUG 	TextBox2 loaded 1 chars with 0 blanks and 1 valid
2.7310 	DEBUG 	TextBox2 loaded 1 chars with 0 blanks and 1 valid
2.7314 	DEBUG 	TextBox2 loaded 1 chars with 0 blanks and 1 valid
2.7318 	DEBUG 	TextBox2 loaded 1 chars with 0 blanks and 1 valid
2.7321 	DEBUG 	TextBox2 loaded 1 chars with 0 blanks and 1 valid
2.7325 	DEBUG 	TextBox2 loaded 1 chars with 0 blanks and 1 valid
2.7329 	DEBUG 	TextBox2 loaded 1 chars with 0 blanks and 1 valid
2.7333 	DEBUG 	TextBox2 loaded 1 chars with 0 blanks and 1 valid
2.7337 	DEBUG 	TextBox2 loaded 1 chars with 0 blanks and 1 valid
2.7339 	DEBUG 	TextBox2 loaded 1 chars with 0 blanks and 1 valid
2.7342 	DEBUG 	TextBox2 loaded 1 chars with 0 blanks and 1 valid
2.7347 	DEBUG 	TextBox2 loaded 1 chars with 0 blanks and 1 valid
2.7350 	DEBUG 	TextBox2 loaded 1 chars with 0 blanks and 1 valid
2.7351 	DEBUG 	Uploading Texture Font fontname to graphics card
2.7367 	DEBUG 	Upload of Texture Font fontname complete
2.7403 	DEBUG 	TextBox2 loaded 1 chars with 0 blanks and 1 valid
2.7408 	DEBUG 	TextBox2 loaded 1 chars with 0 blanks and 1 valid
2.7415 	DEBUG 	TextBox2 loaded 1 chars with 0 blanks and 1 valid
2.7416 	DEBUG 	Uploading Texture Font fontname to graphics card
2.7421 	DEBUG 	Upload of Texture Font fontname complete
2.7433 	EXP 	window1: Attempting to measure frame rate of screen (0) ...
2.7433 	EXP 	window1: recordFrameIntervals = False
2.9098 	EXP 	window1: recordFrameIntervals = True
3.0931 	EXP 	Screen (0) actual frame rate measured at 60.02Hz
3.0931 	EXP 	window1: recordFrameIntervals = False
3.0960 	DEBUG 	TextBox2 loaded 1 chars with 0 blanks and 1 valid
3.0963 	DEBUG 	TextBox2 loaded 1 chars with 0 blanks and 1 valid
3.0967 	DEBUG 	TextBox2 loaded 1 chars with 0 blanks and 1 valid
3.0973 	DEBUG 	TextBox2 loaded 1 chars with 0 blanks and 1 valid
3.0978 	DEBUG 	TextBox2 loaded 1 chars with 0 blanks and 1 valid
3.0985 	DEBUG 	TextBox2 loaded 1 chars with 0 blanks and 1 valid
3.0988 	DEBUG 	TextBox2 loaded 1 chars with 0 blanks and 1 valid
3.0993 	DEBUG 	TextBox2 loaded 1 chars with 0 blanks and 1 valid
3.0998 	DEBUG 	TextBox2 loaded 1 chars with 0 blanks and 1 valid
3.1003 	DEBUG 	TextBox2 loaded 1 chars with 0 blanks and 1 valid
3.1004 	DEBUG 	Uploading Texture Font fontname to graphics card
3.1007 	DEBUG 	Upload of Texture Font fontname complete
3.1066 	WARNING 	launchHubServer: If using the iohub mouse or eyetracker devices, fullScr should be True.
3.9451 	INFO 	keyboard.Keyboard is using iohub backend.
3.9451 	INFO 	keyboard.Keyboard is using iohub backend.
3.9452 	INFO 	keyboard.Keyboard is using iohub backend.
3.9452 	INFO 	keyboard.Keyboard is using iohub backend.
3.9452 	INFO 	keyboard.Keyboard is using iohub backend.
3.9452 	EXP 	scalar-implicatures: status = STARTED
3.9862 	EXP 	Created textWelcome = TextStim(__class__=<class 'psychopy.visual.text.TextStim'>, alignHoriz=method-wrapper(...), alignText='center', alignVert=method-wrapper(...), anchorHoriz='center', anchorVert='center', antialias=True, autoDraw=False, autoLog=True, bold=False, color=array([1., 1., 1.]), colorSpace='rgb', contrast=1.0, depth=0.0, draggable=False, flipHoriz=False, flipVert=False, font='Arial', fontFiles=[], height=0.1, italic=False, languageStyle='LTR', name='textWelcome', opacity=1, ori=0.0, pos=array([0., 0.]), rgb=UNKNOWN, text=str(...), units='norm', win=Window(...), wrapWidth=1.8)
3.9905 	EXP 	Created instructionsSI = TextStim(__class__=<class 'psychopy.visual.text.TextStim'>, alignHoriz=method-wrapper(...), alignText='center', alignVert=method-wrapper(...), anchorHoriz='center', anchorVert='center', antialias=True, autoDraw=False, autoLog=True, bold=False, color=array([1., 1., 1.]), colorSpace='rgb', contrast=1.0, depth=0.0, draggable=False, flipHoriz=False, flipVert=False, font='Arial', fontFiles=[], height=0.1, italic=False, languageStyle='LTR', name='instructionsSI', opacity=1, ori=0.0, pos=array([0., 0.]), rgb=UNKNOWN, text=str(...), units='norm', win=Window(...), wrapWidth=1.8)
3.9930 	EXP 	Created fix_rand = TextStim(__class__=<class 'psychopy.visual.text.TextStim'>, alignHoriz=method-wrapper(...), alignText='center', alignVert=method-wrapper(...), anchorHoriz='center', anchorVert='center', antialias=True, autoDraw=False, autoLog=True, bold=False, color=array([1., 1., 1.]), colorSpace='rgb', contrast=1.0, depth=0.0, draggable=False, flipHoriz=False, flipVert=False, font='Open Sans', fontFiles=[], height=0.1, italic=False, languageStyle='LTR', name='fix_rand', opacity=1, ori=0.0, pos=array([0., 0.]), rgb=UNKNOWN, text='+', units='height', win=Window(...), wrapWidth=1)
3.9933 	EXP 	Created stimSI = TextStim(__class__=<class 'psychopy.visual.text.TextStim'>, alignHoriz=method-wrapper(...), alignText='center', alignVert=method-wrapper(...), anchorHoriz='center', anchorVert='center', antialias=True, autoDraw=False, autoLog=True, bold=False, color=array([1., 1., 1.]), colorSpace='rgb', contrast=1.0, depth=0.0, draggable=False, flipHoriz=False, flipVert=False, font='Arial', fontFiles=[], height=0.05, italic=False, languageStyle='LTR', name='stimSI', opacity=1, ori=0.0, pos=array([0., 0.]), rgb=UNKNOWN, text='', units='height', win=Window(...), wrapWidth=1.5)
3.9980 	EXP 	Created text_norm_3 = TextStim(__class__=<class 'psychopy.visual.text.TextStim'>, alignHoriz=method-wrapper(...), alignText='center', alignVert=method-wrapper(...), anchorHoriz='center', anchorVert='center', antialias=True, autoDraw=False, autoLog=True, bold=False, color=array([1., 1., 1.]), colorSpace='rgb', contrast=1.0, depth=0.0, draggable=False, flipHoriz=False, flipVert=False, font='Arial', fontFiles=[], height=0.1, italic=False, languageStyle='LTR', name='text_norm_3', opacity=1, ori=0.0, pos=array([0., 0.]), rgb=UNKNOWN, text=str(...), units='norm', win=Window(...), wrapWidth=1.8)
3.9990 	EXP 	Created fix_rand = TextStim(__class__=<class 'psychopy.visual.text.TextStim'>, alignHoriz=method-wrapper(...), alignText='center', alignVert=method-wrapper(...), anchorHoriz='center', anchorVert='center', antialias=True, autoDraw=False, autoLog=True, bold=False, color=array([1., 1., 1.]), colorSpace='rgb', contrast=1.0, depth=0.0, draggable=False, flipHoriz=False, flipVert=False, font='Open Sans', fontFiles=[], height=0.1, italic=False, languageStyle='LTR', name='fix_rand', opacity=1, ori=0.0, pos=array([0., 0.]), rgb=UNKNOWN, text='+', units='height', win=Window(...), wrapWidth=1)
4.0032 	EXP 	Created savingText = TextStim(__class__=<class 'psychopy.visual.text.TextStim'>, alignHoriz=method-wrapper(...), alignText='center', alignVert=method-wrapper(...), anchorHoriz='center', anchorVert='center', antialias=True, autoDraw=False, autoLog=True, bold=False, color=array([1., 1., 1.]), colorSpace='rgb', contrast=1.0, depth=-1.0, draggable=False, flipHoriz=False, flipVert=False, font='Arial', fontFiles=[], height=0.1, italic=False, languageStyle='LTR', name='savingText', opacity=1, ori=0.0, pos=array([0., 0.]), rgb=UNKNOWN, text=str(...), units='norm', win=Window(...), wrapWidth=1.8)
0.0234 	INFO 	Keyboard events cleared
0.0232 	EXP 	textWelcome: autoDraw = True
1.1108 	DATA 	Keypress: space
1.1236 	INFO 	Keyboard events cleared
1.1235 	EXP 	textWelcome: autoDraw = False
1.1235 	EXP 	instructionsSI: autoDraw = True
1.5134 	DEBUG 	Read excel file with openpyxl: resources/stimuliMainTask.xlsx
1.5156 	EXP 	Imported resources/stimuliMainTask.xlsx as conditions, 44 conditions, 7 params
1.5164 	EXP 	New trial (rep=0, index=0): <Trial 0 (0 in rep 0) data={'id': 30, 'scale_term': 'fermé/ouvert', 'scale_type': None, 'condition': 'filler-true', 'speaker': 'Paul', 'sentence': 'le magasin est fermé', 'negation': "le magasin n'est pas ouvert", 'thisN': 0, 'thisTrialN': 0, 'thisRepN': 0}>
1.5174 	DATA 	Keypress: space
1.5231 	EXP 	instructionsSI: autoDraw = False
1.5231 	EXP 	fix_rand: autoDraw = True
2.7900 	INFO 	Keyboard events cleared
2.7898 	EXP 	fix_rand: autoDraw = False
2.7898 	EXP 	fix_rand: autoDraw = False
2.7898 	EXP 	stimSI: height = 0.05
2.7898 	EXP 	stimSI: height = 0.05
2.7898 	EXP 	stimSI: height = 0.05
2.7898 	EXP 	stimSI: text = "Paul dit :  « le magasin est fermé. »\n\nEst-ce que vous pouvez en conclure que, selon Paul, le magasin n'est pas ouvert ?\n\n[f] non\t\t[j] oui"
2.7898 	EXP 	stimSI: autoDraw = True
18.5423 	DATA 	Keypress: escape
18.5920 	EXP 	scalar-implicatures: status = STOPPED
18.6073 	EXP 	stimSI: autoDraw = False
18.6084 	EXP 	scalar-implicatures: status = STOPPED
18.6109 	INFO 	saved data to 'C:\\Users\\medej\\Desktop\\EXP Semantics Pragmatics\\data/673314_scalar-implicatures_2025-04-08_13h52.54.423.csv'
18.6114 	INFO 	saved data to C:\Users\medej\Desktop\EXP Semantics Pragmatics\data/673314_scalar-implicatures_2025-04-08_13h52.54.423.psydat
18.8715 	DEBUG 	Saving data for scalar-implicatures ExperimentHandler
