2.3861 	DEBUG 	Fullscreen settings ignored as running in pilot mode.
2.3864 	INFO 	Loaded monitor calibration from ['2025_04_08 12:36']
2.5152 	EXP 	Created window1 = Window(allowGUI=False, allowStencil=False, autoLog=True, backendConf=UNKNOWN, backgroundFit=<method-wrapper '__getattribute__' of attributeSetter object at 0x0000020AD7788610>, backgroundImage=<method-wrapper '__getattribute__' of attributeSetter object at 0x0000020AD77885B0>, bitsMode=UNKNOWN, blendMode='avg', bpc=(8, 8, 8), color=array([0, 0, 0]), colorSpace='rgb', depthBits=8, fullscr=False, gamma=None, gammaErrorPolicy='raise', infoMsg=UNKNOWN, lms=UNKNOWN, monitor=<psychopy.monitors.calibTools.Monitor object at 0x0000020AD783DE40>, multiSample=False, name='window1', numSamples=2, pos=[1520.0, 780.0], screen=0, size=array([800, 600]), stencilBits=0, stereo=False, title='PsychoPy', units='height', useFBO=True, useRetina=False, viewOri=0.0, viewPos=None, viewScale=None, waitBlanking=True, winType='pyglet')
2.5153 	EXP 	window1: backgroundImage = ''
2.5153 	EXP 	window1: backgroundFit = 'none'
2.5191 	DEBUG 	TextBox2 loaded 1 chars with 0 blanks and 1 valid
2.5195 	DEBUG 	TextBox2 loaded 1 chars with 0 blanks and 1 valid
2.5199 	DEBUG 	TextBox2 loaded 1 chars with 0 blanks and 1 valid
2.5204 	DEBUG 	TextBox2 loaded 1 chars with 0 blanks and 1 valid
2.5209 	DEBUG 	TextBox2 loaded 1 chars with 0 blanks and 1 valid
2.5211 	DEBUG 	TextBox2 loaded 1 chars with 0 blanks and 1 valid
2.5215 	DEBUG 	TextBox2 loaded 1 chars with 0 blanks and 1 valid
2.5220 	DEBUG 	TextBox2 loaded 1 chars with 0 blanks and 1 valid
2.5222 	DEBUG 	TextBox2 loaded 1 chars with 0 blanks and 1 valid
2.5224 	DEBUG 	TextBox2 loaded 1 chars with 0 blanks and 1 valid
2.5227 	DEBUG 	TextBox2 loaded 1 chars with 0 blanks and 1 valid
2.5231 	DEBUG 	TextBox2 loaded 1 chars with 0 blanks and 1 valid
2.5235 	DEBUG 	TextBox2 loaded 1 chars with 0 blanks and 1 valid
2.5238 	DEBUG 	TextBox2 loaded 1 chars with 0 blanks and 1 valid
2.5242 	DEBUG 	TextBox2 loaded 1 chars with 0 blanks and 1 valid
2.5246 	DEBUG 	TextBox2 loaded 1 chars with 0 blanks and 1 valid
2.5249 	DEBUG 	TextBox2 loaded 1 chars with 0 blanks and 1 valid
2.5252 	DEBUG 	TextBox2 loaded 1 chars with 0 blanks and 1 valid
2.5254 	DEBUG 	TextBox2 loaded 1 chars with 0 blanks and 1 valid
2.5259 	DEBUG 	TextBox2 loaded 1 chars with 0 blanks and 1 valid
2.5262 	DEBUG 	TextBox2 loaded 1 chars with 0 blanks and 1 valid
2.5263 	DEBUG 	Uploading Texture Font fontname to graphics card
2.5277 	DEBUG 	Upload of Texture Font fontname complete
2.5308 	DEBUG 	TextBox2 loaded 1 chars with 0 blanks and 1 valid
2.5313 	DEBUG 	TextBox2 loaded 1 chars with 0 blanks and 1 valid
2.5318 	DEBUG 	TextBox2 loaded 1 chars with 0 blanks and 1 valid
2.5319 	DEBUG 	Uploading Texture Font fontname to graphics card
2.5322 	DEBUG 	Upload of Texture Font fontname complete
2.5332 	EXP 	window1: Attempting to measure frame rate of screen (0) ...
2.5332 	EXP 	window1: recordFrameIntervals = False
2.6919 	EXP 	window1: recordFrameIntervals = True
2.8753 	EXP 	Screen (0) actual frame rate measured at 60.00Hz
2.8753 	EXP 	window1: recordFrameIntervals = False
2.8783 	DEBUG 	TextBox2 loaded 1 chars with 0 blanks and 1 valid
2.8786 	DEBUG 	TextBox2 loaded 1 chars with 0 blanks and 1 valid
2.8791 	DEBUG 	TextBox2 loaded 1 chars with 0 blanks and 1 valid
2.8796 	DEBUG 	TextBox2 loaded 1 chars with 0 blanks and 1 valid
2.8801 	DEBUG 	TextBox2 loaded 1 chars with 0 blanks and 1 valid
2.8806 	DEBUG 	TextBox2 loaded 1 chars with 0 blanks and 1 valid
2.8809 	DEBUG 	TextBox2 loaded 1 chars with 0 blanks and 1 valid
2.8814 	DEBUG 	TextBox2 loaded 1 chars with 0 blanks and 1 valid
2.8820 	DEBUG 	TextBox2 loaded 1 chars with 0 blanks and 1 valid
2.8824 	DEBUG 	TextBox2 loaded 1 chars with 0 blanks and 1 valid
2.8826 	DEBUG 	Uploading Texture Font fontname to graphics card
2.8829 	DEBUG 	Upload of Texture Font fontname complete
2.8890 	WARNING 	launchHubServer: If using the iohub mouse or eyetracker devices, fullScr should be True.
3.0241 	INFO 	keyboard.Keyboard is using iohub backend.
3.0241 	INFO 	keyboard.Keyboard is using iohub backend.
3.0241 	INFO 	keyboard.Keyboard is using iohub backend.
3.0241 	INFO 	keyboard.Keyboard is using iohub backend.
3.0241 	INFO 	keyboard.Keyboard is using iohub backend.
3.0242 	INFO 	keyboard.Keyboard is using iohub backend.
3.0242 	EXP 	scalar-implicatures: status = STARTED
3.0550 	EXP 	Created textWelcome = TextStim(__class__=<class 'psychopy.visual.text.TextStim'>, alignHoriz=method-wrapper(...), alignText='center', alignVert=method-wrapper(...), anchorHoriz='center', anchorVert='center', antialias=True, autoDraw=False, autoLog=True, bold=False, color=array([1., 1., 1.]), colorSpace='rgb', contrast=1.0, depth=0.0, draggable=False, flipHoriz=False, flipVert=False, font='Arial', fontFiles=[], height=0.1, italic=False, languageStyle='LTR', name='textWelcome', opacity=1, ori=0.0, pos=array([0., 0.]), rgb=UNKNOWN, text=str(...), units='norm', win=Window(...), wrapWidth=1.8)
3.0620 	EXP 	Created instructionsSI = TextStim(__class__=<class 'psychopy.visual.text.TextStim'>, alignHoriz=method-wrapper(...), alignText='center', alignVert=method-wrapper(...), anchorHoriz='center', anchorVert='center', antialias=True, autoDraw=False, autoLog=True, bold=False, color=array([1., 1., 1.]), colorSpace='rgb', contrast=1.0, depth=0.0, draggable=False, flipHoriz=False, flipVert=False, font='Arial', fontFiles=[], height=0.1, italic=False, languageStyle='LTR', name='instructionsSI', opacity=1, ori=0.0, pos=array([0., 0.]), rgb=UNKNOWN, text=str(...), units='norm', win=Window(...), wrapWidth=1.8)
3.0644 	EXP 	Created fix_rand = TextStim(__class__=<class 'psychopy.visual.text.TextStim'>, alignHoriz=method-wrapper(...), alignText='center', alignVert=method-wrapper(...), anchorHoriz='center', anchorVert='center', antialias=True, autoDraw=False, autoLog=True, bold=False, color=array([1., 1., 1.]), colorSpace='rgb', contrast=1.0, depth=0.0, draggable=False, flipHoriz=False, flipVert=False, font='Open Sans', fontFiles=[], height=0.1, italic=False, languageStyle='LTR', name='fix_rand', opacity=1, ori=0.0, pos=array([0., 0.]), rgb=UNKNOWN, text='+', units='height', win=Window(...), wrapWidth=1)
3.0775 	DEBUG 	Saving data for scalar-implicatures ExperimentHandler
3.0779 	INFO 	saved data to C:\Users\medej\Desktop\EXP Semantics Pragmatics\data/731241_scalar-implicatures_2025-04-08_14h28.34.253.psydat
3.0781 	INFO 	saved data to 'C:\\Users\\medej\\Desktop\\EXP Semantics Pragmatics\\data/731241_scalar-implicatures_2025-04-08_14h28.34.253.csv'
