2.8497 	DEBUG 	Fullscreen settings ignored as running in pilot mode.
2.8501 	INFO 	Loaded monitor calibration from ['2025_04_08 12:36']
3.0361 	EXP 	Created window1 = Window(allowGUI=False, allowStencil=False, autoLog=True, backendConf=UNKNOWN, backgroundFit=<method-wrapper '__getattribute__' of attributeSetter object at 0x00000289706D5810>, backgroundImage=<method-wrapper '__getattribute__' of attributeSetter object at 0x00000289706D57B0>, bitsMode=UNKNOWN, blendMode='avg', bpc=(8, 8, 8), color=array([0, 0, 0]), colorSpace='rgb', depthBits=8, fullscr=False, gamma=None, gammaErrorPolicy='raise', infoMsg=UNKNOWN, lms=UNKNOWN, monitor=<psychopy.monitors.calibTools.Monitor object at 0x000002897078B040>, multiSample=False, name='window1', numSamples=2, pos=[1520.0, 780.0], screen=0, size=array([800, 600]), stencilBits=0, stereo=False, title='PsychoPy', units='height', useFBO=True, useRetina=False, viewOri=0.0, viewPos=None, viewScale=None, waitBlanking=True, winType='pyglet')
3.0362 	EXP 	window1: backgroundImage = ''
3.0362 	EXP 	window1: backgroundFit = 'none'
3.0410 	DEBUG 	TextBox2 loaded 1 chars with 0 blanks and 1 valid
3.0414 	DEBUG 	TextBox2 loaded 1 chars with 0 blanks and 1 valid
3.0419 	DEBUG 	TextBox2 loaded 1 chars with 0 blanks and 1 valid
3.0424 	DEBUG 	TextBox2 loaded 1 chars with 0 blanks and 1 valid
3.0429 	DEBUG 	TextBox2 loaded 1 chars with 0 blanks and 1 valid
3.0432 	DEBUG 	TextBox2 loaded 1 chars with 0 blanks and 1 valid
3.0436 	DEBUG 	TextBox2 loaded 1 chars with 0 blanks and 1 valid
3.0441 	DEBUG 	TextBox2 loaded 1 chars with 0 blanks and 1 valid
3.0443 	DEBUG 	TextBox2 loaded 1 chars with 0 blanks and 1 valid
3.0445 	DEBUG 	TextBox2 loaded 1 chars with 0 blanks and 1 valid
3.0449 	DEBUG 	TextBox2 loaded 1 chars with 0 blanks and 1 valid
3.0453 	DEBUG 	TextBox2 loaded 1 chars with 0 blanks and 1 valid
3.0457 	DEBUG 	TextBox2 loaded 1 chars with 0 blanks and 1 valid
3.0461 	DEBUG 	TextBox2 loaded 1 chars with 0 blanks and 1 valid
3.0465 	DEBUG 	TextBox2 loaded 1 chars with 0 blanks and 1 valid
3.0469 	DEBUG 	TextBox2 loaded 1 chars with 0 blanks and 1 valid
3.0474 	DEBUG 	TextBox2 loaded 1 chars with 0 blanks and 1 valid
3.0476 	DEBUG 	TextBox2 loaded 1 chars with 0 blanks and 1 valid
3.0479 	DEBUG 	TextBox2 loaded 1 chars with 0 blanks and 1 valid
3.0484 	DEBUG 	TextBox2 loaded 1 chars with 0 blanks and 1 valid
3.0487 	DEBUG 	TextBox2 loaded 1 chars with 0 blanks and 1 valid
3.0491 	DEBUG 	Uploading Texture Font fontname to graphics card
3.0544 	DEBUG 	Upload of Texture Font fontname complete
3.0574 	DEBUG 	TextBox2 loaded 1 chars with 0 blanks and 1 valid
3.0580 	DEBUG 	TextBox2 loaded 1 chars with 0 blanks and 1 valid
3.0584 	DEBUG 	TextBox2 loaded 1 chars with 0 blanks and 1 valid
3.0586 	DEBUG 	Uploading Texture Font fontname to graphics card
3.0602 	DEBUG 	Upload of Texture Font fontname complete
3.0615 	EXP 	window1: Attempting to measure frame rate of screen (0) ...
3.0615 	EXP 	window1: recordFrameIntervals = False
3.2294 	EXP 	window1: recordFrameIntervals = True
3.4128 	EXP 	Screen (0) actual frame rate measured at 59.99Hz
3.4128 	EXP 	window1: recordFrameIntervals = False
3.4155 	DEBUG 	TextBox2 loaded 1 chars with 0 blanks and 1 valid
3.4158 	DEBUG 	TextBox2 loaded 1 chars with 0 blanks and 1 valid
3.4163 	DEBUG 	TextBox2 loaded 1 chars with 0 blanks and 1 valid
3.4169 	DEBUG 	TextBox2 loaded 1 chars with 0 blanks and 1 valid
3.4174 	DEBUG 	TextBox2 loaded 1 chars with 0 blanks and 1 valid
3.4180 	DEBUG 	TextBox2 loaded 1 chars with 0 blanks and 1 valid
3.4182 	DEBUG 	TextBox2 loaded 1 chars with 0 blanks and 1 valid
3.4187 	DEBUG 	TextBox2 loaded 1 chars with 0 blanks and 1 valid
3.4193 	DEBUG 	TextBox2 loaded 1 chars with 0 blanks and 1 valid
3.4197 	DEBUG 	TextBox2 loaded 1 chars with 0 blanks and 1 valid
3.4199 	DEBUG 	Uploading Texture Font fontname to graphics card
3.4202 	DEBUG 	Upload of Texture Font fontname complete
3.4279 	WARNING 	launchHubServer: If using the iohub mouse or eyetracker devices, fullScr should be True.
4.3232 	INFO 	keyboard.Keyboard is using iohub backend.
4.3233 	INFO 	keyboard.Keyboard is using iohub backend.
4.3233 	INFO 	keyboard.Keyboard is using iohub backend.
4.3233 	INFO 	keyboard.Keyboard is using iohub backend.
4.3233 	INFO 	keyboard.Keyboard is using iohub backend.
4.3233 	EXP 	scalar-implicatures: status = STARTED
4.3640 	EXP 	Created textWelcome = TextStim(__class__=<class 'psychopy.visual.text.TextStim'>, alignHoriz=method-wrapper(...), alignText='center', alignVert=method-wrapper(...), anchorHoriz='center', anchorVert='center', antialias=True, autoDraw=False, autoLog=True, bold=False, color=array([1., 1., 1.]), colorSpace='rgb', contrast=1.0, depth=0.0, draggable=False, flipHoriz=False, flipVert=False, font='Arial', fontFiles=[], height=0.1, italic=False, languageStyle='LTR', name='textWelcome', opacity=1, ori=0.0, pos=array([0., 0.]), rgb=UNKNOWN, text=str(...), units='norm', win=Window(...), wrapWidth=1.8)
4.3685 	EXP 	Created instructionsSI = TextStim(__class__=<class 'psychopy.visual.text.TextStim'>, alignHoriz=method-wrapper(...), alignText='center', alignVert=method-wrapper(...), anchorHoriz='center', anchorVert='center', antialias=True, autoDraw=False, autoLog=True, bold=False, color=array([1., 1., 1.]), colorSpace='rgb', contrast=1.0, depth=0.0, draggable=False, flipHoriz=False, flipVert=False, font='Arial', fontFiles=[], height=0.1, italic=False, languageStyle='LTR', name='instructionsSI', opacity=1, ori=0.0, pos=array([0., 0.]), rgb=UNKNOWN, text=str(...), units='norm', win=Window(...), wrapWidth=1.8)
4.3716 	EXP 	Created fix_rand = TextStim(__class__=<class 'psychopy.visual.text.TextStim'>, alignHoriz=method-wrapper(...), alignText='center', alignVert=method-wrapper(...), anchorHoriz='center', anchorVert='center', antialias=True, autoDraw=False, autoLog=True, bold=False, color=array([1., 1., 1.]), colorSpace='rgb', contrast=1.0, depth=0.0, draggable=False, flipHoriz=False, flipVert=False, font='Open Sans', fontFiles=[], height=0.1, italic=False, languageStyle='LTR', name='fix_rand', opacity=1, ori=0.0, pos=array([0., 0.]), rgb=UNKNOWN, text='+', units='height', win=Window(...), wrapWidth=1)
4.3720 	EXP 	Created stimSI = TextStim(__class__=<class 'psychopy.visual.text.TextStim'>, alignHoriz=method-wrapper(...), alignText='center', alignVert=method-wrapper(...), anchorHoriz='center', anchorVert='center', antialias=True, autoDraw=False, autoLog=True, bold=False, color=array([1., 1., 1.]), colorSpace='rgb', contrast=1.0, depth=0.0, draggable=False, flipHoriz=False, flipVert=False, font='Arial', fontFiles=[], height=0.05, italic=False, languageStyle='LTR', name='stimSI', opacity=1, ori=0.0, pos=array([0., 0.]), rgb=UNKNOWN, text='', units='height', win=Window(...), wrapWidth=1)
4.3767 	EXP 	Created text_norm_3 = TextStim(__class__=<class 'psychopy.visual.text.TextStim'>, alignHoriz=method-wrapper(...), alignText='center', alignVert=method-wrapper(...), anchorHoriz='center', anchorVert='center', antialias=True, autoDraw=False, autoLog=True, bold=False, color=array([1., 1., 1.]), colorSpace='rgb', contrast=1.0, depth=0.0, draggable=False, flipHoriz=False, flipVert=False, font='Arial', fontFiles=[], height=0.1, italic=False, languageStyle='LTR', name='text_norm_3', opacity=1, ori=0.0, pos=array([0., 0.]), rgb=UNKNOWN, text=str(...), units='norm', win=Window(...), wrapWidth=1.8)
4.3777 	EXP 	Created fix_rand = TextStim(__class__=<class 'psychopy.visual.text.TextStim'>, alignHoriz=method-wrapper(...), alignText='center', alignVert=method-wrapper(...), anchorHoriz='center', anchorVert='center', antialias=True, autoDraw=False, autoLog=True, bold=False, color=array([1., 1., 1.]), colorSpace='rgb', contrast=1.0, depth=0.0, draggable=False, flipHoriz=False, flipVert=False, font='Open Sans', fontFiles=[], height=0.1, italic=False, languageStyle='LTR', name='fix_rand', opacity=1, ori=0.0, pos=array([0., 0.]), rgb=UNKNOWN, text='+', units='height', win=Window(...), wrapWidth=1)
4.3831 	EXP 	Created savingText = TextStim(__class__=<class 'psychopy.visual.text.TextStim'>, alignHoriz=method-wrapper(...), alignText='center', alignVert=method-wrapper(...), anchorHoriz='center', anchorVert='center', antialias=True, autoDraw=False, autoLog=True, bold=False, color=array([1., 1., 1.]), colorSpace='rgb', contrast=1.0, depth=-1.0, draggable=False, flipHoriz=False, flipVert=False, font='Arial', fontFiles=[], height=0.1, italic=False, languageStyle='LTR', name='savingText', opacity=1, ori=0.0, pos=array([0., 0.]), rgb=UNKNOWN, text=str(...), units='norm', win=Window(...), wrapWidth=1.8)
0.0320 	INFO 	Keyboard events cleared
0.0318 	EXP 	textWelcome: autoDraw = True
78.3755 	DATA 	Keypress: space
78.3896 	INFO 	Keyboard events cleared
78.3894 	EXP 	textWelcome: autoDraw = False
78.3894 	EXP 	instructionsSI: autoDraw = True
79.4216 	DEBUG 	Read excel file with openpyxl: resources/stimuliMainTask.xlsx
79.4238 	EXP 	Imported resources/stimuliMainTask.xlsx as conditions, 44 conditions, 7 params
79.4262 	EXP 	New trial (rep=0, index=0): <Trial 0 (0 in rep 0) data={'id': 43, 'scale_term': 'poli/pressé', 'scale_type': None, 'condition': 'filler-false', 'speaker': 'Paul', 'sentence': 'le propriétaire est poli', 'negation': "le propriétaire n'est pas pressé", 'thisN': 0, 'thisTrialN': 0, 'thisRepN': 0}>
79.4275 	DATA 	Keypress: space
79.4319 	EXP 	instructionsSI: autoDraw = False
79.4319 	EXP 	fix_rand: autoDraw = True
80.5327 	INFO 	Keyboard events cleared
80.5325 	EXP 	fix_rand: autoDraw = False
80.5325 	EXP 	fix_rand: autoDraw = False
80.5325 	EXP 	stimSI: height = 0.05
80.5325 	EXP 	stimSI: height = 0.05
80.5325 	EXP 	stimSI: height = 0.05
80.5325 	EXP 	stimSI: text = "Paul dit :  « le propriétaire est poli. »\n\nEst-ce que vous pouvez en conclure que, selon Paul, le propriétaire n'est pas pressé ?"
80.5325 	EXP 	stimSI: autoDraw = True
90.6349 	DATA 	Keypress: escape
90.6962 	EXP 	scalar-implicatures: status = STOPPED
90.6992 	EXP 	stimSI: autoDraw = False
90.7002 	EXP 	scalar-implicatures: status = STOPPED
90.7018 	INFO 	saved data to 'C:\\Users\\medej\\Desktop\\EXP Semantics Pragmatics\\data/823432_scalar-implicatures_2025-04-08_13h50.44.256.csv'
90.7024 	INFO 	saved data to C:\Users\medej\Desktop\EXP Semantics Pragmatics\data/823432_scalar-implicatures_2025-04-08_13h50.44.256.psydat
90.9307 	DEBUG 	Saving data for scalar-implicatures ExperimentHandler
