2.7998 	DEBUG 	Fullscreen settings ignored as running in pilot mode.
2.8004 	INFO 	Loaded monitor calibration from ['2025_04_08 12:36']
2.9304 	EXP 	Created window1 = Window(allowGUI=False, allowStencil=False, autoLog=True, backendConf=UNKNOWN, backgroundFit=<method-wrapper '__getattribute__' of attributeSetter object at 0x0000025F03F25960>, backgroundImage=<method-wrapper '__getattribute__' of attributeSetter object at 0x0000025F03F25900>, bitsMode=UNKNOWN, blendMode='avg', bpc=(8, 8, 8), color=array([0, 0, 0]), colorSpace='rgb', depthBits=8, fullscr=False, gamma=None, gammaErrorPolicy='raise', infoMsg=UNKNOWN, lms=UNKNOWN, monitor=<psychopy.monitors.calibTools.Monitor object at 0x0000025F03FDB190>, multiSample=False, name='window1', numSamples=2, pos=[1520.0, 780.0], screen=0, size=array([800, 600]), stencilBits=0, stereo=False, title='PsychoPy', units='height', useFBO=True, useRetina=False, viewOri=0.0, viewPos=None, viewScale=None, waitBlanking=True, winType='pyglet')
2.9304 	EXP 	window1: backgroundImage = ''
2.9304 	EXP 	window1: backgroundFit = 'none'
2.9342 	DEBUG 	TextBox2 loaded 1 chars with 0 blanks and 1 valid
2.9346 	DEBUG 	TextBox2 loaded 1 chars with 0 blanks and 1 valid
2.9351 	DEBUG 	TextBox2 loaded 1 chars with 0 blanks and 1 valid
2.9356 	DEBUG 	TextBox2 loaded 1 chars with 0 blanks and 1 valid
2.9361 	DEBUG 	TextBox2 loaded 1 chars with 0 blanks and 1 valid
2.9363 	DEBUG 	TextBox2 loaded 1 chars with 0 blanks and 1 valid
2.9367 	DEBUG 	TextBox2 loaded 1 chars with 0 blanks and 1 valid
2.9373 	DEBUG 	TextBox2 loaded 1 chars with 0 blanks and 1 valid
2.9374 	DEBUG 	TextBox2 loaded 1 chars with 0 blanks and 1 valid
2.9376 	DEBUG 	TextBox2 loaded 1 chars with 0 blanks and 1 valid
2.9380 	DEBUG 	TextBox2 loaded 1 chars with 0 blanks and 1 valid
2.9384 	DEBUG 	TextBox2 loaded 1 chars with 0 blanks and 1 valid
2.9388 	DEBUG 	TextBox2 loaded 1 chars with 0 blanks and 1 valid
2.9392 	DEBUG 	TextBox2 loaded 1 chars with 0 blanks and 1 valid
2.9395 	DEBUG 	TextBox2 loaded 1 chars with 0 blanks and 1 valid
2.9399 	DEBUG 	TextBox2 loaded 1 chars with 0 blanks and 1 valid
2.9403 	DEBUG 	TextBox2 loaded 1 chars with 0 blanks and 1 valid
2.9405 	DEBUG 	TextBox2 loaded 1 chars with 0 blanks and 1 valid
2.9408 	DEBUG 	TextBox2 loaded 1 chars with 0 blanks and 1 valid
2.9413 	DEBUG 	TextBox2 loaded 1 chars with 0 blanks and 1 valid
2.9416 	DEBUG 	TextBox2 loaded 1 chars with 0 blanks and 1 valid
2.9417 	DEBUG 	Uploading Texture Font fontname to graphics card
2.9432 	DEBUG 	Upload of Texture Font fontname complete
2.9462 	DEBUG 	TextBox2 loaded 1 chars with 0 blanks and 1 valid
2.9467 	DEBUG 	TextBox2 loaded 1 chars with 0 blanks and 1 valid
2.9473 	DEBUG 	TextBox2 loaded 1 chars with 0 blanks and 1 valid
2.9475 	DEBUG 	Uploading Texture Font fontname to graphics card
2.9479 	DEBUG 	Upload of Texture Font fontname complete
2.9491 	EXP 	window1: Attempting to measure frame rate of screen (0) ...
2.9491 	EXP 	window1: recordFrameIntervals = False
3.1066 	EXP 	window1: recordFrameIntervals = True
3.2898 	EXP 	Screen (0) actual frame rate measured at 60.07Hz
3.2898 	EXP 	window1: recordFrameIntervals = False
3.2928 	DEBUG 	TextBox2 loaded 1 chars with 0 blanks and 1 valid
3.2931 	DEBUG 	TextBox2 loaded 1 chars with 0 blanks and 1 valid
3.2935 	DEBUG 	TextBox2 loaded 1 chars with 0 blanks and 1 valid
3.2941 	DEBUG 	TextBox2 loaded 1 chars with 0 blanks and 1 valid
3.2946 	DEBUG 	TextBox2 loaded 1 chars with 0 blanks and 1 valid
3.2952 	DEBUG 	TextBox2 loaded 1 chars with 0 blanks and 1 valid
3.2954 	DEBUG 	TextBox2 loaded 1 chars with 0 blanks and 1 valid
3.2959 	DEBUG 	TextBox2 loaded 1 chars with 0 blanks and 1 valid
3.2964 	DEBUG 	TextBox2 loaded 1 chars with 0 blanks and 1 valid
3.2969 	DEBUG 	TextBox2 loaded 1 chars with 0 blanks and 1 valid
3.2971 	DEBUG 	Uploading Texture Font fontname to graphics card
3.2974 	DEBUG 	Upload of Texture Font fontname complete
3.3025 	WARNING 	launchHubServer: If using the iohub mouse or eyetracker devices, fullScr should be True.
4.1409 	INFO 	keyboard.Keyboard is using iohub backend.
4.1409 	INFO 	keyboard.Keyboard is using iohub backend.
4.1409 	INFO 	keyboard.Keyboard is using iohub backend.
4.1409 	INFO 	keyboard.Keyboard is using iohub backend.
4.1409 	INFO 	keyboard.Keyboard is using iohub backend.
4.1409 	EXP 	scalar-implicatures: status = STARTED
4.1711 	EXP 	Created textWelcome = TextStim(__class__=<class 'psychopy.visual.text.TextStim'>, alignHoriz=method-wrapper(...), alignText='center', alignVert=method-wrapper(...), anchorHoriz='center', anchorVert='center', antialias=True, autoDraw=False, autoLog=True, bold=False, color=array([1., 1., 1.]), colorSpace='rgb', contrast=1.0, depth=0.0, draggable=False, flipHoriz=False, flipVert=False, font='Arial', fontFiles=[], height=0.1, italic=False, languageStyle='LTR', name='textWelcome', opacity=1, ori=0.0, pos=array([0., 0.]), rgb=UNKNOWN, text=str(...), units='norm', win=Window(...), wrapWidth=1.8)
4.1756 	EXP 	Created instructionsSI = TextStim(__class__=<class 'psychopy.visual.text.TextStim'>, alignHoriz=method-wrapper(...), alignText='center', alignVert=method-wrapper(...), anchorHoriz='center', anchorVert='center', antialias=True, autoDraw=False, autoLog=True, bold=False, color=array([1., 1., 1.]), colorSpace='rgb', contrast=1.0, depth=0.0, draggable=False, flipHoriz=False, flipVert=False, font='Arial', fontFiles=[], height=0.1, italic=False, languageStyle='LTR', name='instructionsSI', opacity=1, ori=0.0, pos=array([0., 0.]), rgb=UNKNOWN, text=str(...), units='norm', win=Window(...), wrapWidth=1.8)
4.1782 	EXP 	Created fix_rand = TextStim(__class__=<class 'psychopy.visual.text.TextStim'>, alignHoriz=method-wrapper(...), alignText='center', alignVert=method-wrapper(...), anchorHoriz='center', anchorVert='center', antialias=True, autoDraw=False, autoLog=True, bold=False, color=array([1., 1., 1.]), colorSpace='rgb', contrast=1.0, depth=0.0, draggable=False, flipHoriz=False, flipVert=False, font='Open Sans', fontFiles=[], height=0.1, italic=False, languageStyle='LTR', name='fix_rand', opacity=1, ori=0.0, pos=array([0., 0.]), rgb=UNKNOWN, text='+', units='height', win=Window(...), wrapWidth=1)
4.1909 	DEBUG 	Saving data for scalar-implicatures ExperimentHandler
4.1913 	INFO 	saved data to C:\Users\medej\Desktop\EXP Semantics Pragmatics\data/952220_scalar-implicatures_2025-04-08_14h02.44.608.psydat
4.1916 	INFO 	saved data to 'C:\\Users\\medej\\Desktop\\EXP Semantics Pragmatics\\data/952220_scalar-implicatures_2025-04-08_14h02.44.608.csv'
